<?xml version="1.0" encoding="ISO-8859-1" ?>
<link_info>
   <banner>TI ARM Linker Unix v18.1.4.LTS</banner>
   <copyright>Copyright (c) 1996-2018 Texas Instruments Incorporated</copyright>
   <link_time>0x5c800b3c</link_time>
   <link_errors>0x0</link_errors>
   <output_file>Practica2_PAE.out</output_file>
   <entry_point>
      <name>_c_int00_noargs</name>
      <address>0x4141</address>
   </entry_point>
   <input_file_list>
      <input_file id="fl-1">
         <path>./</path>
         <kind>object</kind>
         <file>main.obj</file>
         <name>main.obj</name>
      </input_file>
      <input_file id="fl-2">
         <path>./</path>
         <kind>object</kind>
         <file>startup_msp432p401r_ccs.obj</file>
         <name>startup_msp432p401r_ccs.obj</name>
      </input_file>
      <input_file id="fl-3">
         <path>./</path>
         <kind>object</kind>
         <file>system_msp432p401r.obj</file>
         <name>system_msp432p401r.obj</name>
      </input_file>
      <input_file id="fl-8">
         <kind>object</kind>
         <file>&lt;internal&gt;</file>
         <name>&lt;internal&gt;</name>
      </input_file>
      <input_file id="fl-9">
         <path>../</path>
         <kind>archive</kind>
         <file>lib_PAE2.lib</file>
         <name>Inicializacion.obj</name>
      </input_file>
      <input_file id="fl-a">
         <path>../</path>
         <kind>archive</kind>
         <file>lib_PAE2.lib</file>
         <name>lcd.obj</name>
      </input_file>
      <input_file id="fl-b">
         <path>../</path>
         <kind>archive</kind>
         <file>lib_PAE2.lib</file>
         <name>msp_LCD.obj</name>
      </input_file>
      <input_file id="fl-c">
         <path>../</path>
         <kind>archive</kind>
         <file>lib_PAE2.lib</file>
         <name>graphics.obj</name>
      </input_file>
      <input_file id="fl-c2">
         <path>/Applications/ti/ccsv8/tools/compiler/ti-cgt-arm_18.1.4.LTS/lib/</path>
         <kind>archive</kind>
         <file>rtsv7M4_T_le_v4SPD16_eabi.lib</file>
         <name>memcpy_t2.asm.obj</name>
      </input_file>
      <input_file id="fl-c3">
         <path>/Applications/ti/ccsv8/tools/compiler/ti-cgt-arm_18.1.4.LTS/lib/</path>
         <kind>archive</kind>
         <file>rtsv7M4_T_le_v4SPD16_eabi.lib</file>
         <name>copy_zero_init.c.obj</name>
      </input_file>
      <input_file id="fl-c4">
         <path>/Applications/ti/ccsv8/tools/compiler/ti-cgt-arm_18.1.4.LTS/lib/</path>
         <kind>archive</kind>
         <file>rtsv7M4_T_le_v4SPD16_eabi.lib</file>
         <name>copy_decompress_none.c.obj</name>
      </input_file>
      <input_file id="fl-c5">
         <path>/Applications/ti/ccsv8/tools/compiler/ti-cgt-arm_18.1.4.LTS/lib/</path>
         <kind>archive</kind>
         <file>rtsv7M4_T_le_v4SPD16_eabi.lib</file>
         <name>copy_decompress_lzss.c.obj</name>
      </input_file>
      <input_file id="fl-c6">
         <path>/Applications/ti/ccsv8/tools/compiler/ti-cgt-arm_18.1.4.LTS/lib/</path>
         <kind>archive</kind>
         <file>rtsv7M4_T_le_v4SPD16_eabi.lib</file>
         <name>boot_cortex_m.c.obj</name>
      </input_file>
      <input_file id="fl-c7">
         <path>/Applications/ti/ccsv8/tools/compiler/ti-cgt-arm_18.1.4.LTS/lib/</path>
         <kind>archive</kind>
         <file>rtsv7M4_T_le_v4SPD16_eabi.lib</file>
         <name>exit.c.obj</name>
      </input_file>
      <input_file id="fl-c8">
         <path>/Applications/ti/ccsv8/tools/compiler/ti-cgt-arm_18.1.4.LTS/lib/</path>
         <kind>archive</kind>
         <file>rtsv7M4_T_le_v4SPD16_eabi.lib</file>
         <name>_lock.c.obj</name>
      </input_file>
      <input_file id="fl-c9">
         <path>/Applications/ti/ccsv8/tools/compiler/ti-cgt-arm_18.1.4.LTS/lib/</path>
         <kind>archive</kind>
         <file>rtsv7M4_T_le_v4SPD16_eabi.lib</file>
         <name>args_main.c.obj</name>
      </input_file>
      <input_file id="fl-ca">
         <path>/Applications/ti/ccsv8/tools/compiler/ti-cgt-arm_18.1.4.LTS/lib/</path>
         <kind>archive</kind>
         <file>rtsv7M4_T_le_v4SPD16_eabi.lib</file>
         <name>sprintf.c.obj</name>
      </input_file>
      <input_file id="fl-cb">
         <path>/Applications/ti/ccsv8/tools/compiler/ti-cgt-arm_18.1.4.LTS/lib/</path>
         <kind>archive</kind>
         <file>rtsv7M4_T_le_v4SPD16_eabi.lib</file>
         <name>memset_t2.asm.obj</name>
      </input_file>
      <input_file id="fl-cc">
         <path>/Applications/ti/ccsv8/tools/compiler/ti-cgt-arm_18.1.4.LTS/lib/</path>
         <kind>archive</kind>
         <file>rtsv7M4_T_le_v4SPD16_eabi.lib</file>
         <name>autoinit.c.obj</name>
      </input_file>
      <input_file id="fl-cd">
         <path>/Applications/ti/ccsv8/tools/compiler/ti-cgt-arm_18.1.4.LTS/lib/</path>
         <kind>archive</kind>
         <file>rtsv7M4_T_le_v4SPD16_eabi.lib</file>
         <name>pre_init.c.obj</name>
      </input_file>
      <input_file id="fl-ce">
         <path>/Applications/ti/ccsv8/tools/compiler/ti-cgt-arm_18.1.4.LTS/lib/</path>
         <kind>archive</kind>
         <file>rtsv7M4_T_le_v4SPD16_eabi.lib</file>
         <name>cpy_tbl.c.obj</name>
      </input_file>
      <input_file id="fl-cf">
         <path>/Applications/ti/ccsv8/tools/compiler/ti-cgt-arm_18.1.4.LTS/lib/</path>
         <kind>archive</kind>
         <file>rtsv7M4_T_le_v4SPD16_eabi.lib</file>
         <name>_printfi.c.obj</name>
      </input_file>
      <input_file id="fl-d0">
         <path>/Applications/ti/ccsv8/tools/compiler/ti-cgt-arm_18.1.4.LTS/lib/</path>
         <kind>archive</kind>
         <file>rtsv7M4_T_le_v4SPD16_eabi.lib</file>
         <name>atoi.c.obj</name>
      </input_file>
      <input_file id="fl-d1">
         <path>/Applications/ti/ccsv8/tools/compiler/ti-cgt-arm_18.1.4.LTS/lib/</path>
         <kind>archive</kind>
         <file>rtsv7M4_T_le_v4SPD16_eabi.lib</file>
         <name>ctype.c.obj</name>
      </input_file>
      <input_file id="fl-d2">
         <path>/Applications/ti/ccsv8/tools/compiler/ti-cgt-arm_18.1.4.LTS/lib/</path>
         <kind>archive</kind>
         <file>rtsv7M4_T_le_v4SPD16_eabi.lib</file>
         <name>ltoa.c.obj</name>
      </input_file>
      <input_file id="fl-d3">
         <path>/Applications/ti/ccsv8/tools/compiler/ti-cgt-arm_18.1.4.LTS/lib/</path>
         <kind>archive</kind>
         <file>rtsv7M4_T_le_v4SPD16_eabi.lib</file>
         <name>memccpy.c.obj</name>
      </input_file>
      <input_file id="fl-d4">
         <path>/Applications/ti/ccsv8/tools/compiler/ti-cgt-arm_18.1.4.LTS/lib/</path>
         <kind>archive</kind>
         <file>rtsv7M4_T_le_v4SPD16_eabi.lib</file>
         <name>strchr.c.obj</name>
      </input_file>
      <input_file id="fl-d5">
         <path>/Applications/ti/ccsv8/tools/compiler/ti-cgt-arm_18.1.4.LTS/lib/</path>
         <kind>archive</kind>
         <file>rtsv7M4_T_le_v4SPD16_eabi.lib</file>
         <name>strlen.c.obj</name>
      </input_file>
      <input_file id="fl-d6">
         <path>/Applications/ti/ccsv8/tools/compiler/ti-cgt-arm_18.1.4.LTS/lib/</path>
         <kind>archive</kind>
         <file>rtsv7M4_T_le_v4SPD16_eabi.lib</file>
         <name>wcslen.c.obj</name>
      </input_file>
      <input_file id="fl-d7">
         <path>/Applications/ti/ccsv8/tools/compiler/ti-cgt-arm_18.1.4.LTS/lib/</path>
         <kind>archive</kind>
         <file>rtsv7M4_T_le_v4SPD16_eabi.lib</file>
         <name>s_frexp.c.obj</name>
      </input_file>
      <input_file id="fl-d8">
         <path>/Applications/ti/ccsv8/tools/compiler/ti-cgt-arm_18.1.4.LTS/lib/</path>
         <kind>archive</kind>
         <file>rtsv7M4_T_le_v4SPD16_eabi.lib</file>
         <name>s_scalbn.c.obj</name>
      </input_file>
      <input_file id="fl-d9">
         <path>/Applications/ti/ccsv8/tools/compiler/ti-cgt-arm_18.1.4.LTS/lib/</path>
         <kind>archive</kind>
         <file>rtsv7M4_T_le_v4SPD16_eabi.lib</file>
         <name>fd_add_t2.asm.obj</name>
      </input_file>
      <input_file id="fl-da">
         <path>/Applications/ti/ccsv8/tools/compiler/ti-cgt-arm_18.1.4.LTS/lib/</path>
         <kind>archive</kind>
         <file>rtsv7M4_T_le_v4SPD16_eabi.lib</file>
         <name>fd_cmp_t2.asm.obj</name>
      </input_file>
      <input_file id="fl-db">
         <path>/Applications/ti/ccsv8/tools/compiler/ti-cgt-arm_18.1.4.LTS/lib/</path>
         <kind>archive</kind>
         <file>rtsv7M4_T_le_v4SPD16_eabi.lib</file>
         <name>fd_div_t2.asm.obj</name>
      </input_file>
      <input_file id="fl-dc">
         <path>/Applications/ti/ccsv8/tools/compiler/ti-cgt-arm_18.1.4.LTS/lib/</path>
         <kind>archive</kind>
         <file>rtsv7M4_T_le_v4SPD16_eabi.lib</file>
         <name>fd_mul_t2.asm.obj</name>
      </input_file>
      <input_file id="fl-dd">
         <path>/Applications/ti/ccsv8/tools/compiler/ti-cgt-arm_18.1.4.LTS/lib/</path>
         <kind>archive</kind>
         <file>rtsv7M4_T_le_v4SPD16_eabi.lib</file>
         <name>fd_toi_t2.asm.obj</name>
      </input_file>
      <input_file id="fl-de">
         <path>/Applications/ti/ccsv8/tools/compiler/ti-cgt-arm_18.1.4.LTS/lib/</path>
         <kind>archive</kind>
         <file>rtsv7M4_T_le_v4SPD16_eabi.lib</file>
         <name>i_tofd_t2.asm.obj</name>
      </input_file>
      <input_file id="fl-df">
         <path>/Applications/ti/ccsv8/tools/compiler/ti-cgt-arm_18.1.4.LTS/lib/</path>
         <kind>archive</kind>
         <file>rtsv7M4_T_le_v4SPD16_eabi.lib</file>
         <name>ull_div_t2.asm.obj</name>
      </input_file>
      <input_file id="fl-e0">
         <path>/Applications/ti/ccsv8/tools/compiler/ti-cgt-arm_18.1.4.LTS/lib/</path>
         <kind>archive</kind>
         <file>rtsv7M4_T_le_v4SPD16_eabi.lib</file>
         <name>errno.c.obj</name>
      </input_file>
      <input_file id="fl-e1">
         <path>/Applications/ti/ccsv8/tools/compiler/ti-cgt-arm_18.1.4.LTS/lib/</path>
         <kind>archive</kind>
         <file>rtsv7M4_T_le_v4SPD16_eabi.lib</file>
         <name>s_copysign.c.obj</name>
      </input_file>
      <input_file id="fl-e2">
         <path>/Applications/ti/ccsv8/tools/compiler/ti-cgt-arm_18.1.4.LTS/lib/</path>
         <kind>archive</kind>
         <file>rtsv7M4_T_le_v4SPD16_eabi.lib</file>
         <name>div0.asm.obj</name>
      </input_file>
   </input_file_list>
   <object_component_list>
      <object_component id="oc-23">
         <name>.intvecs:retain</name>
         <load_address>0x0</load_address>
         <run_address>0x0</run_address>
         <size>0xe4</size>
         <input_file_ref idref="fl-2"/>
      </object_component>
      <object_component id="oc-12f">
         <name>.text</name>
         <load_address>0xe4</load_address>
         <run_address>0xe4</run_address>
         <size>0x104c</size>
         <input_file_ref idref="fl-c"/>
      </object_component>
      <object_component id="oc-143">
         <name>.text:__TI_printfi</name>
         <load_address>0x1130</load_address>
         <run_address>0x1130</run_address>
         <size>0xa5e</size>
         <input_file_ref idref="fl-cf"/>
      </object_component>
      <object_component id="oc-2d4">
         <name>.text</name>
         <load_address>0x1b8e</load_address>
         <run_address>0x1b8e</run_address>
         <size>0x2</size>
         <input_file_ref idref="fl-e2"/>
      </object_component>
      <object_component id="oc-a9">
         <name>.text</name>
         <load_address>0x1b90</load_address>
         <run_address>0x1b90</run_address>
         <size>0x8a8</size>
         <input_file_ref idref="fl-a"/>
      </object_component>
      <object_component id="oc-6a">
         <name>.text</name>
         <load_address>0x2438</load_address>
         <run_address>0x2438</run_address>
         <size>0x53c</size>
         <input_file_ref idref="fl-1"/>
      </object_component>
      <object_component id="oc-a2">
         <name>.text</name>
         <load_address>0x2974</load_address>
         <run_address>0x2974</run_address>
         <size>0x334</size>
         <input_file_ref idref="fl-3"/>
      </object_component>
      <object_component id="oc-1e2">
         <name>.text:_pconv_a</name>
         <load_address>0x2ca8</load_address>
         <run_address>0x2ca8</run_address>
         <size>0x270</size>
         <input_file_ref idref="fl-cf"/>
      </object_component>
      <object_component id="oc-1d0">
         <name>.text:_pconv_g</name>
         <load_address>0x2f18</load_address>
         <run_address>0x2f18</run_address>
         <size>0x1d0</size>
         <input_file_ref idref="fl-cf"/>
      </object_component>
      <object_component id="oc-265">
         <name>.text</name>
         <load_address>0x30e8</load_address>
         <run_address>0x30e8</run_address>
         <size>0x1b6</size>
         <input_file_ref idref="fl-d9"/>
      </object_component>
      <object_component id="oc-126">
         <name>.text</name>
         <load_address>0x32a0</load_address>
         <run_address>0x32a0</run_address>
         <size>0x188</size>
         <input_file_ref idref="fl-b"/>
      </object_component>
      <object_component id="oc-1dc">
         <name>.text:_pconv_e</name>
         <load_address>0x3428</load_address>
         <run_address>0x3428</run_address>
         <size>0x13c</size>
         <input_file_ref idref="fl-cf"/>
      </object_component>
      <object_component id="oc-24b">
         <name>.text</name>
         <load_address>0x3564</load_address>
         <run_address>0x3564</run_address>
         <size>0x136</size>
         <input_file_ref idref="fl-db"/>
      </object_component>
      <object_component id="oc-277">
         <name>.text:fcvt</name>
         <load_address>0x369c</load_address>
         <run_address>0x369c</run_address>
         <size>0x124</size>
         <input_file_ref idref="fl-cf"/>
      </object_component>
      <object_component id="oc-28b">
         <name>.text:scalbn</name>
         <load_address>0x37c0</load_address>
         <run_address>0x37c0</run_address>
         <size>0x110</size>
         <input_file_ref idref="fl-d8"/>
      </object_component>
      <object_component id="oc-246">
         <name>.text</name>
         <load_address>0x38d0</load_address>
         <run_address>0x38d0</run_address>
         <size>0xfc</size>
         <input_file_ref idref="fl-dc"/>
      </object_component>
      <object_component id="oc-1c5">
         <name>.text:_ltostr</name>
         <load_address>0x39cc</load_address>
         <run_address>0x39cc</run_address>
         <size>0xb1</size>
         <input_file_ref idref="fl-cf"/>
      </object_component>
      <object_component id="oc-34">
         <name>.text</name>
         <load_address>0x3a7e</load_address>
         <run_address>0x3a7e</run_address>
         <size>0x9c</size>
         <input_file_ref idref="fl-c2"/>
      </object_component>
      <object_component id="oc-23f">
         <name>.text</name>
         <load_address>0x3b1a</load_address>
         <run_address>0x3b1a</run_address>
         <size>0x96</size>
         <input_file_ref idref="fl-df"/>
      </object_component>
      <object_component id="oc-1cb">
         <name>.text:__aeabi_cdcmple</name>
         <load_address>0x3bb0</load_address>
         <run_address>0x3bb0</run_address>
         <size>0x86</size>
         <input_file_ref idref="fl-da"/>
      </object_component>
      <object_component id="oc-250">
         <name>.text:__aeabi_cdrcmple</name>
         <load_address>0x3c36</load_address>
         <run_address>0x3c36</run_address>
         <size>0x86</size>
         <input_file_ref idref="fl-da"/>
      </object_component>
      <object_component id="oc-8a">
         <name>.text</name>
         <load_address>0x3cbc</load_address>
         <run_address>0x3cbc</run_address>
         <size>0x7a</size>
         <input_file_ref idref="fl-cb"/>
      </object_component>
      <object_component id="oc-af">
         <name>.text</name>
         <load_address>0x3d38</load_address>
         <run_address>0x3d38</run_address>
         <size>0x78</size>
         <input_file_ref idref="fl-9"/>
      </object_component>
      <object_component id="oc-270">
         <name>.text:_mcpy</name>
         <load_address>0x3db0</load_address>
         <run_address>0x3db0</run_address>
         <size>0x6e</size>
         <input_file_ref idref="fl-cf"/>
      </object_component>
      <object_component id="oc-14">
         <name>.text:decompress:lzss:__TI_decompress_lzss</name>
         <load_address>0x3e1e</load_address>
         <run_address>0x3e1e</run_address>
         <size>0x68</size>
         <input_file_ref idref="fl-c5"/>
      </object_component>
      <object_component id="oc-285">
         <name>.text:frexp</name>
         <load_address>0x3e88</load_address>
         <run_address>0x3e88</run_address>
         <size>0x64</size>
         <input_file_ref idref="fl-d7"/>
      </object_component>
      <object_component id="oc-1d6">
         <name>.text:_pconv_f</name>
         <load_address>0x3eec</load_address>
         <run_address>0x3eec</run_address>
         <size>0x56</size>
         <input_file_ref idref="fl-cf"/>
      </object_component>
      <object_component id="oc-25a">
         <name>.text:ltoa</name>
         <load_address>0x3f42</load_address>
         <run_address>0x3f42</run_address>
         <size>0x54</size>
         <input_file_ref idref="fl-d2"/>
      </object_component>
      <object_component id="oc-26a">
         <name>.text:_ecpy</name>
         <load_address>0x3f96</load_address>
         <run_address>0x3f96</run_address>
         <size>0x52</size>
         <input_file_ref idref="fl-cf"/>
      </object_component>
      <object_component id="oc-1bf">
         <name>.text:atoi</name>
         <load_address>0x3fe8</load_address>
         <run_address>0x3fe8</run_address>
         <size>0x4c</size>
         <input_file_ref idref="fl-d0"/>
      </object_component>
      <object_component id="oc-255">
         <name>.text</name>
         <load_address>0x4034</load_address>
         <run_address>0x4034</run_address>
         <size>0x48</size>
         <input_file_ref idref="fl-dd"/>
      </object_component>
      <object_component id="oc-f0">
         <name>.text:__TI_auto_init_nobinit_nopinit:__TI_auto_init_nobinit_nopinit</name>
         <load_address>0x407c</load_address>
         <run_address>0x407c</run_address>
         <size>0x44</size>
         <input_file_ref idref="fl-cc"/>
      </object_component>
      <object_component id="oc-b5">
         <name>.text:sprintf</name>
         <load_address>0x40c0</load_address>
         <run_address>0x40c0</run_address>
         <size>0x40</size>
         <input_file_ref idref="fl-ca"/>
      </object_component>
      <object_component id="oc-27d">
         <name>.text:_fcpy</name>
         <load_address>0x4100</load_address>
         <run_address>0x4100</run_address>
         <size>0x3e</size>
         <input_file_ref idref="fl-cf"/>
      </object_component>
      <object_component id="oc-52">
         <name>.text:_c_int00_noargs:_c_int00_noargs</name>
         <load_address>0x4140</load_address>
         <run_address>0x4140</run_address>
         <size>0x38</size>
         <input_file_ref idref="fl-c6"/>
      </object_component>
      <object_component id="oc-260">
         <name>.text</name>
         <load_address>0x4178</load_address>
         <run_address>0x4178</run_address>
         <size>0x2e</size>
         <input_file_ref idref="fl-de"/>
      </object_component>
      <object_component id="oc-1e8">
         <name>.text:memccpy</name>
         <load_address>0x41a6</load_address>
         <run_address>0x41a6</run_address>
         <size>0x1c</size>
         <input_file_ref idref="fl-d3"/>
      </object_component>
      <object_component id="oc-149">
         <name>.text:_outs</name>
         <load_address>0x41c2</load_address>
         <run_address>0x41c2</run_address>
         <size>0x18</size>
         <input_file_ref idref="fl-ca"/>
      </object_component>
      <object_component id="oc-291">
         <name>.text:strchr</name>
         <load_address>0x41da</load_address>
         <run_address>0x41da</run_address>
         <size>0x16</size>
         <input_file_ref idref="fl-d4"/>
      </object_component>
      <object_component id="oc-2ed">
         <name>.text:copysign</name>
         <load_address>0x41f0</load_address>
         <run_address>0x41f0</run_address>
         <size>0x14</size>
         <input_file_ref idref="fl-e1"/>
      </object_component>
      <object_component id="oc-1b9">
         <name>.text:strlen</name>
         <load_address>0x4204</load_address>
         <run_address>0x4204</run_address>
         <size>0x14</size>
         <input_file_ref idref="fl-d5"/>
      </object_component>
      <object_component id="oc-1ee">
         <name>.text:wcslen</name>
         <load_address>0x4218</load_address>
         <run_address>0x4218</run_address>
         <size>0x12</size>
         <input_file_ref idref="fl-d6"/>
      </object_component>
      <object_component id="oc-1a">
         <name>.text:decompress:none:__TI_decompress_none</name>
         <load_address>0x422a</load_address>
         <run_address>0x422a</run_address>
         <size>0xe</size>
         <input_file_ref idref="fl-c4"/>
      </object_component>
      <object_component id="oc-64">
         <name>.text</name>
         <load_address>0x4238</load_address>
         <run_address>0x4238</run_address>
         <size>0xe</size>
         <input_file_ref idref="fl-2"/>
      </object_component>
      <object_component id="oc-46">
         <name>.text:decompress:ZI:__TI_zero_init</name>
         <load_address>0x4246</load_address>
         <run_address>0x4246</run_address>
         <size>0xc</size>
         <input_file_ref idref="fl-c3"/>
      </object_component>
      <object_component id="oc-14f">
         <name>.text:_outc</name>
         <load_address>0x4252</load_address>
         <run_address>0x4252</run_address>
         <size>0xa</size>
         <input_file_ref idref="fl-ca"/>
      </object_component>
      <object_component id="oc-1f4">
         <name>.text:__aeabi_errno_addr</name>
         <load_address>0x425c</load_address>
         <run_address>0x425c</run_address>
         <size>0x8</size>
         <input_file_ref idref="fl-e0"/>
      </object_component>
      <object_component id="oc-90">
         <name>.text:_system_pre_init</name>
         <load_address>0x4264</load_address>
         <run_address>0x4264</run_address>
         <size>0x4</size>
         <input_file_ref idref="fl-cd"/>
      </object_component>
      <object_component id="oc-e4">
         <name>.text:abort:abort</name>
         <load_address>0x4268</load_address>
         <run_address>0x4268</run_address>
         <size>0x4</size>
         <input_file_ref idref="fl-c7"/>
      </object_component>
      <object_component id="oc-19e">
         <name>.const:font_11x16</name>
         <load_address>0x426c</load_address>
         <run_address>0x426c</run_address>
         <size>0x82a</size>
         <input_file_ref idref="fl-c"/>
      </object_component>
      <object_component id="oc-1a1">
         <name>.const:font_8x12</name>
         <load_address>0x4a96</load_address>
         <run_address>0x4a96</run_address>
         <size>0x474</size>
         <input_file_ref idref="fl-c"/>
      </object_component>
      <object_component id="oc-19b">
         <name>.const:font_5x7</name>
         <load_address>0x4f0a</load_address>
         <run_address>0x4f0a</run_address>
         <size>0x1e0</size>
         <input_file_ref idref="fl-c"/>
      </object_component>
      <object_component id="oc-23a">
         <name>.const:.string:_ctypes_</name>
         <load_address>0x50ea</load_address>
         <run_address>0x50ea</run_address>
         <size>0x101</size>
         <input_file_ref idref="fl-d1"/>
      </object_component>
      <object_component id="oc-135">
         <name>.const:.string:$P$T0$1</name>
         <load_address>0x51eb</load_address>
         <run_address>0x51eb</run_address>
         <size>0x10</size>
         <input_file_ref idref="fl-a"/>
      </object_component>
      <object_component id="oc-138">
         <name>.const:.string:$P$T1$2</name>
         <load_address>0x51fb</load_address>
         <run_address>0x51fb</run_address>
         <size>0x10</size>
         <input_file_ref idref="fl-a"/>
      </object_component>
      <object_component id="oc-349">
         <name>.cinit..data.load</name>
         <load_address>0x5210</load_address>
         <run_address>0x5210</run_address>
         <size>0x37</size>
      </object_component>
      <object_component id="oc-347">
         <name>__TI_handler_table</name>
         <load_address>0x5248</load_address>
         <run_address>0x5248</run_address>
         <size>0xc</size>
      </object_component>
      <object_component id="oc-34a">
         <name>.cinit..bss.load</name>
         <load_address>0x5258</load_address>
         <run_address>0x5258</run_address>
         <size>0x8</size>
      </object_component>
      <object_component id="oc-348">
         <name>__TI_cinit_table</name>
         <load_address>0x5260</load_address>
         <run_address>0x5260</run_address>
         <size>0x10</size>
      </object_component>
      <object_component id="oc-31c">
         <name>.binit</name>
         <load_address>0x0</load_address>
         <run_address>0x0</run_address>
         <size>0x0</size>
      </object_component>
      <object_component id="oc-c1">
         <name>.data:saludo</name>
         <load_address>0x20000420</load_address>
         <run_address>0x20000420</run_address>
         <size>0x10</size>
         <input_file_ref idref="fl-1"/>
      </object_component>
      <object_component id="oc-bb">
         <name>.data:borrado</name>
         <load_address>0x20000410</load_address>
         <run_address>0x20000410</run_address>
         <size>0x10</size>
         <input_file_ref idref="fl-1"/>
      </object_component>
      <object_component id="oc-be">
         <name>.data</name>
         <load_address>0x2000043c</load_address>
         <run_address>0x2000043c</run_address>
         <size>0x8</size>
         <input_file_ref idref="fl-1"/>
      </object_component>
      <object_component id="oc-122">
         <name>.data</name>
         <load_address>0x2000044c</load_address>
         <run_address>0x2000044c</run_address>
         <size>0x4</size>
         <input_file_ref idref="fl-3"/>
      </object_component>
      <object_component id="oc-12c">
         <name>.data</name>
         <load_address>0x20000430</load_address>
         <run_address>0x20000430</run_address>
         <size>0xa</size>
         <input_file_ref idref="fl-a"/>
      </object_component>
      <object_component id="oc-198">
         <name>.data</name>
         <load_address>0x20000444</load_address>
         <run_address>0x20000444</run_address>
         <size>0x4</size>
         <input_file_ref idref="fl-c"/>
      </object_component>
      <object_component id="oc-2a1">
         <name>.data</name>
         <load_address>0x20000448</load_address>
         <run_address>0x20000448</run_address>
         <size>0x4</size>
         <input_file_ref idref="fl-e0"/>
      </object_component>
      <object_component id="oc-1a4">
         <name>.bss:g_pulConvertedPalette</name>
         <uninitialized>true</uninitialized>
         <run_address>0x20000000</run_address>
         <size>0x400</size>
         <input_file_ref idref="fl-c"/>
      </object_component>
      <object_component id="oc-c4">
         <name>.common:cadena</name>
         <uninitialized>true</uninitialized>
         <run_address>0x20000400</run_address>
         <size>0x10</size>
      </object_component>
      <object_component id="oc-26">
         <name>.stack</name>
         <uninitialized>true</uninitialized>
         <run_address>0x2000fe00</run_address>
         <size>0x4</size>
         <input_file_ref idref="fl-c6"/>
      </object_component>
      <object_component id="oc-34b">
         <name>.stack</name>
         <uninitialized>true</uninitialized>
         <run_address>0x2000fe00</run_address>
         <size>0x0</size>
      </object_component>
      <object_component id="oc-c5">
         <name>.debug_info</name>
         <load_address>0x0</load_address>
         <run_address>0x0</run_address>
         <size>0x667</size>
         <input_file_ref idref="fl-1"/>
      </object_component>
      <object_component id="oc-c2">
         <name>.debug_info</name>
         <load_address>0x667</load_address>
         <run_address>0x667</run_address>
         <size>0xd6</size>
         <input_file_ref idref="fl-1"/>
      </object_component>
      <object_component id="oc-bc">
         <name>.debug_info</name>
         <load_address>0x73d</load_address>
         <run_address>0x73d</run_address>
         <size>0xd8</size>
         <input_file_ref idref="fl-1"/>
      </object_component>
      <object_component id="oc-bf">
         <name>.debug_info</name>
         <load_address>0x815</load_address>
         <run_address>0x815</run_address>
         <size>0x13f</size>
         <input_file_ref idref="fl-1"/>
      </object_component>
      <object_component id="oc-6b">
         <name>.debug_info</name>
         <load_address>0x954</load_address>
         <run_address>0x954</run_address>
         <size>0x788</size>
         <input_file_ref idref="fl-1"/>
      </object_component>
      <object_component id="oc-169">
         <name>.debug_info</name>
         <load_address>0x10dc</load_address>
         <run_address>0x10dc</run_address>
         <size>0x1055</size>
         <input_file_ref idref="fl-1"/>
      </object_component>
      <object_component id="oc-cf">
         <name>.debug_info</name>
         <load_address>0x2131</load_address>
         <run_address>0x2131</run_address>
         <size>0x26b</size>
         <input_file_ref idref="fl-1"/>
      </object_component>
      <object_component id="oc-164">
         <name>.debug_info</name>
         <load_address>0x239c</load_address>
         <run_address>0x239c</run_address>
         <size>0x37e2</size>
         <input_file_ref idref="fl-1"/>
      </object_component>
      <object_component id="oc-2f">
         <name>.debug_info</name>
         <load_address>0x5b7e</load_address>
         <run_address>0x5b7e</run_address>
         <size>0x84</size>
         <input_file_ref idref="fl-1"/>
      </object_component>
      <object_component id="oc-16e">
         <name>.debug_info</name>
         <load_address>0x5c02</load_address>
         <run_address>0x5c02</run_address>
         <size>0x297</size>
         <input_file_ref idref="fl-1"/>
      </object_component>
      <object_component id="oc-c8">
         <name>.debug_info</name>
         <load_address>0x5e99</load_address>
         <run_address>0x5e99</run_address>
         <size>0xbb</size>
         <input_file_ref idref="fl-1"/>
      </object_component>
      <object_component id="oc-157">
         <name>.debug_info</name>
         <load_address>0x5f54</load_address>
         <run_address>0x5f54</run_address>
         <size>0x2c</size>
         <input_file_ref idref="fl-1"/>
      </object_component>
      <object_component id="oc-72">
         <name>.debug_info</name>
         <load_address>0x5f80</load_address>
         <run_address>0x5f80</run_address>
         <size>0x2d1</size>
         <input_file_ref idref="fl-2"/>
      </object_component>
      <object_component id="oc-24">
         <name>.debug_info</name>
         <load_address>0x6251</load_address>
         <run_address>0x6251</run_address>
         <size>0xfd</size>
         <input_file_ref idref="fl-2"/>
      </object_component>
      <object_component id="oc-65">
         <name>.debug_info</name>
         <load_address>0x634e</load_address>
         <run_address>0x634e</run_address>
         <size>0x1c4</size>
         <input_file_ref idref="fl-2"/>
      </object_component>
      <object_component id="oc-123">
         <name>.debug_info</name>
         <load_address>0x6512</load_address>
         <run_address>0x6512</run_address>
         <size>0xf6</size>
         <input_file_ref idref="fl-3"/>
      </object_component>
      <object_component id="oc-a3">
         <name>.debug_info</name>
         <load_address>0x6608</load_address>
         <run_address>0x6608</run_address>
         <size>0x268</size>
         <input_file_ref idref="fl-3"/>
      </object_component>
      <object_component id="oc-237">
         <name>.debug_info</name>
         <load_address>0x6870</load_address>
         <run_address>0x6870</run_address>
         <size>0x395</size>
         <input_file_ref idref="fl-9"/>
      </object_component>
      <object_component id="oc-b0">
         <name>.debug_info</name>
         <load_address>0x6c05</load_address>
         <run_address>0x6c05</run_address>
         <size>0x181</size>
         <input_file_ref idref="fl-9"/>
      </object_component>
      <object_component id="oc-2c8">
         <name>.debug_info</name>
         <load_address>0x6d86</load_address>
         <run_address>0x6d86</run_address>
         <size>0x37cd</size>
         <input_file_ref idref="fl-9"/>
      </object_component>
      <object_component id="oc-1b4">
         <name>.debug_info</name>
         <load_address>0xa553</load_address>
         <run_address>0xa553</run_address>
         <size>0x1055</size>
         <input_file_ref idref="fl-9"/>
      </object_component>
      <object_component id="oc-13c">
         <name>.debug_info</name>
         <load_address>0xb5a8</load_address>
         <run_address>0xb5a8</run_address>
         <size>0x18b</size>
         <input_file_ref idref="fl-9"/>
      </object_component>
      <object_component id="oc-141">
         <name>.debug_info</name>
         <load_address>0xb733</load_address>
         <run_address>0xb733</run_address>
         <size>0x689</size>
         <input_file_ref idref="fl-a"/>
      </object_component>
      <object_component id="oc-12d">
         <name>.debug_info</name>
         <load_address>0xbdbc</load_address>
         <run_address>0xbdbc</run_address>
         <size>0x19a</size>
         <input_file_ref idref="fl-a"/>
      </object_component>
      <object_component id="oc-136">
         <name>.debug_info</name>
         <load_address>0xbf56</load_address>
         <run_address>0xbf56</run_address>
         <size>0xc6</size>
         <input_file_ref idref="fl-a"/>
      </object_component>
      <object_component id="oc-139">
         <name>.debug_info</name>
         <load_address>0xc01c</load_address>
         <run_address>0xc01c</run_address>
         <size>0xc6</size>
         <input_file_ref idref="fl-a"/>
      </object_component>
      <object_component id="oc-aa">
         <name>.debug_info</name>
         <load_address>0xc0e2</load_address>
         <run_address>0xc0e2</run_address>
         <size>0x1818</size>
         <input_file_ref idref="fl-a"/>
      </object_component>
      <object_component id="oc-1af">
         <name>.debug_info</name>
         <load_address>0xd8fa</load_address>
         <run_address>0xd8fa</run_address>
         <size>0x37cd</size>
         <input_file_ref idref="fl-a"/>
      </object_component>
      <object_component id="oc-127">
         <name>.debug_info</name>
         <load_address>0x110c7</load_address>
         <run_address>0x110c7</run_address>
         <size>0x28b</size>
         <input_file_ref idref="fl-b"/>
      </object_component>
      <object_component id="oc-1a8">
         <name>.debug_info</name>
         <load_address>0x11352</load_address>
         <run_address>0x11352</run_address>
         <size>0x1f1</size>
         <input_file_ref idref="fl-c"/>
      </object_component>
      <object_component id="oc-19c">
         <name>.debug_info</name>
         <load_address>0x11543</load_address>
         <run_address>0x11543</run_address>
         <size>0xce</size>
         <input_file_ref idref="fl-c"/>
      </object_component>
      <object_component id="oc-1a2">
         <name>.debug_info</name>
         <load_address>0x11611</load_address>
         <run_address>0x11611</run_address>
         <size>0xd0</size>
         <input_file_ref idref="fl-c"/>
      </object_component>
      <object_component id="oc-19f">
         <name>.debug_info</name>
         <load_address>0x116e1</load_address>
         <run_address>0x116e1</run_address>
         <size>0xd2</size>
         <input_file_ref idref="fl-c"/>
      </object_component>
      <object_component id="oc-199">
         <name>.debug_info</name>
         <load_address>0x117b3</load_address>
         <run_address>0x117b3</run_address>
         <size>0x15d</size>
         <input_file_ref idref="fl-c"/>
      </object_component>
      <object_component id="oc-1a5">
         <name>.debug_info</name>
         <load_address>0x11910</load_address>
         <run_address>0x11910</run_address>
         <size>0xe7</size>
         <input_file_ref idref="fl-c"/>
      </object_component>
      <object_component id="oc-130">
         <name>.debug_info</name>
         <load_address>0x119f7</load_address>
         <run_address>0x119f7</run_address>
         <size>0x1a6f</size>
         <input_file_ref idref="fl-c"/>
      </object_component>
      <object_component id="oc-35">
         <name>.debug_info</name>
         <load_address>0x13466</load_address>
         <run_address>0x13466</run_address>
         <size>0x11c</size>
         <input_file_ref idref="fl-c2"/>
      </object_component>
      <object_component id="oc-89">
         <name>.debug_info</name>
         <load_address>0x13582</load_address>
         <run_address>0x13582</run_address>
         <size>0x31e</size>
         <input_file_ref idref="fl-c3"/>
      </object_component>
      <object_component id="oc-47">
         <name>.debug_info</name>
         <load_address>0x138a0</load_address>
         <run_address>0x138a0</run_address>
         <size>0x1b5</size>
         <input_file_ref idref="fl-c3"/>
      </object_component>
      <object_component id="oc-84">
         <name>.debug_info</name>
         <load_address>0x13a55</load_address>
         <run_address>0x13a55</run_address>
         <size>0x46</size>
         <input_file_ref idref="fl-c3"/>
      </object_component>
      <object_component id="oc-db">
         <name>.debug_info</name>
         <load_address>0x13a9b</load_address>
         <run_address>0x13a9b</run_address>
         <size>0x2c</size>
         <input_file_ref idref="fl-c3"/>
      </object_component>
      <object_component id="oc-3f">
         <name>.debug_info</name>
         <load_address>0x13ac7</load_address>
         <run_address>0x13ac7</run_address>
         <size>0x2a8</size>
         <input_file_ref idref="fl-c4"/>
      </object_component>
      <object_component id="oc-1b">
         <name>.debug_info</name>
         <load_address>0x13d6f</load_address>
         <run_address>0x13d6f</run_address>
         <size>0x1ea</size>
         <input_file_ref idref="fl-c4"/>
      </object_component>
      <object_component id="oc-3a">
         <name>.debug_info</name>
         <load_address>0x13f59</load_address>
         <run_address>0x13f59</run_address>
         <size>0x46</size>
         <input_file_ref idref="fl-c4"/>
      </object_component>
      <object_component id="oc-7c">
         <name>.debug_info</name>
         <load_address>0x13f9f</load_address>
         <run_address>0x13f9f</run_address>
         <size>0x2c</size>
         <input_file_ref idref="fl-c4"/>
      </object_component>
      <object_component id="oc-7a">
         <name>.debug_info</name>
         <load_address>0x13fcb</load_address>
         <run_address>0x13fcb</run_address>
         <size>0x29e</size>
         <input_file_ref idref="fl-c5"/>
      </object_component>
      <object_component id="oc-15">
         <name>.debug_info</name>
         <load_address>0x14269</load_address>
         <run_address>0x14269</run_address>
         <size>0x250</size>
         <input_file_ref idref="fl-c5"/>
      </object_component>
      <object_component id="oc-2a">
         <name>.debug_info</name>
         <load_address>0x144b9</load_address>
         <run_address>0x144b9</run_address>
         <size>0x60</size>
         <input_file_ref idref="fl-c5"/>
      </object_component>
      <object_component id="oc-d4">
         <name>.debug_info</name>
         <load_address>0x14519</load_address>
         <run_address>0x14519</run_address>
         <size>0x46</size>
         <input_file_ref idref="fl-c5"/>
      </object_component>
      <object_component id="oc-75">
         <name>.debug_info</name>
         <load_address>0x1455f</load_address>
         <run_address>0x1455f</run_address>
         <size>0x39</size>
         <input_file_ref idref="fl-c5"/>
      </object_component>
      <object_component id="oc-27">
         <name>.debug_info</name>
         <load_address>0x14598</load_address>
         <run_address>0x14598</run_address>
         <size>0x10b</size>
         <input_file_ref idref="fl-c6"/>
      </object_component>
      <object_component id="oc-53">
         <name>.debug_info</name>
         <load_address>0x146a3</load_address>
         <run_address>0x146a3</run_address>
         <size>0x1af</size>
         <input_file_ref idref="fl-c6"/>
      </object_component>
      <object_component id="oc-e5">
         <name>.debug_info</name>
         <load_address>0x14852</load_address>
         <run_address>0x14852</run_address>
         <size>0x122</size>
         <input_file_ref idref="fl-c7"/>
      </object_component>
      <object_component id="oc-156">
         <name>.debug_info</name>
         <load_address>0x14974</load_address>
         <run_address>0x14974</run_address>
         <size>0x333</size>
         <input_file_ref idref="fl-ca"/>
      </object_component>
      <object_component id="oc-b6">
         <name>.debug_info</name>
         <load_address>0x14ca7</load_address>
         <run_address>0x14ca7</run_address>
         <size>0x1d1</size>
         <input_file_ref idref="fl-ca"/>
      </object_component>
      <object_component id="oc-14a">
         <name>.debug_info</name>
         <load_address>0x14e78</load_address>
         <run_address>0x14e78</run_address>
         <size>0x18d</size>
         <input_file_ref idref="fl-ca"/>
      </object_component>
      <object_component id="oc-150">
         <name>.debug_info</name>
         <load_address>0x15005</load_address>
         <run_address>0x15005</run_address>
         <size>0x16d</size>
         <input_file_ref idref="fl-ca"/>
      </object_component>
      <object_component id="oc-2a8">
         <name>.debug_info</name>
         <load_address>0x15172</load_address>
         <run_address>0x15172</run_address>
         <size>0x2c</size>
         <input_file_ref idref="fl-ca"/>
      </object_component>
      <object_component id="oc-8b">
         <name>.debug_info</name>
         <load_address>0x1519e</load_address>
         <run_address>0x1519e</run_address>
         <size>0x14a</size>
         <input_file_ref idref="fl-cb"/>
      </object_component>
      <object_component id="oc-17e">
         <name>.debug_info</name>
         <load_address>0x152e8</load_address>
         <run_address>0x152e8</run_address>
         <size>0x552</size>
         <input_file_ref idref="fl-cc"/>
      </object_component>
      <object_component id="oc-f1">
         <name>.debug_info</name>
         <load_address>0x1583a</load_address>
         <run_address>0x1583a</run_address>
         <size>0x1a6</size>
         <input_file_ref idref="fl-cc"/>
      </object_component>
      <object_component id="oc-21a">
         <name>.debug_info</name>
         <load_address>0x159e0</load_address>
         <run_address>0x159e0</run_address>
         <size>0x39</size>
         <input_file_ref idref="fl-cc"/>
      </object_component>
      <object_component id="oc-2ba">
         <name>.debug_info</name>
         <load_address>0x15a19</load_address>
         <run_address>0x15a19</run_address>
         <size>0x39</size>
         <input_file_ref idref="fl-cc"/>
      </object_component>
      <object_component id="oc-21f">
         <name>.debug_info</name>
         <load_address>0x15a52</load_address>
         <run_address>0x15a52</run_address>
         <size>0x39</size>
         <input_file_ref idref="fl-cc"/>
      </object_component>
      <object_component id="oc-224">
         <name>.debug_info</name>
         <load_address>0x15a8b</load_address>
         <run_address>0x15a8b</run_address>
         <size>0xcd</size>
         <input_file_ref idref="fl-cc"/>
      </object_component>
      <object_component id="oc-91">
         <name>.debug_info</name>
         <load_address>0x15b58</load_address>
         <run_address>0x15b58</run_address>
         <size>0x153</size>
         <input_file_ref idref="fl-cd"/>
      </object_component>
      <object_component id="oc-1fb">
         <name>.debug_info</name>
         <load_address>0x15cab</load_address>
         <run_address>0x15cab</run_address>
         <size>0x8b1</size>
         <input_file_ref idref="fl-cf"/>
      </object_component>
      <object_component id="oc-1c6">
         <name>.debug_info</name>
         <load_address>0x1655c</load_address>
         <run_address>0x1655c</run_address>
         <size>0x21e</size>
         <input_file_ref idref="fl-cf"/>
      </object_component>
      <object_component id="oc-26b">
         <name>.debug_info</name>
         <load_address>0x1677a</load_address>
         <run_address>0x1677a</run_address>
         <size>0x1b3</size>
         <input_file_ref idref="fl-cf"/>
      </object_component>
      <object_component id="oc-271">
         <name>.debug_info</name>
         <load_address>0x1692d</load_address>
         <run_address>0x1692d</run_address>
         <size>0x21b</size>
         <input_file_ref idref="fl-cf"/>
      </object_component>
      <object_component id="oc-1d1">
         <name>.debug_info</name>
         <load_address>0x16b48</load_address>
         <run_address>0x16b48</run_address>
         <size>0x3bb</size>
         <input_file_ref idref="fl-cf"/>
      </object_component>
      <object_component id="oc-278">
         <name>.debug_info</name>
         <load_address>0x16f03</load_address>
         <run_address>0x16f03</run_address>
         <size>0x305</size>
         <input_file_ref idref="fl-cf"/>
      </object_component>
      <object_component id="oc-27e">
         <name>.debug_info</name>
         <load_address>0x17208</load_address>
         <run_address>0x17208</run_address>
         <size>0x215</size>
         <input_file_ref idref="fl-cf"/>
      </object_component>
      <object_component id="oc-1d7">
         <name>.debug_info</name>
         <load_address>0x1741d</load_address>
         <run_address>0x1741d</run_address>
         <size>0x215</size>
         <input_file_ref idref="fl-cf"/>
      </object_component>
      <object_component id="oc-1dd">
         <name>.debug_info</name>
         <load_address>0x17632</load_address>
         <run_address>0x17632</run_address>
         <size>0x304</size>
         <input_file_ref idref="fl-cf"/>
      </object_component>
      <object_component id="oc-1e3">
         <name>.debug_info</name>
         <load_address>0x17936</load_address>
         <run_address>0x17936</run_address>
         <size>0x4b0</size>
         <input_file_ref idref="fl-cf"/>
      </object_component>
      <object_component id="oc-144">
         <name>.debug_info</name>
         <load_address>0x17de6</load_address>
         <run_address>0x17de6</run_address>
         <size>0x5d8</size>
         <input_file_ref idref="fl-cf"/>
      </object_component>
      <object_component id="oc-1fc">
         <name>.debug_info</name>
         <load_address>0x183be</load_address>
         <run_address>0x183be</run_address>
         <size>0x86</size>
         <input_file_ref idref="fl-cf"/>
      </object_component>
      <object_component id="oc-2ad">
         <name>.debug_info</name>
         <load_address>0x18444</load_address>
         <run_address>0x18444</run_address>
         <size>0x39</size>
         <input_file_ref idref="fl-cf"/>
      </object_component>
      <object_component id="oc-304">
         <name>.debug_info</name>
         <load_address>0x1847d</load_address>
         <run_address>0x1847d</run_address>
         <size>0xb6</size>
         <input_file_ref idref="fl-cf"/>
      </object_component>
      <object_component id="oc-2b2">
         <name>.debug_info</name>
         <load_address>0x18533</load_address>
         <run_address>0x18533</run_address>
         <size>0x46</size>
         <input_file_ref idref="fl-cf"/>
      </object_component>
      <object_component id="oc-201">
         <name>.debug_info</name>
         <load_address>0x18579</load_address>
         <run_address>0x18579</run_address>
         <size>0x46</size>
         <input_file_ref idref="fl-cf"/>
      </object_component>
      <object_component id="oc-23e">
         <name>.debug_info</name>
         <load_address>0x185bf</load_address>
         <run_address>0x185bf</run_address>
         <size>0x2b9</size>
         <input_file_ref idref="fl-d0"/>
      </object_component>
      <object_component id="oc-1c0">
         <name>.debug_info</name>
         <load_address>0x18878</load_address>
         <run_address>0x18878</run_address>
         <size>0x17c</size>
         <input_file_ref idref="fl-d0"/>
      </object_component>
      <object_component id="oc-2d1">
         <name>.debug_info</name>
         <load_address>0x189f4</load_address>
         <run_address>0x189f4</run_address>
         <size>0xf9</size>
         <input_file_ref idref="fl-d1"/>
      </object_component>
      <object_component id="oc-23b">
         <name>.debug_info</name>
         <load_address>0x18aed</load_address>
         <run_address>0x18aed</run_address>
         <size>0x105</size>
         <input_file_ref idref="fl-d1"/>
      </object_component>
      <object_component id="oc-2df">
         <name>.debug_info</name>
         <load_address>0x18bf2</load_address>
         <run_address>0x18bf2</run_address>
         <size>0x29b</size>
         <input_file_ref idref="fl-d2"/>
      </object_component>
      <object_component id="oc-25b">
         <name>.debug_info</name>
         <load_address>0x18e8d</load_address>
         <run_address>0x18e8d</run_address>
         <size>0x1cd</size>
         <input_file_ref idref="fl-d2"/>
      </object_component>
      <object_component id="oc-299">
         <name>.debug_info</name>
         <load_address>0x1905a</load_address>
         <run_address>0x1905a</run_address>
         <size>0x296</size>
         <input_file_ref idref="fl-d3"/>
      </object_component>
      <object_component id="oc-1e9">
         <name>.debug_info</name>
         <load_address>0x192f0</load_address>
         <run_address>0x192f0</run_address>
         <size>0x1b6</size>
         <input_file_ref idref="fl-d3"/>
      </object_component>
      <object_component id="oc-2f6">
         <name>.debug_info</name>
         <load_address>0x194a6</load_address>
         <run_address>0x194a6</run_address>
         <size>0x29a</size>
         <input_file_ref idref="fl-d4"/>
      </object_component>
      <object_component id="oc-292">
         <name>.debug_info</name>
         <load_address>0x19740</load_address>
         <run_address>0x19740</run_address>
         <size>0x268</size>
         <input_file_ref idref="fl-d4"/>
      </object_component>
      <object_component id="oc-239">
         <name>.debug_info</name>
         <load_address>0x199a8</load_address>
         <run_address>0x199a8</run_address>
         <size>0x28f</size>
         <input_file_ref idref="fl-d5"/>
      </object_component>
      <object_component id="oc-1ba">
         <name>.debug_info</name>
         <load_address>0x19c37</load_address>
         <run_address>0x19c37</run_address>
         <size>0x24b</size>
         <input_file_ref idref="fl-d5"/>
      </object_component>
      <object_component id="oc-2a0">
         <name>.debug_info</name>
         <load_address>0x19e82</load_address>
         <run_address>0x19e82</run_address>
         <size>0x28f</size>
         <input_file_ref idref="fl-d6"/>
      </object_component>
      <object_component id="oc-1ef">
         <name>.debug_info</name>
         <load_address>0x1a111</load_address>
         <run_address>0x1a111</run_address>
         <size>0x15a</size>
         <input_file_ref idref="fl-d6"/>
      </object_component>
      <object_component id="oc-2f9">
         <name>.debug_info</name>
         <load_address>0x1a26b</load_address>
         <run_address>0x1a26b</run_address>
         <size>0x46</size>
         <input_file_ref idref="fl-d6"/>
      </object_component>
      <object_component id="oc-29b">
         <name>.debug_info</name>
         <load_address>0x1a2b1</load_address>
         <run_address>0x1a2b1</run_address>
         <size>0x39</size>
         <input_file_ref idref="fl-d6"/>
      </object_component>
      <object_component id="oc-2e7">
         <name>.debug_info</name>
         <load_address>0x1a2ea</load_address>
         <run_address>0x1a2ea</run_address>
         <size>0x29a</size>
         <input_file_ref idref="fl-d7"/>
      </object_component>
      <object_component id="oc-286">
         <name>.debug_info</name>
         <load_address>0x1a584</load_address>
         <run_address>0x1a584</run_address>
         <size>0x195</size>
         <input_file_ref idref="fl-d7"/>
      </object_component>
      <object_component id="oc-310">
         <name>.debug_info</name>
         <load_address>0x1a719</load_address>
         <run_address>0x1a719</run_address>
         <size>0x39</size>
         <input_file_ref idref="fl-d7"/>
      </object_component>
      <object_component id="oc-2e8">
         <name>.debug_info</name>
         <load_address>0x1a752</load_address>
         <run_address>0x1a752</run_address>
         <size>0x2c</size>
         <input_file_ref idref="fl-d7"/>
      </object_component>
      <object_component id="oc-2f4">
         <name>.debug_info</name>
         <load_address>0x1a77e</load_address>
         <run_address>0x1a77e</run_address>
         <size>0x2fd</size>
         <input_file_ref idref="fl-d8"/>
      </object_component>
      <object_component id="oc-28e">
         <name>.debug_info</name>
         <load_address>0x1aa7b</load_address>
         <run_address>0x1aa7b</run_address>
         <size>0x225</size>
         <input_file_ref idref="fl-d8"/>
      </object_component>
      <object_component id="oc-266">
         <name>.debug_info</name>
         <load_address>0x1aca0</load_address>
         <run_address>0x1aca0</run_address>
         <size>0x14f</size>
         <input_file_ref idref="fl-d9"/>
      </object_component>
      <object_component id="oc-1cc">
         <name>.debug_info</name>
         <load_address>0x1adef</load_address>
         <run_address>0x1adef</run_address>
         <size>0x12b</size>
         <input_file_ref idref="fl-da"/>
      </object_component>
      <object_component id="oc-251">
         <name>.debug_info</name>
         <load_address>0x1af1a</load_address>
         <run_address>0x1af1a</run_address>
         <size>0x12d</size>
         <input_file_ref idref="fl-da"/>
      </object_component>
      <object_component id="oc-24c">
         <name>.debug_info</name>
         <load_address>0x1b047</load_address>
         <run_address>0x1b047</run_address>
         <size>0x13d</size>
         <input_file_ref idref="fl-db"/>
      </object_component>
      <object_component id="oc-247">
         <name>.debug_info</name>
         <load_address>0x1b184</load_address>
         <run_address>0x1b184</run_address>
         <size>0x13d</size>
         <input_file_ref idref="fl-dc"/>
      </object_component>
      <object_component id="oc-256">
         <name>.debug_info</name>
         <load_address>0x1b2c1</load_address>
         <run_address>0x1b2c1</run_address>
         <size>0x131</size>
         <input_file_ref idref="fl-dd"/>
      </object_component>
      <object_component id="oc-261">
         <name>.debug_info</name>
         <load_address>0x1b3f2</load_address>
         <run_address>0x1b3f2</run_address>
         <size>0x12f</size>
         <input_file_ref idref="fl-de"/>
      </object_component>
      <object_component id="oc-240">
         <name>.debug_info</name>
         <load_address>0x1b521</load_address>
         <run_address>0x1b521</run_address>
         <size>0x137</size>
         <input_file_ref idref="fl-df"/>
      </object_component>
      <object_component id="oc-2a5">
         <name>.debug_info</name>
         <load_address>0x1b658</load_address>
         <run_address>0x1b658</run_address>
         <size>0x289</size>
         <input_file_ref idref="fl-e0"/>
      </object_component>
      <object_component id="oc-2a2">
         <name>.debug_info</name>
         <load_address>0x1b8e1</load_address>
         <run_address>0x1b8e1</run_address>
         <size>0x10e</size>
         <input_file_ref idref="fl-e0"/>
      </object_component>
      <object_component id="oc-1f5">
         <name>.debug_info</name>
         <load_address>0x1b9ef</load_address>
         <run_address>0x1b9ef</run_address>
         <size>0x14e</size>
         <input_file_ref idref="fl-e0"/>
      </object_component>
      <object_component id="oc-2ee">
         <name>.debug_info</name>
         <load_address>0x1bb3d</load_address>
         <run_address>0x1bb3d</run_address>
         <size>0x161</size>
         <input_file_ref idref="fl-e1"/>
      </object_component>
      <object_component id="oc-2d6">
         <name>.debug_info</name>
         <load_address>0x1bc9e</load_address>
         <run_address>0x1bc9e</run_address>
         <size>0x118</size>
         <input_file_ref idref="fl-e2"/>
      </object_component>
      <object_component id="oc-34c">
         <name>.debug_info</name>
         <load_address>0x1bdb6</load_address>
         <run_address>0x1bdb6</run_address>
         <size>0xac</size>
      </object_component>
      <object_component id="oc-163">
         <name>.debug_line</name>
         <load_address>0x0</load_address>
         <run_address>0x0</run_address>
         <size>0x8d</size>
         <input_file_ref idref="fl-1"/>
      </object_component>
      <object_component id="oc-161">
         <name>.debug_line</name>
         <load_address>0x8d</load_address>
         <run_address>0x8d</run_address>
         <size>0x2d</size>
         <input_file_ref idref="fl-1"/>
      </object_component>
      <object_component id="oc-15d">
         <name>.debug_line</name>
         <load_address>0xba</load_address>
         <run_address>0xba</run_address>
         <size>0x2d</size>
         <input_file_ref idref="fl-1"/>
      </object_component>
      <object_component id="oc-15f">
         <name>.debug_line</name>
         <load_address>0xe7</load_address>
         <run_address>0xe7</run_address>
         <size>0x2d</size>
         <input_file_ref idref="fl-1"/>
      </object_component>
      <object_component id="oc-6e">
         <name>.debug_line</name>
         <load_address>0x114</load_address>
         <run_address>0x114</run_address>
         <size>0x248</size>
         <input_file_ref idref="fl-1"/>
      </object_component>
      <object_component id="oc-16c">
         <name>.debug_line</name>
         <load_address>0x35c</load_address>
         <run_address>0x35c</run_address>
         <size>0x60</size>
         <input_file_ref idref="fl-1"/>
      </object_component>
      <object_component id="oc-d2">
         <name>.debug_line</name>
         <load_address>0x3bc</load_address>
         <run_address>0x3bc</run_address>
         <size>0x74</size>
         <input_file_ref idref="fl-1"/>
      </object_component>
      <object_component id="oc-167">
         <name>.debug_line</name>
         <load_address>0x430</load_address>
         <run_address>0x430</run_address>
         <size>0x5d</size>
         <input_file_ref idref="fl-1"/>
      </object_component>
      <object_component id="oc-32">
         <name>.debug_line</name>
         <load_address>0x48d</load_address>
         <run_address>0x48d</run_address>
         <size>0x20</size>
         <input_file_ref idref="fl-1"/>
      </object_component>
      <object_component id="oc-171">
         <name>.debug_line</name>
         <load_address>0x4ad</load_address>
         <run_address>0x4ad</run_address>
         <size>0x78</size>
         <input_file_ref idref="fl-1"/>
      </object_component>
      <object_component id="oc-cb">
         <name>.debug_line</name>
         <load_address>0x525</load_address>
         <run_address>0x525</run_address>
         <size>0x75</size>
         <input_file_ref idref="fl-1"/>
      </object_component>
      <object_component id="oc-15a">
         <name>.debug_line</name>
         <load_address>0x59a</load_address>
         <run_address>0x59a</run_address>
         <size>0x70</size>
         <input_file_ref idref="fl-1"/>
      </object_component>
      <object_component id="oc-ce">
         <name>.debug_line</name>
         <load_address>0x60a</load_address>
         <run_address>0x60a</run_address>
         <size>0x40</size>
         <input_file_ref idref="fl-2"/>
      </object_component>
      <object_component id="oc-71">
         <name>.debug_line</name>
         <load_address>0x64a</load_address>
         <run_address>0x64a</run_address>
         <size>0x40</size>
         <input_file_ref idref="fl-2"/>
      </object_component>
      <object_component id="oc-68">
         <name>.debug_line</name>
         <load_address>0x68a</load_address>
         <run_address>0x68a</run_address>
         <size>0x71</size>
         <input_file_ref idref="fl-2"/>
      </object_component>
      <object_component id="oc-194">
         <name>.debug_line</name>
         <load_address>0x6fb</load_address>
         <run_address>0x6fb</run_address>
         <size>0x3b</size>
         <input_file_ref idref="fl-3"/>
      </object_component>
      <object_component id="oc-a6">
         <name>.debug_line</name>
         <load_address>0x736</load_address>
         <run_address>0x736</run_address>
         <size>0x159</size>
         <input_file_ref idref="fl-3"/>
      </object_component>
      <object_component id="oc-2c7">
         <name>.debug_line</name>
         <load_address>0x88f</load_address>
         <run_address>0x88f</run_address>
         <size>0x20</size>
         <input_file_ref idref="fl-9"/>
      </object_component>
      <object_component id="oc-b3">
         <name>.debug_line</name>
         <load_address>0x8af</load_address>
         <run_address>0x8af</run_address>
         <size>0x75</size>
         <input_file_ref idref="fl-9"/>
      </object_component>
      <object_component id="oc-2cb">
         <name>.debug_line</name>
         <load_address>0x924</load_address>
         <run_address>0x924</run_address>
         <size>0x52</size>
         <input_file_ref idref="fl-9"/>
      </object_component>
      <object_component id="oc-1b7">
         <name>.debug_line</name>
         <load_address>0x976</load_address>
         <run_address>0x976</run_address>
         <size>0x55</size>
         <input_file_ref idref="fl-9"/>
      </object_component>
      <object_component id="oc-13f">
         <name>.debug_line</name>
         <load_address>0x9cb</load_address>
         <run_address>0x9cb</run_address>
         <size>0x65</size>
         <input_file_ref idref="fl-9"/>
      </object_component>
      <object_component id="oc-1ae">
         <name>.debug_line</name>
         <load_address>0xa30</load_address>
         <run_address>0xa30</run_address>
         <size>0x41</size>
         <input_file_ref idref="fl-a"/>
      </object_component>
      <object_component id="oc-197">
         <name>.debug_line</name>
         <load_address>0xa71</load_address>
         <run_address>0xa71</run_address>
         <size>0x2c</size>
         <input_file_ref idref="fl-a"/>
      </object_component>
      <object_component id="oc-1aa">
         <name>.debug_line</name>
         <load_address>0xa9d</load_address>
         <run_address>0xa9d</run_address>
         <size>0x2c</size>
         <input_file_ref idref="fl-a"/>
      </object_component>
      <object_component id="oc-1ac">
         <name>.debug_line</name>
         <load_address>0xac9</load_address>
         <run_address>0xac9</run_address>
         <size>0x2c</size>
         <input_file_ref idref="fl-a"/>
      </object_component>
      <object_component id="oc-ad">
         <name>.debug_line</name>
         <load_address>0xaf5</load_address>
         <run_address>0xaf5</run_address>
         <size>0x3fd</size>
         <input_file_ref idref="fl-a"/>
      </object_component>
      <object_component id="oc-1b2">
         <name>.debug_line</name>
         <load_address>0xef2</load_address>
         <run_address>0xef2</run_address>
         <size>0x52</size>
         <input_file_ref idref="fl-a"/>
      </object_component>
      <object_component id="oc-12a">
         <name>.debug_line</name>
         <load_address>0xf44</load_address>
         <run_address>0xf44</run_address>
         <size>0xb5</size>
         <input_file_ref idref="fl-b"/>
      </object_component>
      <object_component id="oc-236">
         <name>.debug_line</name>
         <load_address>0xff9</load_address>
         <run_address>0xff9</run_address>
         <size>0x41</size>
         <input_file_ref idref="fl-c"/>
      </object_component>
      <object_component id="oc-22e">
         <name>.debug_line</name>
         <load_address>0x103a</load_address>
         <run_address>0x103a</run_address>
         <size>0x2e</size>
         <input_file_ref idref="fl-c"/>
      </object_component>
      <object_component id="oc-232">
         <name>.debug_line</name>
         <load_address>0x1068</load_address>
         <run_address>0x1068</run_address>
         <size>0x2e</size>
         <input_file_ref idref="fl-c"/>
      </object_component>
      <object_component id="oc-230">
         <name>.debug_line</name>
         <load_address>0x1096</load_address>
         <run_address>0x1096</run_address>
         <size>0x2e</size>
         <input_file_ref idref="fl-c"/>
      </object_component>
      <object_component id="oc-22c">
         <name>.debug_line</name>
         <load_address>0x10c4</load_address>
         <run_address>0x10c4</run_address>
         <size>0x31</size>
         <input_file_ref idref="fl-c"/>
      </object_component>
      <object_component id="oc-234">
         <name>.debug_line</name>
         <load_address>0x10f5</load_address>
         <run_address>0x10f5</run_address>
         <size>0x31</size>
         <input_file_ref idref="fl-c"/>
      </object_component>
      <object_component id="oc-134">
         <name>.debug_line</name>
         <load_address>0x1126</load_address>
         <run_address>0x1126</run_address>
         <size>0x629</size>
         <input_file_ref idref="fl-c"/>
      </object_component>
      <object_component id="oc-38">
         <name>.debug_line</name>
         <load_address>0x174f</load_address>
         <run_address>0x174f</run_address>
         <size>0x88</size>
         <input_file_ref idref="fl-c2"/>
      </object_component>
      <object_component id="oc-e1">
         <name>.debug_line</name>
         <load_address>0x17d7</load_address>
         <run_address>0x17d7</run_address>
         <size>0xa9</size>
         <input_file_ref idref="fl-c3"/>
      </object_component>
      <object_component id="oc-4a">
         <name>.debug_line</name>
         <load_address>0x1880</load_address>
         <run_address>0x1880</run_address>
         <size>0x4f</size>
         <input_file_ref idref="fl-c3"/>
      </object_component>
      <object_component id="oc-87">
         <name>.debug_line</name>
         <load_address>0x18cf</load_address>
         <run_address>0x18cf</run_address>
         <size>0x34</size>
         <input_file_ref idref="fl-c3"/>
      </object_component>
      <object_component id="oc-de">
         <name>.debug_line</name>
         <load_address>0x1903</load_address>
         <run_address>0x1903</run_address>
         <size>0x95</size>
         <input_file_ref idref="fl-c3"/>
      </object_component>
      <object_component id="oc-82">
         <name>.debug_line</name>
         <load_address>0x1998</load_address>
         <run_address>0x1998</run_address>
         <size>0x20</size>
         <input_file_ref idref="fl-c4"/>
      </object_component>
      <object_component id="oc-1e">
         <name>.debug_line</name>
         <load_address>0x19b8</load_address>
         <run_address>0x19b8</run_address>
         <size>0x55</size>
         <input_file_ref idref="fl-c4"/>
      </object_component>
      <object_component id="oc-3d">
         <name>.debug_line</name>
         <load_address>0x1a0d</load_address>
         <run_address>0x1a0d</run_address>
         <size>0x3a</size>
         <input_file_ref idref="fl-c4"/>
      </object_component>
      <object_component id="oc-7f">
         <name>.debug_line</name>
         <load_address>0x1a47</load_address>
         <run_address>0x1a47</run_address>
         <size>0x95</size>
         <input_file_ref idref="fl-c4"/>
      </object_component>
      <object_component id="oc-da">
         <name>.debug_line</name>
         <load_address>0x1adc</load_address>
         <run_address>0x1adc</run_address>
         <size>0x20</size>
         <input_file_ref idref="fl-c5"/>
      </object_component>
      <object_component id="oc-18">
         <name>.debug_line</name>
         <load_address>0x1afc</load_address>
         <run_address>0x1afc</run_address>
         <size>0xa9</size>
         <input_file_ref idref="fl-c5"/>
      </object_component>
      <object_component id="oc-2d">
         <name>.debug_line</name>
         <load_address>0x1ba5</load_address>
         <run_address>0x1ba5</run_address>
         <size>0x3a</size>
         <input_file_ref idref="fl-c5"/>
      </object_component>
      <object_component id="oc-d7">
         <name>.debug_line</name>
         <load_address>0x1bdf</load_address>
         <run_address>0x1bdf</run_address>
         <size>0x9d</size>
         <input_file_ref idref="fl-c5"/>
      </object_component>
      <object_component id="oc-78">
         <name>.debug_line</name>
         <load_address>0x1c7c</load_address>
         <run_address>0x1c7c</run_address>
         <size>0x99</size>
         <input_file_ref idref="fl-c5"/>
      </object_component>
      <object_component id="oc-74">
         <name>.debug_line</name>
         <load_address>0x1d15</load_address>
         <run_address>0x1d15</run_address>
         <size>0x33</size>
         <input_file_ref idref="fl-c6"/>
      </object_component>
      <object_component id="oc-56">
         <name>.debug_line</name>
         <load_address>0x1d48</load_address>
         <run_address>0x1d48</run_address>
         <size>0x56</size>
         <input_file_ref idref="fl-c6"/>
      </object_component>
      <object_component id="oc-e8">
         <name>.debug_line</name>
         <load_address>0x1d9e</load_address>
         <run_address>0x1d9e</run_address>
         <size>0x3c</size>
         <input_file_ref idref="fl-c7"/>
      </object_component>
      <object_component id="oc-209">
         <name>.debug_line</name>
         <load_address>0x1dda</load_address>
         <run_address>0x1dda</run_address>
         <size>0x2d</size>
         <input_file_ref idref="fl-ca"/>
      </object_component>
      <object_component id="oc-b9">
         <name>.debug_line</name>
         <load_address>0x1e07</load_address>
         <run_address>0x1e07</run_address>
         <size>0x4b</size>
         <input_file_ref idref="fl-ca"/>
      </object_component>
      <object_component id="oc-14d">
         <name>.debug_line</name>
         <load_address>0x1e52</load_address>
         <run_address>0x1e52</run_address>
         <size>0x4b</size>
         <input_file_ref idref="fl-ca"/>
      </object_component>
      <object_component id="oc-153">
         <name>.debug_line</name>
         <load_address>0x1e9d</load_address>
         <run_address>0x1e9d</run_address>
         <size>0x3f</size>
         <input_file_ref idref="fl-ca"/>
      </object_component>
      <object_component id="oc-2ab">
         <name>.debug_line</name>
         <load_address>0x1edc</load_address>
         <run_address>0x1edc</run_address>
         <size>0x94</size>
         <input_file_ref idref="fl-ca"/>
      </object_component>
      <object_component id="oc-8e">
         <name>.debug_line</name>
         <load_address>0x1f70</load_address>
         <run_address>0x1f70</run_address>
         <size>0x79</size>
         <input_file_ref idref="fl-cb"/>
      </object_component>
      <object_component id="oc-219">
         <name>.debug_line</name>
         <load_address>0x1fe9</load_address>
         <run_address>0x1fe9</run_address>
         <size>0xc2</size>
         <input_file_ref idref="fl-cc"/>
      </object_component>
      <object_component id="oc-f4">
         <name>.debug_line</name>
         <load_address>0x20ab</load_address>
         <run_address>0x20ab</run_address>
         <size>0x6c</size>
         <input_file_ref idref="fl-cc"/>
      </object_component>
      <object_component id="oc-21d">
         <name>.debug_line</name>
         <load_address>0x2117</load_address>
         <run_address>0x2117</run_address>
         <size>0x2e</size>
         <input_file_ref idref="fl-cc"/>
      </object_component>
      <object_component id="oc-2bd">
         <name>.debug_line</name>
         <load_address>0x2145</load_address>
         <run_address>0x2145</run_address>
         <size>0x9d</size>
         <input_file_ref idref="fl-cc"/>
      </object_component>
      <object_component id="oc-222">
         <name>.debug_line</name>
         <load_address>0x21e2</load_address>
         <run_address>0x21e2</run_address>
         <size>0x9a</size>
         <input_file_ref idref="fl-cc"/>
      </object_component>
      <object_component id="oc-227">
         <name>.debug_line</name>
         <load_address>0x227c</load_address>
         <run_address>0x227c</run_address>
         <size>0x96</size>
         <input_file_ref idref="fl-cc"/>
      </object_component>
      <object_component id="oc-94">
         <name>.debug_line</name>
         <load_address>0x2312</load_address>
         <run_address>0x2312</run_address>
         <size>0x40</size>
         <input_file_ref idref="fl-cd"/>
      </object_component>
      <object_component id="oc-2a7">
         <name>.debug_line</name>
         <load_address>0x2352</load_address>
         <run_address>0x2352</run_address>
         <size>0x35b</size>
         <input_file_ref idref="fl-cf"/>
      </object_component>
      <object_component id="oc-1c9">
         <name>.debug_line</name>
         <load_address>0x26ad</load_address>
         <run_address>0x26ad</run_address>
         <size>0x7a</size>
         <input_file_ref idref="fl-cf"/>
      </object_component>
      <object_component id="oc-26e">
         <name>.debug_line</name>
         <load_address>0x2727</load_address>
         <run_address>0x2727</run_address>
         <size>0x51</size>
         <input_file_ref idref="fl-cf"/>
      </object_component>
      <object_component id="oc-274">
         <name>.debug_line</name>
         <load_address>0x2778</load_address>
         <run_address>0x2778</run_address>
         <size>0x88</size>
         <input_file_ref idref="fl-cf"/>
      </object_component>
      <object_component id="oc-1d4">
         <name>.debug_line</name>
         <load_address>0x2800</load_address>
         <run_address>0x2800</run_address>
         <size>0x14d</size>
         <input_file_ref idref="fl-cf"/>
      </object_component>
      <object_component id="oc-27b">
         <name>.debug_line</name>
         <load_address>0x294d</load_address>
         <run_address>0x294d</run_address>
         <size>0xee</size>
         <input_file_ref idref="fl-cf"/>
      </object_component>
      <object_component id="oc-281">
         <name>.debug_line</name>
         <load_address>0x2a3b</load_address>
         <run_address>0x2a3b</run_address>
         <size>0x5d</size>
         <input_file_ref idref="fl-cf"/>
      </object_component>
      <object_component id="oc-1da">
         <name>.debug_line</name>
         <load_address>0x2a98</load_address>
         <run_address>0x2a98</run_address>
         <size>0x5c</size>
         <input_file_ref idref="fl-cf"/>
      </object_component>
      <object_component id="oc-1e0">
         <name>.debug_line</name>
         <load_address>0x2af4</load_address>
         <run_address>0x2af4</run_address>
         <size>0xae</size>
         <input_file_ref idref="fl-cf"/>
      </object_component>
      <object_component id="oc-1e6">
         <name>.debug_line</name>
         <load_address>0x2ba2</load_address>
         <run_address>0x2ba2</run_address>
         <size>0x1b0</size>
         <input_file_ref idref="fl-cf"/>
      </object_component>
      <object_component id="oc-147">
         <name>.debug_line</name>
         <load_address>0x2d52</load_address>
         <run_address>0x2d52</run_address>
         <size>0x6f3</size>
         <input_file_ref idref="fl-cf"/>
      </object_component>
      <object_component id="oc-1ff">
         <name>.debug_line</name>
         <load_address>0x3445</load_address>
         <run_address>0x3445</run_address>
         <size>0x95</size>
         <input_file_ref idref="fl-cf"/>
      </object_component>
      <object_component id="oc-2b0">
         <name>.debug_line</name>
         <load_address>0x34da</load_address>
         <run_address>0x34da</run_address>
         <size>0x95</size>
         <input_file_ref idref="fl-cf"/>
      </object_component>
      <object_component id="oc-307">
         <name>.debug_line</name>
         <load_address>0x356f</load_address>
         <run_address>0x356f</run_address>
         <size>0x9d</size>
         <input_file_ref idref="fl-cf"/>
      </object_component>
      <object_component id="oc-2b5">
         <name>.debug_line</name>
         <load_address>0x360c</load_address>
         <run_address>0x360c</run_address>
         <size>0x9a</size>
         <input_file_ref idref="fl-cf"/>
      </object_component>
      <object_component id="oc-204">
         <name>.debug_line</name>
         <load_address>0x36a6</load_address>
         <run_address>0x36a6</run_address>
         <size>0x2e</size>
         <input_file_ref idref="fl-cf"/>
      </object_component>
      <object_component id="oc-2d3">
         <name>.debug_line</name>
         <load_address>0x36d4</load_address>
         <run_address>0x36d4</run_address>
         <size>0x94</size>
         <input_file_ref idref="fl-d0"/>
      </object_component>
      <object_component id="oc-1c3">
         <name>.debug_line</name>
         <load_address>0x3768</load_address>
         <run_address>0x3768</run_address>
         <size>0x63</size>
         <input_file_ref idref="fl-d0"/>
      </object_component>
      <object_component id="oc-30a">
         <name>.debug_line</name>
         <load_address>0x37cb</load_address>
         <run_address>0x37cb</run_address>
         <size>0x20</size>
         <input_file_ref idref="fl-d1"/>
      </object_component>
      <object_component id="oc-2d0">
         <name>.debug_line</name>
         <load_address>0x37eb</load_address>
         <run_address>0x37eb</run_address>
         <size>0x2b</size>
         <input_file_ref idref="fl-d1"/>
      </object_component>
      <object_component id="oc-30d">
         <name>.debug_line</name>
[...]
      </symbol>
      <symbol id="sm-1f7">
         <name>halLcdDrawImageLut</name>
         <value>0x23cd</value>
         <object_component_ref idref="oc-a9"/>
      </symbol>
      <symbol id="sm-1f8">
         <name>Color_Texto_Inv</name>
         <value>0x20000438</value>
         <object_component_ref idref="oc-12c"/>
      </symbol>
      <symbol id="sm-1f9">
         <name>setArea</name>
         <value>0x1cad</value>
         <object_component_ref idref="oc-a9"/>
      </symbol>
      <symbol id="sm-1fa">
         <name>Color_Fondo</name>
         <value>0x20000432</value>
         <object_component_ref idref="oc-12c"/>
      </symbol>
      <symbol id="sm-1fb">
         <name>getLinea</name>
         <value>0x1b97</value>
         <object_component_ref idref="oc-a9"/>
      </symbol>
      <symbol id="sm-1fc">
         <name>initLCD</name>
         <value>0x1e0d</value>
         <object_component_ref idref="oc-a9"/>
      </symbol>
      <symbol id="sm-21b">
         <name>writeData</name>
         <value>0x3379</value>
         <object_component_ref idref="oc-126"/>
      </symbol>
      <symbol id="sm-21c">
         <name>writeCommand</name>
         <value>0x339f</value>
         <object_component_ref idref="oc-126"/>
      </symbol>
      <symbol id="sm-21d">
         <name>delay</name>
         <value>0x33c5</value>
         <object_component_ref idref="oc-126"/>
      </symbol>
      <symbol id="sm-21e">
         <name>init_spi_lcd_tactil</name>
         <value>0x32a1</value>
         <object_component_ref idref="oc-126"/>
      </symbol>
      <symbol id="sm-2e9">
         <name>drawCharLgBkg</name>
         <value>0x5c9</value>
         <object_component_ref idref="oc-12f"/>
      </symbol>
      <symbol id="sm-2ea">
         <name>drawPixel</name>
         <value>0x237</value>
         <object_component_ref idref="oc-12f"/>
      </symbol>
      <symbol id="sm-2eb">
         <name>drawImageMono</name>
         <value>0x9e3</value>
         <object_component_ref idref="oc-12f"/>
      </symbol>
      <symbol id="sm-2ec">
         <name>setColor</name>
         <value>0xe5</value>
         <object_component_ref idref="oc-12f"/>
      </symbol>
      <symbol id="sm-2ed">
         <name>bgColorHighByte</name>
         <value>0x20000447</value>
         <object_component_ref idref="oc-198"/>
      </symbol>
      <symbol id="sm-2ee">
         <name>drawCircle</name>
         <value>0xd9b</value>
         <object_component_ref idref="oc-12f"/>
      </symbol>
      <symbol id="sm-2ef">
         <name>drawImageLut</name>
         <value>0x8d5</value>
         <object_component_ref idref="oc-12f"/>
      </symbol>
      <symbol id="sm-2f0">
         <name>drawImage</name>
         <value>0x8bd</value>
         <object_component_ref idref="oc-12f"/>
      </symbol>
      <symbol id="sm-2f1">
         <name>font_11x16</name>
         <value>0x426c</value>
         <object_component_ref idref="oc-19e"/>
      </symbol>
      <symbol id="sm-2f2">
         <name>drawLine</name>
         <value>0xb41</value>
         <object_component_ref idref="oc-12f"/>
      </symbol>
      <symbol id="sm-2f3">
         <name>font_8x12</name>
         <value>0x4a96</value>
         <object_component_ref idref="oc-1a1"/>
      </symbol>
      <symbol id="sm-2f4">
         <name>drawCharMd</name>
         <value>0x6ad</value>
         <object_component_ref idref="oc-12f"/>
      </symbol>
      <symbol id="sm-2f5">
         <name>drawCharSmBkg</name>
         <value>0x447</value>
         <object_component_ref idref="oc-12f"/>
      </symbol>
      <symbol id="sm-2f6">
         <name>drawCharLg</name>
         <value>0x521</value>
         <object_component_ref idref="oc-12f"/>
      </symbol>
      <symbol id="sm-2f7">
         <name>drawCharSm</name>
         <value>0x3a1</value>
         <object_component_ref idref="oc-12f"/>
      </symbol>
      <symbol id="sm-2f8">
         <name>drawLogicLine</name>
         <value>0xa01</value>
         <object_component_ref idref="oc-12f"/>
      </symbol>
      <symbol id="sm-2f9">
         <name>setBackgroundColor</name>
         <value>0x103</value>
         <object_component_ref idref="oc-12f"/>
      </symbol>
      <symbol id="sm-2fa">
         <name>clearScreenBkg</name>
         <value>0x1af</value>
         <object_component_ref idref="oc-12f"/>
      </symbol>
      <symbol id="sm-2fb">
         <name>fillCircle</name>
         <value>0xfb9</value>
         <object_component_ref idref="oc-12f"/>
      </symbol>
      <symbol id="sm-2fc">
         <name>fillRect</name>
         <value>0xf1b</value>
         <object_component_ref idref="oc-12f"/>
      </symbol>
      <symbol id="sm-2fd">
         <name>drawString</name>
         <value>0x267</value>
         <object_component_ref idref="oc-12f"/>
      </symbol>
      <symbol id="sm-2fe">
         <name>clearScreen</name>
         <value>0x121</value>
         <object_component_ref idref="oc-12f"/>
      </symbol>
      <symbol id="sm-2ff">
         <name>colorLowByte</name>
         <value>0x20000444</value>
         <object_component_ref idref="oc-198"/>
      </symbol>
      <symbol id="sm-300">
         <name>drawCharMdBkg</name>
         <value>0x75b</value>
         <object_component_ref idref="oc-12f"/>
      </symbol>
      <symbol id="sm-301">
         <name>font_5x7</name>
         <value>0x4f0a</value>
         <object_component_ref idref="oc-19b"/>
      </symbol>
      <symbol id="sm-302">
         <name>drawRect</name>
         <value>0xd37</value>
         <object_component_ref idref="oc-12f"/>
      </symbol>
      <symbol id="sm-303">
         <name>colorHighByte</name>
         <value>0x20000445</value>
         <object_component_ref idref="oc-198"/>
      </symbol>
      <symbol id="sm-304">
         <name>bgColorLowByte</name>
         <value>0x20000446</value>
         <object_component_ref idref="oc-198"/>
      </symbol>
      <symbol id="sm-31f">
         <name>memcpy</name>
         <value>0x3a7f</value>
         <object_component_ref idref="oc-34"/>
      </symbol>
      <symbol id="sm-320">
         <name>__aeabi_memcpy</name>
         <value>0x3a7f</value>
         <object_component_ref idref="oc-34"/>
      </symbol>
      <symbol id="sm-321">
         <name>__aeabi_memcpy8</name>
         <value>0x3a7f</value>
         <object_component_ref idref="oc-34"/>
      </symbol>
      <symbol id="sm-322">
         <name>__aeabi_memcpy4</name>
         <value>0x3a7f</value>
         <object_component_ref idref="oc-34"/>
      </symbol>
      <symbol id="sm-339">
         <name>__TI_zero_init</name>
         <value>0x4247</value>
         <object_component_ref idref="oc-46"/>
      </symbol>
      <symbol id="sm-350">
         <name>__TI_decompress_none</name>
         <value>0x422b</value>
         <object_component_ref idref="oc-1a"/>
      </symbol>
      <symbol id="sm-373">
         <name>__TI_decompress_lzss</name>
         <value>0x3e1f</value>
         <object_component_ref idref="oc-14"/>
      </symbol>
      <symbol id="sm-386">
         <name>__stack</name>
         <value>0x2000fe00</value>
         <object_component_ref idref="oc-26"/>
      </symbol>
      <symbol id="sm-387">
         <name>_c_int00_noargs</name>
         <value>0x4141</value>
         <object_component_ref idref="oc-52"/>
      </symbol>
      <symbol id="sm-392">
         <name>C$$EXIT</name>
         <value>0x4269</value>
         <object_component_ref idref="oc-e4"/>
      </symbol>
      <symbol id="sm-393">
         <name>abort</name>
         <value>0x4269</value>
         <object_component_ref idref="oc-e4"/>
      </symbol>
      <symbol id="sm-3bc">
         <name>sprintf</name>
         <value>0x40c1</value>
         <object_component_ref idref="oc-b5"/>
      </symbol>
      <symbol id="sm-3cb">
         <name>__aeabi_memset</name>
         <value>0x3cbf</value>
         <object_component_ref idref="oc-8a"/>
      </symbol>
      <symbol id="sm-3cc">
         <name>memset</name>
         <value>0x3cc5</value>
         <object_component_ref idref="oc-8a"/>
      </symbol>
      <symbol id="sm-3cd">
         <name>__aeabi_memset8</name>
         <value>0x3cbf</value>
         <object_component_ref idref="oc-8a"/>
      </symbol>
      <symbol id="sm-3ce">
         <name>__aeabi_memset4</name>
         <value>0x3cbf</value>
         <object_component_ref idref="oc-8a"/>
      </symbol>
      <symbol id="sm-3cf">
         <name>__aeabi_memclr8</name>
         <value>0x3cbd</value>
         <object_component_ref idref="oc-8a"/>
      </symbol>
      <symbol id="sm-3d0">
         <name>__aeabi_memclr4</name>
         <value>0x3cbd</value>
         <object_component_ref idref="oc-8a"/>
      </symbol>
      <symbol id="sm-3d1">
         <name>__aeabi_memclr</name>
         <value>0x3cbd</value>
         <object_component_ref idref="oc-8a"/>
      </symbol>
      <symbol id="sm-3f9">
         <name>__TI_auto_init_nobinit_nopinit</name>
         <value>0x407d</value>
         <object_component_ref idref="oc-f0"/>
      </symbol>
      <symbol id="sm-403">
         <name>_system_pre_init</name>
         <value>0x4265</value>
         <object_component_ref idref="oc-90"/>
      </symbol>
      <symbol id="sm-569">
         <name>__TI_printfi</name>
         <value>0x1131</value>
         <object_component_ref idref="oc-143"/>
      </symbol>
      <symbol id="sm-57f">
         <name>atoi</name>
         <value>0x3fe9</value>
         <object_component_ref idref="oc-1bf"/>
      </symbol>
      <symbol id="sm-58a">
         <name>_ctypes_</name>
         <value>0x50ea</value>
         <object_component_ref idref="oc-23a"/>
      </symbol>
      <symbol id="sm-599">
         <name>ltoa</name>
         <value>0x3f43</value>
         <object_component_ref idref="oc-25a"/>
      </symbol>
      <symbol id="sm-5a9">
         <name>memccpy</name>
         <value>0x41a7</value>
         <object_component_ref idref="oc-1e8"/>
      </symbol>
      <symbol id="sm-5b9">
         <name>strchr</name>
         <value>0x41db</value>
         <object_component_ref idref="oc-291"/>
      </symbol>
      <symbol id="sm-5c7">
         <name>strlen</name>
         <value>0x4205</value>
         <object_component_ref idref="oc-1b9"/>
      </symbol>
      <symbol id="sm-5e0">
         <name>wcslen</name>
         <value>0x4219</value>
         <object_component_ref idref="oc-1ee"/>
      </symbol>
      <symbol id="sm-600">
         <name>frexpl</name>
         <value>0x3e89</value>
         <object_component_ref idref="oc-285"/>
      </symbol>
      <symbol id="sm-601">
         <name>frexp</name>
         <value>0x3e89</value>
         <object_component_ref idref="oc-285"/>
      </symbol>
      <symbol id="sm-61e">
         <name>scalbn</name>
         <value>0x37c1</value>
         <object_component_ref idref="oc-28b"/>
      </symbol>
      <symbol id="sm-61f">
         <name>scalbnl</name>
         <value>0x37c1</value>
         <object_component_ref idref="oc-28b"/>
      </symbol>
      <symbol id="sm-620">
         <name>ldexpl</name>
         <value>0x37c1</value>
         <object_component_ref idref="oc-28b"/>
      </symbol>
      <symbol id="sm-621">
         <name>ldexp</name>
         <value>0x37c1</value>
         <object_component_ref idref="oc-28b"/>
      </symbol>
      <symbol id="sm-638">
         <name>__aeabi_dsub</name>
         <value>0x30e9</value>
         <object_component_ref idref="oc-265"/>
      </symbol>
      <symbol id="sm-639">
         <name>__aeabi_dadd</name>
         <value>0x30f3</value>
         <object_component_ref idref="oc-265"/>
      </symbol>
      <symbol id="sm-65b">
         <name>__aeabi_cdcmpeq</name>
         <value>0x3bb1</value>
         <object_component_ref idref="oc-1cb"/>
      </symbol>
      <symbol id="sm-65c">
         <name>__aeabi_cdcmple</name>
         <value>0x3bb1</value>
         <object_component_ref idref="oc-1cb"/>
      </symbol>
      <symbol id="sm-65d">
         <name>__aeabi_cdrcmple</name>
         <value>0x3c37</value>
         <object_component_ref idref="oc-250"/>
      </symbol>
      <symbol id="sm-671">
         <name>__aeabi_ddiv</name>
         <value>0x3565</value>
         <object_component_ref idref="oc-24b"/>
      </symbol>
      <symbol id="sm-67c">
         <name>__aeabi_dmul</name>
         <value>0x38d1</value>
         <object_component_ref idref="oc-246"/>
      </symbol>
      <symbol id="sm-686">
         <name>__aeabi_d2iz</name>
         <value>0x4035</value>
         <object_component_ref idref="oc-255"/>
      </symbol>
      <symbol id="sm-690">
         <name>__aeabi_i2d</name>
         <value>0x4179</value>
         <object_component_ref idref="oc-260"/>
      </symbol>
      <symbol id="sm-69d">
         <name>__aeabi_uldivmod</name>
         <value>0x3b1b</value>
         <object_component_ref idref="oc-23f"/>
      </symbol>
      <symbol id="sm-6b3">
         <name>__aeabi_errno_addr</name>
         <value>0x425d</value>
         <object_component_ref idref="oc-1f4"/>
      </symbol>
      <symbol id="sm-6b4">
         <name>errno</name>
         <value>0x20000448</value>
         <object_component_ref idref="oc-2a1"/>
      </symbol>
      <symbol id="sm-6be">
         <name>copysign</name>
         <value>0x41f1</value>
         <object_component_ref idref="oc-2ed"/>
      </symbol>
      <symbol id="sm-6bf">
         <name>copysignl</name>
         <value>0x41f1</value>
         <object_component_ref idref="oc-2ed"/>
      </symbol>
      <symbol id="sm-6c9">
         <name>__aeabi_idiv0</name>
         <value>0x1b8f</value>
         <object_component_ref idref="oc-2d4"/>
      </symbol>
      <symbol id="sm-6ca">
         <name>__aeabi_ldiv0</name>
         <value>0x1b8f</value>
         <object_component_ref idref="oc-2d4"/>
      </symbol>
      <symbol id="sm-6cb">
         <name>__TI_static_base__</name>
         <value>0x0</value>
      </symbol>
      <symbol id="sm-6ce">
         <name>__mpu_init</name>
         <value>0x0</value>
      </symbol>
      <symbol id="sm-6cf">
         <name>_system_post_cinit</name>
         <value>0x0</value>
      </symbol>
      <symbol id="sm-6d0">
         <name>NMI_Handler</name>
         <value>0x4245</value>
      </symbol>
      <symbol id="sm-6d1">
         <name>HardFault_Handler</name>
         <value>0x4245</value>
      </symbol>
      <symbol id="sm-6d2">
         <name>MemManage_Handler</name>
         <value>0x4245</value>
      </symbol>
      <symbol id="sm-6d3">
         <name>BusFault_Handler</name>
         <value>0x4245</value>
      </symbol>
      <symbol id="sm-6d4">
         <name>UsageFault_Handler</name>
         <value>0x4245</value>
      </symbol>
      <symbol id="sm-6d5">
         <name>SVC_Handler</name>
         <value>0x4245</value>
      </symbol>
      <symbol id="sm-6d6">
         <name>DebugMon_Handler</name>
         <value>0x4245</value>
      </symbol>
      <symbol id="sm-6d7">
         <name>PendSV_Handler</name>
         <value>0x4245</value>
      </symbol>
      <symbol id="sm-6d8">
         <name>SysTick_Handler</name>
         <value>0x4245</value>
      </symbol>
      <symbol id="sm-6d9">
         <name>PSS_IRQHandler</name>
         <value>0x4245</value>
      </symbol>
      <symbol id="sm-6da">
         <name>CS_IRQHandler</name>
         <value>0x4245</value>
      </symbol>
      <symbol id="sm-6db">
         <name>PCM_IRQHandler</name>
         <value>0x4245</value>
      </symbol>
      <symbol id="sm-6dc">
         <name>WDT_A_IRQHandler</name>
         <value>0x4245</value>
      </symbol>
      <symbol id="sm-6dd">
         <name>FPU_IRQHandler</name>
         <value>0x4245</value>
      </symbol>
      <symbol id="sm-6de">
         <name>FLCTL_IRQHandler</name>
         <value>0x4245</value>
      </symbol>
      <symbol id="sm-6df">
         <name>COMP_E0_IRQHandler</name>
         <value>0x4245</value>
      </symbol>
      <symbol id="sm-6e0">
         <name>COMP_E1_IRQHandler</name>
         <value>0x4245</value>
      </symbol>
      <symbol id="sm-6e1">
         <name>TA0_0_IRQHandler</name>
         <value>0x4245</value>
      </symbol>
      <symbol id="sm-6e2">
         <name>TA0_N_IRQHandler</name>
         <value>0x4245</value>
      </symbol>
      <symbol id="sm-6e3">
         <name>TA1_0_IRQHandler</name>
         <value>0x4245</value>
      </symbol>
      <symbol id="sm-6e4">
         <name>TA1_N_IRQHandler</name>
         <value>0x4245</value>
      </symbol>
      <symbol id="sm-6e5">
         <name>TA2_0_IRQHandler</name>
         <value>0x4245</value>
      </symbol>
      <symbol id="sm-6e6">
         <name>TA2_N_IRQHandler</name>
         <value>0x4245</value>
      </symbol>
      <symbol id="sm-6e7">
         <name>TA3_0_IRQHandler</name>
         <value>0x4245</value>
      </symbol>
      <symbol id="sm-6e8">
         <name>TA3_N_IRQHandler</name>
         <value>0x4245</value>
      </symbol>
      <symbol id="sm-6e9">
         <name>EUSCIA0_IRQHandler</name>
         <value>0x4245</value>
      </symbol>
      <symbol id="sm-6ea">
         <name>EUSCIA1_IRQHandler</name>
         <value>0x4245</value>
      </symbol>
      <symbol id="sm-6eb">
         <name>EUSCIA2_IRQHandler</name>
         <value>0x4245</value>
      </symbol>
      <symbol id="sm-6ec">
         <name>EUSCIA3_IRQHandler</name>
         <value>0x4245</value>
      </symbol>
      <symbol id="sm-6ed">
         <name>EUSCIB0_IRQHandler</name>
         <value>0x4245</value>
      </symbol>
      <symbol id="sm-6ee">
         <name>EUSCIB1_IRQHandler</name>
         <value>0x4245</value>
      </symbol>
      <symbol id="sm-6ef">
         <name>EUSCIB2_IRQHandler</name>
         <value>0x4245</value>
      </symbol>
      <symbol id="sm-6f0">
         <name>EUSCIB3_IRQHandler</name>
         <value>0x4245</value>
      </symbol>
      <symbol id="sm-6f1">
         <name>ADC14_IRQHandler</name>
         <value>0x4245</value>
      </symbol>
      <symbol id="sm-6f2">
         <name>T32_INT1_IRQHandler</name>
         <value>0x4245</value>
      </symbol>
      <symbol id="sm-6f3">
         <name>T32_INT2_IRQHandler</name>
         <value>0x4245</value>
      </symbol>
      <symbol id="sm-6f4">
         <name>T32_INTC_IRQHandler</name>
         <value>0x4245</value>
      </symbol>
      <symbol id="sm-6f5">
         <name>AES256_IRQHandler</name>
         <value>0x4245</value>
      </symbol>
      <symbol id="sm-6f6">
         <name>RTC_C_IRQHandler</name>
         <value>0x4245</value>
      </symbol>
      <symbol id="sm-6f7">
         <name>DMA_ERR_IRQHandler</name>
         <value>0x4245</value>
      </symbol>
      <symbol id="sm-6f8">
         <name>DMA_INT3_IRQHandler</name>
         <value>0x4245</value>
      </symbol>
      <symbol id="sm-6f9">
         <name>DMA_INT2_IRQHandler</name>
         <value>0x4245</value>
      </symbol>
      <symbol id="sm-6fa">
         <name>DMA_INT1_IRQHandler</name>
         <value>0x4245</value>
      </symbol>
      <symbol id="sm-6fb">
         <name>DMA_INT0_IRQHandler</name>
         <value>0x4245</value>
      </symbol>
      <symbol id="sm-6fc">
         <name>PORT1_IRQHandler</name>
         <value>0x4245</value>
      </symbol>
      <symbol id="sm-6fd">
         <name>PORT2_IRQHandler</name>
         <value>0x4245</value>
      </symbol>
      <symbol id="sm-6fe">
         <name>PORT3_IRQHandler</name>
         <value>0x27f9</value>
      </symbol>
      <symbol id="sm-6ff">
         <name>PORT4_IRQHandler</name>
         <value>0x2879</value>
      </symbol>
      <symbol id="sm-700">
         <name>PORT5_IRQHandler</name>
         <value>0x28d9</value>
      </symbol>
      <symbol id="sm-701">
         <name>PORT6_IRQHandler</name>
         <value>0x4245</value>
      </symbol>
   </symbol_table>
   <title>Link successful</title>
</link_info>
