******************************************************************************
                  TI ARM Linker Unix v18.1.2                   
******************************************************************************
>> Linked Mon Jun 10 21:16:06 2019

OUTPUT FILE NAME:   <PAE_Final.out>
ENTRY POINT SYMBOL: "_c_int00_noargs"  address: 00004cbd


MEMORY CONFIGURATION

         name            origin    length      used     unused   attr    fill
----------------------  --------  ---------  --------  --------  ----  --------
  MAIN                  00000000   00040000  00005e6b  0003a195  R  X
  INFO                  00200000   00004000  00000000  00004000  R  X
  SRAM_CODE             01000000   00010000  000006b0  0000f950  RW X
  SRAM_DATA             20000000   00010000  000006b0  0000f950  RW  


SEGMENT ALLOCATION MAP

run origin  load origin   length   init length attrs members
----------  ----------- ---------- ----------- ----- -------
00000000    00000000    00005e70   00005e70    r-x
  00000000    00000000    000000e4   000000e4    r-- .intvecs
  000000e4    000000e4    00004d04   00004d04    r-x .text
  00004de8    00004de8    00001003   00001003    r-- .const
  00005df0    00005df0    00000080   00000080    r-- .cinit
20000000    20000000    000004b0   00000000    rw-
  20000000    20000000    00000420   00000000    rw- .bss
  20000420    20000420    00000090   00000000    rw- .data
2000fe00    2000fe00    00000200   00000000    rw-
  2000fe00    2000fe00    00000200   00000000    rw- .stack


SECTION ALLOCATION MAP

 output                                  attributes/
section   page    origin      length       input sections
--------  ----  ----------  ----------   ----------------
.intvecs   0    00000000    000000e4     
                  00000000    000000e4     startup_msp432p401r_ccs.obj (.intvecs:retain)

.text      0    000000e4    00004d04     
                  000000e4    0000104c     lib_PAE2.lib : graphics.obj (.text)
                  00001130    00000a5e     rtsv7M4_T_le_v4SPD16_eabi.lib : _printfi.c.obj (.text:__TI_printfi)
                  00001b8e    00000002                                   : div0.asm.obj (.text)
                  00001b90    000008a8     lib_PAE2.lib : lcd.obj (.text)
                  00002438    00000678     HardwareAbstractLayer.obj (.text)
                  00002ab0    000005c0     aplicacio.obj (.text)
                  00003070    00000334     system_msp432p401r.obj (.text)
                  000033a4    00000290     RobotManipulation.obj (.text)
                  00003634    00000270     rtsv7M4_T_le_v4SPD16_eabi.lib : _printfi.c.obj (.text:_pconv_a)
                  000038a4    000001f4     RobotFunctionalities.obj (.text)
                  00003a98    000001d0     rtsv7M4_T_le_v4SPD16_eabi.lib : _printfi.c.obj (.text:_pconv_g)
                  00003c68    000001b6                                   : fd_add_t2.asm.obj (.text)
                  00003e1e    00000002     --HOLE-- [fill = 0]
                  00003e20    00000188     lib_PAE2.lib : msp_LCD.obj (.text)
                  00003fa8    0000013c     rtsv7M4_T_le_v4SPD16_eabi.lib : _printfi.c.obj (.text:_pconv_e)
                  000040e4    00000136                                   : fd_div_t2.asm.obj (.text)
                  0000421a    00000002     --HOLE-- [fill = 0]
                  0000421c    00000120                                   : _printfi.c.obj (.text:fcvt)
                  0000433c    00000110                                   : s_scalbn.c.obj (.text:scalbn)
                  0000444c    000000fc                                   : fd_mul_t2.asm.obj (.text)
                  00004548    000000b1                                   : _printfi.c.obj (.text:_ltostr)
                  000045f9    00000001     --HOLE-- [fill = 0]
                  000045fa    0000009c                                   : memcpy_t2.asm.obj (.text)
                  00004696    00000096                                   : ull_div_t2.asm.obj (.text)
                  0000472c    00000086                                   : fd_cmp_t2.asm.obj (.text:__aeabi_cdcmple)
                  000047b2    00000086                                   : fd_cmp_t2.asm.obj (.text:__aeabi_cdrcmple)
                  00004838    0000007a                                   : memset_t2.asm.obj (.text)
                  000048b2    00000002     --HOLE-- [fill = 0]
                  000048b4    00000078     lib_PAE2.lib : Inicializacion.obj (.text)
                  0000492c    0000006e     rtsv7M4_T_le_v4SPD16_eabi.lib : _printfi.c.obj (.text:_mcpy)
                  0000499a    00000068                                   : copy_decompress_lzss.c.obj (.text:decompress:lzss:__TI_decompress_lzss)
                  00004a02    00000002     --HOLE-- [fill = 0]
                  00004a04    00000064                                   : s_frexp.c.obj (.text:frexp)
                  00004a68    00000056                                   : _printfi.c.obj (.text:_pconv_f)
                  00004abe    00000054                                   : ltoa.c.obj (.text:ltoa)
                  00004b12    00000052                                   : _printfi.c.obj (.text:_ecpy)
                  00004b64    0000004c                                   : atoi.c.obj (.text:atoi)
                  00004bb0    00000048                                   : fd_toi_t2.asm.obj (.text)
                  00004bf8    00000044                                   : autoinit.c.obj (.text:__TI_auto_init_nobinit_nopinit:__TI_auto_init_nobinit_nopinit)
                  00004c3c    00000040                                   : sprintf.c.obj (.text:sprintf)
                  00004c7c    0000003e                                   : _printfi.c.obj (.text:_fcpy)
                  00004cba    00000002     --HOLE-- [fill = 0]
                  00004cbc    00000038                                   : boot_cortex_m.c.obj (.text:_c_int00_noargs:_c_int00_noargs)
                  00004cf4    0000002e                                   : i_tofd_t2.asm.obj (.text)
                  00004d22    0000001c                                   : memccpy.c.obj (.text:memccpy)
                  00004d3e    00000018                                   : sprintf.c.obj (.text:_outs)
                  00004d56    00000016                                   : strchr.c.obj (.text:strchr)
                  00004d6c    00000014                                   : s_copysign.c.obj (.text:copysign)
                  00004d80    00000014                                   : strlen.c.obj (.text:strlen)
                  00004d94    00000012                                   : wcslen.c.obj (.text:wcslen)
                  00004da6    0000000e                                   : copy_decompress_none.c.obj (.text:decompress:none:__TI_decompress_none)
                  00004db4    0000000e     startup_msp432p401r_ccs.obj (.text)
                  00004dc2    0000000c     rtsv7M4_T_le_v4SPD16_eabi.lib : copy_zero_init.c.obj (.text:decompress:ZI:__TI_zero_init)
                  00004dce    0000000a                                   : sprintf.c.obj (.text:_outc)
                  00004dd8    00000008                                   : errno.c.obj (.text:__aeabi_errno_addr)
                  00004de0    00000004                                   : pre_init.c.obj (.text:_system_pre_init)
                  00004de4    00000004                                   : exit.c.obj (.text:abort:abort)

.const     0    00004de8    00001003     
                  00004de8    0000082a     lib_PAE2.lib : graphics.obj (.const:font_11x16)
                  00005612    00000474                  : graphics.obj (.const:font_8x12)
                  00005a86    000001e0                  : graphics.obj (.const:font_5x7)
                  00005c66    00000101     rtsv7M4_T_le_v4SPD16_eabi.lib : ctype.c.obj (.const:.string:_ctypes_)
                  00005d67    00000029     RobotManipulation.obj (.const:.string:$P$T0$1)
                  00005d90    00000029     RobotManipulation.obj (.const:.string:$P$T1$2)
                  00005db9    00000012     HardwareAbstractLayer.obj (.const:.string:$P$T0$1)
                  00005dcb    00000010     lib_PAE2.lib : lcd.obj (.const:.string:$P$T0$1)
                  00005ddb    00000010                  : lcd.obj (.const:.string:$P$T1$2)

.cinit     0    00005df0    00000080     
                  00005df0    00000055     (.cinit..data.load) [load image, compression = lzss]
                  00005e45    00000003     --HOLE-- [fill = 0]
                  00005e48    0000000c     (__TI_handler_table)
                  00005e54    00000004     --HOLE-- [fill = 0]
                  00005e58    00000008     (.cinit..bss.load) [load image, compression = zero_init]
                  00005e60    00000010     (__TI_cinit_table)

.init_array 
*          0    00000000    00000000     UNINITIALIZED

.binit     0    00000000    00000000     

.bss       0    20000000    00000420     UNINITIALIZED
                  20000000    00000400     lib_PAE2.lib : graphics.obj (.bss:g_pulConvertedPalette)
                  20000400    00000010     (.common:cadena)
                  20000410    00000004     (.common:direction)
                  20000414    00000004     (.common:muteSound)
                  20000418    00000002     (.common:DatoLeido_UART)
                  2000041a    00000002     (.common:speed)
                  2000041c    00000002     (.common:temps)
                  2000041e    00000001     (.common:Byte_Recibido)
                  2000041f    00000001     (.common:wall)

.data      0    20000420    00000090     UNINITIALIZED
                  20000420    00000018     aplicacio.obj (.data)
                  20000438    00000010     aplicacio.obj (.data:borrado)
                  20000448    00000010     aplicacio.obj (.data:configMsg)
                  20000458    00000010     aplicacio.obj (.data:dchMsg)
                  20000468    00000010     aplicacio.obj (.data:izqMsg)
                  20000478    00000010     aplicacio.obj (.data:muteMsg)
                  20000488    00000010     aplicacio.obj (.data:noMuteMsg)
                  20000498    0000000a     lib_PAE2.lib : lcd.obj (.data)
                  200004a2    00000004                  : graphics.obj (.data)
                  200004a6    00000002     --HOLE--
                  200004a8    00000004     rtsv7M4_T_le_v4SPD16_eabi.lib : errno.c.obj (.data)
                  200004ac    00000004     system_msp432p401r.obj (.data)

.stack     0    2000fe00    00000200     UNINITIALIZED
                  2000fe00    00000004     rtsv7M4_T_le_v4SPD16_eabi.lib : boot_cortex_m.c.obj (.stack)
                  2000fe04    000001fc     --HOLE--

MODULE SUMMARY

       Module                        code    ro data   rw data
       ------                        ----    -------   -------
    ./
       aplicacio.obj                 1472    0         272    
       HardwareAbstractLayer.obj     1656    18        10     
       system_msp432p401r.obj        820     0         8      
       RobotManipulation.obj         656     82        22     
       RobotFunctionalities.obj      500     0         0      
       startup_msp432p401r_ccs.obj   14      228       0      
    +--+-----------------------------+-------+---------+---------+
       Total:                        5118    328       312    
                                                              
    ../lib_PAE2.lib
       graphics.obj                  4172    3710      2056   
       lcd.obj                       2216    32        20     
       msp_LCD.obj                   392     0         0      
       Inicializacion.obj            120     0         0      
    +--+-----------------------------+-------+---------+---------+
       Total:                        6900    3742      2076   
                                                              
    /Applications/ti/ccsv8/tools/compiler/ti-cgt-arm_18.1.2.LTS/lib/rtsv7M4_T_le_v4SPD16_eabi.lib
       _printfi.c.obj                4863    0         0      
       fd_add_t2.asm.obj             438     0         0      
       fd_div_t2.asm.obj             310     0         0      
       s_scalbn.c.obj                272     0         0      
       fd_cmp_t2.asm.obj             268     0         0      
       ctype.c.obj                   0       257       0      
       fd_mul_t2.asm.obj             252     0         0      
       memcpy_t2.asm.obj             156     0         0      
       ull_div_t2.asm.obj            150     0         0      
       memset_t2.asm.obj             122     0         0      
       copy_decompress_lzss.c.obj    104     0         0      
       s_frexp.c.obj                 100     0         0      
       sprintf.c.obj                 98      0         0      
       ltoa.c.obj                    84      0         0      
       atoi.c.obj                    76      0         0      
       fd_toi_t2.asm.obj             72      0         0      
       autoinit.c.obj                68      0         0      
       boot_cortex_m.c.obj           56      0         0      
       i_tofd_t2.asm.obj             46      0         0      
       memccpy.c.obj                 28      0         0      
       strchr.c.obj                  22      0         0      
       s_copysign.c.obj              20      0         0      
       strlen.c.obj                  20      0         0      
       wcslen.c.obj                  18      0         0      
       errno.c.obj                   8       0         8      
       copy_decompress_none.c.obj    14      0         0      
       copy_zero_init.c.obj          12      0         0      
       exit.c.obj                    4       0         0      
       pre_init.c.obj                4       0         0      
       div0.asm.obj                  2       0         0      
    +--+-----------------------------+-------+---------+---------+
       Total:                        7687    257       8      
                                                              
       Stack:                        0       0         1024   
       Linker Generated:             0       121       0      
    +--+-----------------------------+-------+---------+---------+
       Grand Total:                  19705   4448      3420   


LINKER GENERATED COPY TABLES

__TI_cinit_table @ 00005e60 records: 2, size/record: 8, table size: 16
	.data: load addr=00005df0, load size=00000055 bytes, run addr=20000420, run size=00000090 bytes, compression=lzss
	.bss: load addr=00005e58, load size=00000008 bytes, run addr=20000000, run size=00000420 bytes, compression=zero_init


LINKER GENERATED HANDLER TABLE

__TI_handler_table @ 00005e48 records: 3, size/record: 4, table size: 12
	index: 0, handler: __TI_decompress_lzss
	index: 1, handler: __TI_decompress_none
	index: 2, handler: __TI_zero_init


GLOBAL SYMBOLS: SORTED ALPHABETICALLY BY Name 

address   name                          
-------   ----                          
00004dc1  ADC14_IRQHandler              
00004dc1  AES256_IRQHandler             
000029d9  Activa_TimerA1_TimeOut        
00004dc1  BusFault_Handler              
2000041e  Byte_Recibido                 
00004de5  C$$EXIT                       
00004dc1  COMP_E0_IRQHandler            
00004dc1  COMP_E1_IRQHandler            
00004dc1  CS_IRQHandler                 
2000049a  Color_Fondo                   
2000049e  Color_Fondo_Inv               
2000049c  Color_Texto                   
200004a0  Color_Texto_Inv               
00004dc1  DMA_ERR_IRQHandler            
00004dc1  DMA_INT0_IRQHandler           
00004dc1  DMA_INT1_IRQHandler           
00004dc1  DMA_INT2_IRQHandler           
00004dc1  DMA_INT3_IRQHandler           
20000418  DatoLeido_UART                
00004dc1  DebugMon_Handler              
00004dc1  Default_Handler               
00004dc1  EUSCIA0_IRQHandler            
00004dc1  EUSCIA1_IRQHandler            
00002a6d  EUSCIA2_IRQHandler            
00002a6d  EUSCIA2_IRQHandler            
00004dc1  EUSCIA3_IRQHandler            
00004dc1  EUSCIB0_IRQHandler            
00004dc1  EUSCIB1_IRQHandler            
00004dc1  EUSCIB2_IRQHandler            
00004dc1  EUSCIB3_IRQHandler            
00004dc1  FLCTL_IRQHandler              
00004dc1  FPU_IRQHandler                
20000499  Fuente                        
00004dc1  HardFault_Handler             
00004dc1  MemManage_Handler             
00004dc1  NMI_Handler                   
00004dc1  PCM_IRQHandler                
00004dc1  PORT1_IRQHandler              
00004dc1  PORT2_IRQHandler              
00002f2f  PORT3_IRQHandler              
00002f2f  PORT3_IRQHandler              
00002f6b  PORT4_IRQHandler              
00002f6b  PORT4_IRQHandler              
00002fbf  PORT5_IRQHandler              
00002fbf  PORT5_IRQHandler              
00004dc1  PORT6_IRQHandler              
00004dc1  PSS_IRQHandler                
00004dc1  PendSV_Handler                
00004dc1  RTC_C_IRQHandler              
00004db5  Reset_Handler                 
000029fd  Reset_Timeout                 
00002a29  Reset_Timeout_A0              
00002879  RxPacket                      
00004dc1  SVC_Handler                   
00002691  Sentit_Dades_Rx               
0000269d  Sentit_Dades_Tx               
000029e9  Stop_Timeout                  
00002a19  Stop_Timeout_A0               
00004dc1  SysTick_Handler               
200004ac  SystemCoreClock               
00003071  SystemCoreClockUpdate         
000032e9  SystemInit                    
00004dc1  T32_INT1_IRQHandler           
00004dc1  T32_INT2_IRQHandler           
00004dc1  T32_INTC_IRQHandler           
00004dc1  TA0_0_IRQHandler              
00004dc1  TA0_N_IRQHandler              
00002a45  TA1_0_IRQHandler              
00002a45  TA1_0_IRQHandler              
00004dc1  TA1_N_IRQHandler              
00004dc1  TA2_0_IRQHandler              
00004dc1  TA2_N_IRQHandler              
00004dc1  TA3_0_IRQHandler              
00004dc1  TA3_N_IRQHandler              
000026c5  TxPacket                      
000026a9  TxUAC2                        
00004dc1  UsageFault_Handler            
4000480c  WDTCTL_SYM                    
00004dc1  WDT_A_IRQHandler              
20010000  __STACK_END                   
00000200  __STACK_SIZE                  
00005e60  __TI_CINIT_Base               
00005e70  __TI_CINIT_Limit              
00005e48  __TI_Handler_Table_Base       
00005e54  __TI_Handler_Table_Limit      
00004bf9  __TI_auto_init_nobinit_nopinit
0000499b  __TI_decompress_lzss          
00004da7  __TI_decompress_none          
ffffffff  __TI_pprof_out_hndl           
00001131  __TI_printfi                  
ffffffff  __TI_prof_data_size           
ffffffff  __TI_prof_data_start          
00000000  __TI_static_base__            
00004dc3  __TI_zero_init                
0000472d  __aeabi_cdcmpeq               
0000472d  __aeabi_cdcmple               
000047b3  __aeabi_cdrcmple              
00004bb1  __aeabi_d2iz                  
00003c73  __aeabi_dadd                  
000040e5  __aeabi_ddiv                  
0000444d  __aeabi_dmul                  
00003c69  __aeabi_dsub                  
00004dd9  __aeabi_errno_addr            
00004cf5  __aeabi_i2d                   
00001b8f  __aeabi_idiv0                 
00001b8f  __aeabi_ldiv0                 
00004839  __aeabi_memclr                
00004839  __aeabi_memclr4               
00004839  __aeabi_memclr8               
000045fb  __aeabi_memcpy                
000045fb  __aeabi_memcpy4               
000045fb  __aeabi_memcpy8               
0000483b  __aeabi_memset                
0000483b  __aeabi_memset4               
0000483b  __aeabi_memset8               
00004697  __aeabi_uldivmod              
ffffffff  __binit__                     
ffffffff  __c_args__                    
UNDEFED   __mpu_init                    
2000fe00  __stack                       
00004cbd  _c_int00_noargs               
00005c66  _ctypes_                      
20000498  _orientation                  
UNDEFED   _system_post_cinit            
00004de1  _system_pre_init              
00004de5  abort                         
000038eb  apagarLedsMotor               
00004b65  atoi                          
20000430  aux                           
20000434  aux2                          
200004a5  bgColorHighByte               
200004a4  bgColorLowByte                
ffffffff  binit                         
20000438  borrado                       
00002ab1  borrar                        
20000400  cadena                        
00001fc1  cambiar_orientacion           
00002989  checkSum                      
00000121  clearScreen                   
000001af  clearScreenBkg                
200004a3  colorHighByte                 
200004a2  colorLowByte                  
20000448  configMsg                     
00004d6d  copysign                      
00004d6d  copysignl                     
20000458  dchMsg                        
00003f45  delay                         
20000410  direction                     
00000521  drawCharLg                    
000005c9  drawCharLgBkg                 
000006ad  drawCharMd                    
0000075b  drawCharMdBkg                 
000003a1  drawCharSm                    
00000447  drawCharSmBkg                 
00000d9b  drawCircle                    
000008bd  drawImage                     
000008d5  drawImageLut                  
000009e3  drawImageMono                 
00000b41  drawLine                      
00000a01  drawLogicLine                 
00000237  drawPixel                     
00000d37  drawRect                      
00000267  drawString                    
000038a5  encenderLedsMotor             
200004a8  errno                         
00002ac5  escribir                      
20000421  estado                        
20000422  estado_anterior               
00000fb9  fillCircle                    
00000f1b  fillRect                      
00004de8  font_11x16                    
00005a86  font_5x7                      
00005612  font_8x12                     
00004a05  frexp                         
00004a05  frexpl                        
00001c3b  getAltura                     
00001be9  getColumna                    
00003615  getDirection                  
00001b97  getLinea                      
00001b91  getOrientacion                
00001c97  getScreenHeight               
00001c81  getScreenWidth                
00003609  getSound                      
00003603  getSpeed                      
0000360f  getWall                       
00002151  halLcdClearLine               
00001fef  halLcdClearScreen             
00002013  halLcdClearScreenBkg          
000022c5  halLcdDrawCircle              
000023cd  halLcdDrawImageLut            
00002219  halLcdDrawLine                
000021c7  halLcdDrawPixel               
0000226d  halLcdDrawRect                
00002371  halLcdFillCircle              
00002315  halLcdFillRect                
00001fe3  halLcdInit                    
00002033  halLcdPrintLine               
000020b3  halLcdPrintLineCol            
00002ae1  imprimirMenu                  
000033a5  init                          
00001e0d  initLCD                       
00002669  init_LCD                      
000024a1  init_Timers                   
000024c5  init_UART                     
00002537  init_botons                   
00002439  init_interrupciones           
00002675  init_recursos                 
00003e21  init_spi_lcd_tactil           
000048b5  init_ucs_16MHz                
000048ed  init_ucs_24MHz                
00000000  interruptVectors              
20000468  izqMsg                        
0000433d  ldexp                         
0000433d  ldexpl                        
00003a63  leerSensor                    
20000420  linea                         
00004abf  ltoa                          
00002dad  main                          
00004d23  memccpy                       
000045fb  memcpy                        
00004841  memset                        
20000428  menu                          
00003925  moverRobot                    
0000352d  musica                        
20000478  muteMsg                       
20000414  muteSound                     
20000488  noMuteMsg                     
000033c5  robotRoute                    
0000433d  scalbn                        
0000433d  scalbnl                       
20000429  selectedSubMenus              
20000424  sentido                       
00001cad  setArea                       
00000103  setBackgroundColor            
000000e5  setColor                      
000035f3  setDirection                  
00001f53  setOrientation                
000035cf  setSound                      
000035bb  setSpeed                      
000035df  setWall                       
2000041a  speed                         
00003a09  spinRobot                     
00004c3d  sprintf                       
2000042c  start                         
000039c9  stopMovimientoRobot           
00004d57  strchr                        
00004d81  strlen                        
2000041c  temps                         
000029c1  timeOut                       
2000041f  wall                          
00004d95  wcslen                        
00003f1f  writeCommand                  
00003ef9  writeData                     


GLOBAL SYMBOLS: SORTED BY Symbol Address 

address   name                          
-------   ----                          
00000000  __TI_static_base__            
00000000  interruptVectors              
000000e5  setColor                      
00000103  setBackgroundColor            
00000121  clearScreen                   
000001af  clearScreenBkg                
00000200  __STACK_SIZE                  
00000237  drawPixel                     
00000267  drawString                    
000003a1  drawCharSm                    
00000447  drawCharSmBkg                 
00000521  drawCharLg                    
000005c9  drawCharLgBkg                 
000006ad  drawCharMd                    
0000075b  drawCharMdBkg                 
000008bd  drawImage                     
000008d5  drawImageLut                  
000009e3  drawImageMono                 
00000a01  drawLogicLine                 
00000b41  drawLine                      
00000d37  drawRect                      
00000d9b  drawCircle                    
00000f1b  fillRect                      
00000fb9  fillCircle                    
00001131  __TI_printfi                  
00001b8f  __aeabi_idiv0                 
00001b8f  __aeabi_ldiv0                 
00001b91  getOrientacion                
00001b97  getLinea                      
00001be9  getColumna                    
00001c3b  getAltura                     
00001c81  getScreenWidth                
00001c97  getScreenHeight               
00001cad  setArea                       
00001e0d  initLCD                       
00001f53  setOrientation                
00001fc1  cambiar_orientacion           
00001fe3  halLcdInit                    
00001fef  halLcdClearScreen             
00002013  halLcdClearScreenBkg          
00002033  halLcdPrintLine               
000020b3  halLcdPrintLineCol            
00002151  halLcdClearLine               
000021c7  halLcdDrawPixel               
00002219  halLcdDrawLine                
0000226d  halLcdDrawRect                
000022c5  halLcdDrawCircle              
00002315  halLcdFillRect                
00002371  halLcdFillCircle              
000023cd  halLcdDrawImageLut            
00002439  init_interrupciones           
000024a1  init_Timers                   
000024c5  init_UART                     
00002537  init_botons                   
00002669  init_LCD                      
00002675  init_recursos                 
00002691  Sentit_Dades_Rx               
0000269d  Sentit_Dades_Tx               
000026a9  TxUAC2                        
000026c5  TxPacket                      
00002879  RxPacket                      
00002989  checkSum                      
000029c1  timeOut                       
000029d9  Activa_TimerA1_TimeOut        
000029e9  Stop_Timeout                  
000029fd  Reset_Timeout                 
00002a19  Stop_Timeout_A0               
00002a29  Reset_Timeout_A0              
00002a45  TA1_0_IRQHandler              
00002a45  TA1_0_IRQHandler              
00002a6d  EUSCIA2_IRQHandler            
00002a6d  EUSCIA2_IRQHandler            
00002ab1  borrar                        
00002ac5  escribir                      
00002ae1  imprimirMenu                  
00002dad  main                          
00002f2f  PORT3_IRQHandler              
00002f2f  PORT3_IRQHandler              
00002f6b  PORT4_IRQHandler              
00002f6b  PORT4_IRQHandler              
00002fbf  PORT5_IRQHandler              
00002fbf  PORT5_IRQHandler              
00003071  SystemCoreClockUpdate         
000032e9  SystemInit                    
000033a5  init                          
000033c5  robotRoute                    
0000352d  musica                        
000035bb  setSpeed                      
000035cf  setSound                      
000035df  setWall                       
000035f3  setDirection                  
00003603  getSpeed                      
00003609  getSound                      
0000360f  getWall                       
00003615  getDirection                  
000038a5  encenderLedsMotor             
000038eb  apagarLedsMotor               
00003925  moverRobot                    
000039c9  stopMovimientoRobot           
00003a09  spinRobot                     
00003a63  leerSensor                    
00003c69  __aeabi_dsub                  
00003c73  __aeabi_dadd                  
00003e21  init_spi_lcd_tactil           
00003ef9  writeData                     
00003f1f  writeCommand                  
00003f45  delay                         
000040e5  __aeabi_ddiv                  
0000433d  ldexp                         
0000433d  ldexpl                        
0000433d  scalbn                        
0000433d  scalbnl                       
0000444d  __aeabi_dmul                  
000045fb  __aeabi_memcpy                
000045fb  __aeabi_memcpy4               
000045fb  __aeabi_memcpy8               
000045fb  memcpy                        
00004697  __aeabi_uldivmod              
0000472d  __aeabi_cdcmpeq               
0000472d  __aeabi_cdcmple               
000047b3  __aeabi_cdrcmple              
00004839  __aeabi_memclr                
00004839  __aeabi_memclr4               
00004839  __aeabi_memclr8               
0000483b  __aeabi_memset                
0000483b  __aeabi_memset4               
0000483b  __aeabi_memset8               
00004841  memset                        
000048b5  init_ucs_16MHz                
000048ed  init_ucs_24MHz                
0000499b  __TI_decompress_lzss          
00004a05  frexp                         
00004a05  frexpl                        
00004abf  ltoa                          
00004b65  atoi                          
00004bb1  __aeabi_d2iz                  
00004bf9  __TI_auto_init_nobinit_nopinit
00004c3d  sprintf                       
00004cbd  _c_int00_noargs               
00004cf5  __aeabi_i2d                   
00004d23  memccpy                       
00004d57  strchr                        
00004d6d  copysign                      
00004d6d  copysignl                     
00004d81  strlen                        
00004d95  wcslen                        
00004da7  __TI_decompress_none          
00004db5  Reset_Handler                 
00004dc1  ADC14_IRQHandler              
00004dc1  AES256_IRQHandler             
00004dc1  BusFault_Handler              
00004dc1  COMP_E0_IRQHandler            
00004dc1  COMP_E1_IRQHandler            
00004dc1  CS_IRQHandler                 
00004dc1  DMA_ERR_IRQHandler            
00004dc1  DMA_INT0_IRQHandler           
00004dc1  DMA_INT1_IRQHandler           
00004dc1  DMA_INT2_IRQHandler           
00004dc1  DMA_INT3_IRQHandler           
00004dc1  DebugMon_Handler              
00004dc1  Default_Handler               
00004dc1  EUSCIA0_IRQHandler            
00004dc1  EUSCIA1_IRQHandler            
00004dc1  EUSCIA3_IRQHandler            
00004dc1  EUSCIB0_IRQHandler            
00004dc1  EUSCIB1_IRQHandler            
00004dc1  EUSCIB2_IRQHandler            
00004dc1  EUSCIB3_IRQHandler            
00004dc1  FLCTL_IRQHandler              
00004dc1  FPU_IRQHandler                
00004dc1  HardFault_Handler             
00004dc1  MemManage_Handler             
00004dc1  NMI_Handler                   
00004dc1  PCM_IRQHandler                
00004dc1  PORT1_IRQHandler              
00004dc1  PORT2_IRQHandler              
00004dc1  PORT6_IRQHandler              
00004dc1  PSS_IRQHandler                
00004dc1  PendSV_Handler                
00004dc1  RTC_C_IRQHandler              
00004dc1  SVC_Handler                   
00004dc1  SysTick_Handler               
00004dc1  T32_INT1_IRQHandler           
00004dc1  T32_INT2_IRQHandler           
00004dc1  T32_INTC_IRQHandler           
00004dc1  TA0_0_IRQHandler              
00004dc1  TA0_N_IRQHandler              
00004dc1  TA1_N_IRQHandler              
00004dc1  TA2_0_IRQHandler              
00004dc1  TA2_N_IRQHandler              
00004dc1  TA3_0_IRQHandler              
00004dc1  TA3_N_IRQHandler              
00004dc1  UsageFault_Handler            
00004dc1  WDT_A_IRQHandler              
00004dc3  __TI_zero_init                
00004dd9  __aeabi_errno_addr            
00004de1  _system_pre_init              
00004de5  C$$EXIT                       
00004de5  abort                         
00004de8  font_11x16                    
00005612  font_8x12                     
00005a86  font_5x7                      
00005c66  _ctypes_                      
00005e48  __TI_Handler_Table_Base       
00005e54  __TI_Handler_Table_Limit      
00005e60  __TI_CINIT_Base               
00005e70  __TI_CINIT_Limit              
20000400  cadena                        
20000410  direction                     
20000414  muteSound                     
20000418  DatoLeido_UART                
2000041a  speed                         
2000041c  temps                         
2000041e  Byte_Recibido                 
2000041f  wall                          
20000420  linea                         
20000421  estado                        
20000422  estado_anterior               
20000424  sentido                       
20000428  menu                          
20000429  selectedSubMenus              
2000042c  start                         
20000430  aux                           
20000434  aux2                          
20000438  borrado                       
20000448  configMsg                     
20000458  dchMsg                        
20000468  izqMsg                        
20000478  muteMsg                       
20000488  noMuteMsg                     
20000498  _orientation                  
20000499  Fuente                        
2000049a  Color_Fondo                   
2000049c  Color_Texto                   
2000049e  Color_Fondo_Inv               
200004a0  Color_Texto_Inv               
200004a2  colorLowByte                  
200004a3  colorHighByte                 
200004a4  bgColorLowByte                
200004a5  bgColorHighByte               
200004a8  errno                         
200004ac  SystemCoreClock               
2000fe00  __stack                       
20010000  __STACK_END                   
4000480c  WDTCTL_SYM                    
ffffffff  __TI_pprof_out_hndl           
ffffffff  __TI_prof_data_size           
ffffffff  __TI_prof_data_start          
ffffffff  __binit__                     
ffffffff  __c_args__                    
ffffffff  binit                         
UNDEFED   __mpu_init                    
UNDEFED   _system_post_cinit            

[253 symbols]
