******************************************************************************
                  TI ARM Linker Unix v18.1.2                   
******************************************************************************
>> Linked Wed Mar 20 18:53:40 2019

OUTPUT FILE NAME:   <PAE_MarcosPlaza_Practica3.out>
ENTRY POINT SYMBOL: "_c_int00_noargs"  address: 000046e5


MEMORY CONFIGURATION

         name            origin    length      used     unused   attr    fill
----------------------  --------  ---------  --------  --------  ----  --------
  MAIN                  00000000   00040000  0000583f  0003a7c1  R  X
  INFO                  00200000   00004000  00000000  00004000  R  X
  SRAM_CODE             01000000   00010000  000006c4  0000f93c  RW X
  SRAM_DATA             20000000   00010000  000006c4  0000f93c  RW  


SEGMENT ALLOCATION MAP

run origin  load origin   length   init length attrs members
----------  ----------- ---------- ----------- ----- -------
00000000    00000000    00005840   00005840    r-x
  00000000    00000000    000000e4   000000e4    r-- .intvecs
  000000e4    000000e4    0000472c   0000472c    r-x .text
  00004810    00004810    00000f9f   00000f9f    r-- .const
  000057b0    000057b0    00000090   00000090    r-- .cinit
20000000    20000000    000004c4   00000000    rw-
  20000000    20000000    00000430   00000000    rw- .bss
  20000430    20000430    00000094   00000000    rw- .data
2000fe00    2000fe00    00000200   00000000    rw-
  2000fe00    2000fe00    00000200   00000000    rw- .stack


SECTION ALLOCATION MAP

 output                                  attributes/
section   page    origin      length       input sections
--------  ----  ----------  ----------   ----------------
.intvecs   0    00000000    000000e4     
                  00000000    000000e4     startup_msp432p401r_ccs.obj (.intvecs:retain)

.text      0    000000e4    0000472c     
                  000000e4    0000104c     lib_PAE3.lib : graphics.obj (.text)
                  00001130    00000ae4     main.obj (.text)
                  00001c14    00000a5e     rtsv7M4_T_le_v4SPD16_eabi.lib : _printfi.c.obj (.text:__TI_printfi)
                  00002672    00000002                                   : div0.asm.obj (.text)
                  00002674    000008a8     lib_PAE3.lib : lcd.obj (.text)
                  00002f1c    00000334     system_msp432p401r.obj (.text)
                  00003250    00000270     rtsv7M4_T_le_v4SPD16_eabi.lib : _printfi.c.obj (.text:_pconv_a)
                  000034c0    000001d0                                   : _printfi.c.obj (.text:_pconv_g)
                  00003690    000001b6                                   : fd_add_t2.asm.obj (.text)
                  00003846    00000002     --HOLE-- [fill = 0]
                  00003848    00000188     lib_PAE3.lib : msp_LCD.obj (.text)
                  000039d0    0000013c     rtsv7M4_T_le_v4SPD16_eabi.lib : _printfi.c.obj (.text:_pconv_e)
                  00003b0c    00000136                                   : fd_div_t2.asm.obj (.text)
                  00003c42    00000002     --HOLE-- [fill = 0]
                  00003c44    00000120                                   : _printfi.c.obj (.text:fcvt)
                  00003d64    00000110                                   : s_scalbn.c.obj (.text:scalbn)
                  00003e74    000000fc                                   : fd_mul_t2.asm.obj (.text)
                  00003f70    000000b1                                   : _printfi.c.obj (.text:_ltostr)
                  00004021    00000001     --HOLE-- [fill = 0]
                  00004022    0000009c                                   : memcpy_t2.asm.obj (.text)
                  000040be    00000096                                   : ull_div_t2.asm.obj (.text)
                  00004154    00000086                                   : fd_cmp_t2.asm.obj (.text:__aeabi_cdcmple)
                  000041da    00000086                                   : fd_cmp_t2.asm.obj (.text:__aeabi_cdrcmple)
                  00004260    0000007a                                   : memset_t2.asm.obj (.text)
                  000042da    00000002     --HOLE-- [fill = 0]
                  000042dc    00000078     lib_PAE3.lib : Inicializacion.obj (.text)
                  00004354    0000006e     rtsv7M4_T_le_v4SPD16_eabi.lib : _printfi.c.obj (.text:_mcpy)
                  000043c2    00000068                                   : copy_decompress_lzss.c.obj (.text:decompress:lzss:__TI_decompress_lzss)
                  0000442a    00000002     --HOLE-- [fill = 0]
                  0000442c    00000064                                   : s_frexp.c.obj (.text:frexp)
                  00004490    00000056                                   : _printfi.c.obj (.text:_pconv_f)
                  000044e6    00000054                                   : ltoa.c.obj (.text:ltoa)
                  0000453a    00000052                                   : _printfi.c.obj (.text:_ecpy)
                  0000458c    0000004c                                   : atoi.c.obj (.text:atoi)
                  000045d8    00000048                                   : fd_toi_t2.asm.obj (.text)
                  00004620    00000044                                   : autoinit.c.obj (.text:__TI_auto_init_nobinit_nopinit:__TI_auto_init_nobinit_nopinit)
                  00004664    00000040                                   : sprintf.c.obj (.text:sprintf)
                  000046a4    0000003e                                   : _printfi.c.obj (.text:_fcpy)
                  000046e2    00000002     --HOLE-- [fill = 0]
                  000046e4    00000038                                   : boot_cortex_m.c.obj (.text:_c_int00_noargs:_c_int00_noargs)
                  0000471c    0000002e                                   : i_tofd_t2.asm.obj (.text)
                  0000474a    0000001c                                   : memccpy.c.obj (.text:memccpy)
                  00004766    00000018                                   : sprintf.c.obj (.text:_outs)
                  0000477e    00000016                                   : strchr.c.obj (.text:strchr)
                  00004794    00000014                                   : s_copysign.c.obj (.text:copysign)
                  000047a8    00000014                                   : strlen.c.obj (.text:strlen)
                  000047bc    00000012                                   : wcslen.c.obj (.text:wcslen)
                  000047ce    0000000e                                   : copy_decompress_none.c.obj (.text:decompress:none:__TI_decompress_none)
                  000047dc    0000000e     startup_msp432p401r_ccs.obj (.text)
                  000047ea    0000000c     rtsv7M4_T_le_v4SPD16_eabi.lib : copy_zero_init.c.obj (.text:decompress:ZI:__TI_zero_init)
                  000047f6    0000000a                                   : sprintf.c.obj (.text:_outc)
                  00004800    00000008                                   : errno.c.obj (.text:__aeabi_errno_addr)
                  00004808    00000004                                   : pre_init.c.obj (.text:_system_pre_init)
                  0000480c    00000004                                   : exit.c.obj (.text:abort:abort)

.const     0    00004810    00000f9f     
                  00004810    0000082a     lib_PAE3.lib : graphics.obj (.const:font_11x16)
                  0000503a    00000474                  : graphics.obj (.const:font_8x12)
                  000054ae    000001e0                  : graphics.obj (.const:font_5x7)
                  0000568e    00000101     rtsv7M4_T_le_v4SPD16_eabi.lib : ctype.c.obj (.const:.string:_ctypes_)
                  0000578f    00000010     lib_PAE3.lib : lcd.obj (.const:.string:$P$T0$1)
                  0000579f    00000010                  : lcd.obj (.const:.string:$P$T1$2)

.cinit     0    000057b0    00000090     
                  000057b0    00000067     (.cinit..data.load) [load image, compression = lzss]
                  00005817    00000001     --HOLE-- [fill = 0]
                  00005818    0000000c     (__TI_handler_table)
                  00005824    00000004     --HOLE-- [fill = 0]
                  00005828    00000008     (.cinit..bss.load) [load image, compression = zero_init]
                  00005830    00000010     (__TI_cinit_table)

.init_array 
*          0    00000000    00000000     UNINITIALIZED

.binit     0    00000000    00000000     

.bss       0    20000000    00000430     UNINITIALIZED
                  20000000    00000400     lib_PAE3.lib : graphics.obj (.bss:g_pulConvertedPalette)
                  20000400    00000010     (.common:alarm)
                  20000410    00000010     (.common:cadena)
                  20000420    00000010     (.common:clock)

.data      0    20000430    00000094     UNINITIALIZED
                  20000430    0000001b     main.obj (.data)
                  2000044b    00000010     main.obj (.data:aviso1)
                  2000045b    00000010     main.obj (.data:aviso2)
                  2000046b    00000010     main.obj (.data:aviso3)
                  2000047b    00000010     main.obj (.data:borrado)
                  2000048b    00000010     main.obj (.data:lineas)
                  2000049b    00000010     main.obj (.data:saludo)
                  200004ab    00000001     --HOLE--
                  200004ac    0000000a     lib_PAE3.lib : lcd.obj (.data)
                  200004b6    00000004                  : graphics.obj (.data)
                  200004ba    00000002     --HOLE--
                  200004bc    00000004     rtsv7M4_T_le_v4SPD16_eabi.lib : errno.c.obj (.data)
                  200004c0    00000004     system_msp432p401r.obj (.data)

.stack     0    2000fe00    00000200     UNINITIALIZED
                  2000fe00    00000004     rtsv7M4_T_le_v4SPD16_eabi.lib : boot_cortex_m.c.obj (.stack)
                  2000fe04    000001fc     --HOLE--

MODULE SUMMARY

       Module                        code    ro data   rw data
       ------                        ----    -------   -------
    ./
       main.obj                      2788    0         342    
       system_msp432p401r.obj        820     0         8      
       startup_msp432p401r_ccs.obj   14      228       0      
    +--+-----------------------------+-------+---------+---------+
       Total:                        3622    228       350    
                                                              
    ../lib_PAE3.lib
       graphics.obj                  4172    3710      2056   
       lcd.obj                       2216    32        20     
       msp_LCD.obj                   392     0         0      
       Inicializacion.obj            120     0         0      
    +--+-----------------------------+-------+---------+---------+
       Total:                        6900    3742      2076   
                                                              
    /Applications/ti/ccsv8/tools/compiler/ti-cgt-arm_18.1.2.LTS/lib/rtsv7M4_T_le_v4SPD16_eabi.lib
       _printfi.c.obj                4863    0         0      
       fd_add_t2.asm.obj             438     0         0      
       fd_div_t2.asm.obj             310     0         0      
       s_scalbn.c.obj                272     0         0      
       fd_cmp_t2.asm.obj             268     0         0      
       ctype.c.obj                   0       257       0      
       fd_mul_t2.asm.obj             252     0         0      
       memcpy_t2.asm.obj             156     0         0      
       ull_div_t2.asm.obj            150     0         0      
       memset_t2.asm.obj             122     0         0      
       copy_decompress_lzss.c.obj    104     0         0      
       s_frexp.c.obj                 100     0         0      
       sprintf.c.obj                 98      0         0      
       ltoa.c.obj                    84      0         0      
       atoi.c.obj                    76      0         0      
       fd_toi_t2.asm.obj             72      0         0      
       autoinit.c.obj                68      0         0      
       boot_cortex_m.c.obj           56      0         0      
       i_tofd_t2.asm.obj             46      0         0      
       memccpy.c.obj                 28      0         0      
       strchr.c.obj                  22      0         0      
       s_copysign.c.obj              20      0         0      
       strlen.c.obj                  20      0         0      
       wcslen.c.obj                  18      0         0      
       errno.c.obj                   8       0         8      
       copy_decompress_none.c.obj    14      0         0      
       copy_zero_init.c.obj          12      0         0      
       exit.c.obj                    4       0         0      
       pre_init.c.obj                4       0         0      
       div0.asm.obj                  2       0         0      
    +--+-----------------------------+-------+---------+---------+
       Total:                        7687    257       8      
                                                              
       Stack:                        0       0         1024   
       Linker Generated:             0       139       0      
    +--+-----------------------------+-------+---------+---------+
       Grand Total:                  18209   4366      3458   


LINKER GENERATED COPY TABLES

__TI_cinit_table @ 00005830 records: 2, size/record: 8, table size: 16
	.data: load addr=000057b0, load size=00000067 bytes, run addr=20000430, run size=00000094 bytes, compression=lzss
	.bss: load addr=00005828, load size=00000008 bytes, run addr=20000000, run size=00000430 bytes, compression=zero_init


LINKER GENERATED HANDLER TABLE

__TI_handler_table @ 00005818 records: 3, size/record: 4, table size: 12
	index: 0, handler: __TI_decompress_lzss
	index: 1, handler: __TI_decompress_none
	index: 2, handler: __TI_zero_init


GLOBAL SYMBOLS: SORTED ALPHABETICALLY BY Name 

address   name                          
-------   ----                          
000047e9  ADC14_IRQHandler              
000047e9  AES256_IRQHandler             
000047e9  BusFault_Handler              
0000480d  C$$EXIT                       
000047e9  COMP_E0_IRQHandler            
000047e9  COMP_E1_IRQHandler            
000047e9  CS_IRQHandler                 
200004ae  Color_Fondo                   
200004b2  Color_Fondo_Inv               
200004b0  Color_Texto                   
200004b4  Color_Texto_Inv               
000047e9  DMA_ERR_IRQHandler            
000047e9  DMA_INT0_IRQHandler           
000047e9  DMA_INT1_IRQHandler           
000047e9  DMA_INT2_IRQHandler           
000047e9  DMA_INT3_IRQHandler           
000047e9  DebugMon_Handler              
000047e9  Default_Handler               
000047e9  EUSCIA0_IRQHandler            
000047e9  EUSCIA1_IRQHandler            
000047e9  EUSCIA2_IRQHandler            
000047e9  EUSCIA3_IRQHandler            
000047e9  EUSCIB0_IRQHandler            
000047e9  EUSCIB1_IRQHandler            
000047e9  EUSCIB2_IRQHandler            
000047e9  EUSCIB3_IRQHandler            
000047e9  FLCTL_IRQHandler              
000047e9  FPU_IRQHandler                
200004ad  Fuente                        
000047e9  HardFault_Handler             
000047e9  MemManage_Handler             
000047e9  NMI_Handler                   
000047e9  PCM_IRQHandler                
000047e9  PORT1_IRQHandler              
000047e9  PORT2_IRQHandler              
000018ed  PORT3_IRQHandler              
000018ed  PORT3_IRQHandler              
00001949  PORT4_IRQHandler              
00001949  PORT4_IRQHandler              
000019e9  PORT5_IRQHandler              
000019e9  PORT5_IRQHandler              
000047e9  PORT6_IRQHandler              
000047e9  PSS_IRQHandler                
000047e9  PendSV_Handler                
000047e9  RTC_C_IRQHandler              
000047dd  Reset_Handler                 
000047e9  SVC_Handler                   
000047e9  SysTick_Handler               
200004c0  SystemCoreClock               
00002f1d  SystemCoreClockUpdate         
00003195  SystemInit                    
000047e9  T32_INT1_IRQHandler           
000047e9  T32_INT2_IRQHandler           
000047e9  T32_INTC_IRQHandler           
00001a4d  TA0_0_IRQHandler              
00001a4d  TA0_0_IRQHandler              
000047e9  TA0_N_IRQHandler              
00001ab5  TA1_0_IRQHandler              
00001ab5  TA1_0_IRQHandler              
000047e9  TA1_N_IRQHandler              
000047e9  TA2_0_IRQHandler              
000047e9  TA2_N_IRQHandler              
000047e9  TA3_0_IRQHandler              
000047e9  TA3_N_IRQHandler              
000047e9  UsageFault_Handler            
4000480c  WDTCTL_SYM                    
000047e9  WDT_A_IRQHandler              
20010000  __STACK_END                   
00000200  __STACK_SIZE                  
00005830  __TI_CINIT_Base               
00005840  __TI_CINIT_Limit              
00005818  __TI_Handler_Table_Base       
00005824  __TI_Handler_Table_Limit      
00004621  __TI_auto_init_nobinit_nopinit
000043c3  __TI_decompress_lzss          
000047cf  __TI_decompress_none          
ffffffff  __TI_pprof_out_hndl           
00001c15  __TI_printfi                  
ffffffff  __TI_prof_data_size           
ffffffff  __TI_prof_data_start          
00000000  __TI_static_base__            
000047eb  __TI_zero_init                
00004155  __aeabi_cdcmpeq               
00004155  __aeabi_cdcmple               
000041db  __aeabi_cdrcmple              
000045d9  __aeabi_d2iz                  
0000369b  __aeabi_dadd                  
00003b0d  __aeabi_ddiv                  
00003e75  __aeabi_dmul                  
00003691  __aeabi_dsub                  
00004801  __aeabi_errno_addr            
0000471d  __aeabi_i2d                   
00002673  __aeabi_idiv0                 
00002673  __aeabi_ldiv0                 
00004261  __aeabi_memclr                
00004261  __aeabi_memclr4               
00004261  __aeabi_memclr8               
00004023  __aeabi_memcpy                
00004023  __aeabi_memcpy4               
00004023  __aeabi_memcpy8               
00004263  __aeabi_memset                
00004263  __aeabi_memset4               
00004263  __aeabi_memset8               
000040bf  __aeabi_uldivmod              
ffffffff  __binit__                     
ffffffff  __c_args__                    
UNDEFED   __mpu_init                    
2000fe00  __stack                       
000046e5  _c_int00_noargs               
0000568e  _ctypes_                      
200004ac  _orientation                  
UNDEFED   _system_post_cinit            
00004809  _system_pre_init              
0000480d  abort                         
2000044a  activeAlarma                  
000013f7  addTime                       
000014c9  addTimeAlm                    
20000400  alarm                         
0000458d  atoi                          
2000044b  aviso1                        
2000045b  aviso2                        
2000046b  aviso3                        
200004b9  bgColorHighByte               
200004b8  bgColorLowByte                
ffffffff  binit                         
2000047b  borrado                       
000011a5  borrar                        
20000410  cadena                        
00002aa5  cambiar_orientacion           
00000121  clearScreen                   
000001af  clearScreenBkg                
20000420  clock                         
200004b7  colorHighByte                 
200004b6  colorLowByte                  
000013d9  config_P7_LEDS                
00004795  copysign                      
00004795  copysignl                     
0000396d  delay                         
00001333  delay_t                       
00000521  drawCharLg                    
000005c9  drawCharLgBkg                 
000006ad  drawCharMd                    
0000075b  drawCharMdBkg                 
000003a1  drawCharSm                    
00000447  drawCharSmBkg                 
00000d9b  drawCircle                    
000008bd  drawImage                     
000008d5  drawImageLut                  
000009e3  drawImageMono                 
00000b41  drawLine                      
00000a01  drawLogicLine                 
00000237  drawPixel                     
00000d37  drawRect                      
00000267  drawString                    
200004bc  errno                         
000011b9  escribir                      
20000431  estado                        
20000432  estado_anterior               
00000fb9  fillCircle                    
00000f1b  fillRect                      
00004810  font_11x16                    
000054ae  font_5x7                      
0000503a  font_8x12                     
0000442d  frexp                         
0000442d  frexpl                        
0000271f  getAltura                     
000026cd  getColumna                    
0000267b  getLinea                      
00002675  getOrientacion                
0000277b  getScreenHeight               
00002765  getScreenWidth                
00002c35  halLcdClearLine               
00002ad3  halLcdClearScreen             
00002af7  halLcdClearScreenBkg          
00002da9  halLcdDrawCircle              
00002eb1  halLcdDrawImageLut            
00002cfd  halLcdDrawLine                
00002cab  halLcdDrawPixel               
00002d51  halLcdDrawRect                
00002e55  halLcdFillCircle              
00002df9  halLcdFillRect                
00002ac7  halLcdInit                    
00002b17  halLcdPrintLine               
00002b97  halLcdPrintLineCol            
20000449  horaAlarma                    
20000448  horas                         
000028f1  initLCD                       
00001199  init_LCD                      
000012ed  init_Timers                   
000011cf  init_botons                   
00001131  init_interrupciones           
00003849  init_spi_lcd_tactil           
000042dd  init_ucs_16MHz                
00004315  init_ucs_24MHz                
00000000  interruptVectors              
00001363  knightRiderEffect             
00003d65  ldexp                         
00003d65  ldexpl                        
20000430  linea                         
2000048b  lineas                        
000044e7  ltoa                          
00001615  main                          
20000438  maxretard                     
0000474b  memccpy                       
00004023  memcpy                        
00004269  memset                        
20000442  milisegundos                  
20000447  minAlarma                     
2000043c  minretard                     
20000446  minutos                       
2000043f  modClkAlm                     
0000134d  off_RGB                       
2000043e  posJ                          
000014b1  reset                         
000015d5  resetAlm                      
20000434  retraso                       
2000049b  saludo                        
00003d65  scalbn                        
00003d65  scalbnl                       
20000445  secAlarma                     
20000444  segundos                      
00002791  setArea                       
00000103  setBackgroundColor            
000000e5  setColor                      
00002a37  setOrientation                
00004665  sprintf                       
0000477f  strchr                        
000047a9  strlen                        
00001455  substTime                     
0000156d  substTimeAlm                  
20000441  tempsAlarma                   
20000440  tempsClock                    
000047bd  wcslen                        
00003947  writeCommand                  
00003921  writeData                     


GLOBAL SYMBOLS: SORTED BY Symbol Address 

address   name                          
-------   ----                          
00000000  __TI_static_base__            
00000000  interruptVectors              
000000e5  setColor                      
00000103  setBackgroundColor            
00000121  clearScreen                   
000001af  clearScreenBkg                
00000200  __STACK_SIZE                  
00000237  drawPixel                     
00000267  drawString                    
000003a1  drawCharSm                    
00000447  drawCharSmBkg                 
00000521  drawCharLg                    
000005c9  drawCharLgBkg                 
000006ad  drawCharMd                    
0000075b  drawCharMdBkg                 
000008bd  drawImage                     
000008d5  drawImageLut                  
000009e3  drawImageMono                 
00000a01  drawLogicLine                 
00000b41  drawLine                      
00000d37  drawRect                      
00000d9b  drawCircle                    
00000f1b  fillRect                      
00000fb9  fillCircle                    
00001131  init_interrupciones           
00001199  init_LCD                      
000011a5  borrar                        
000011b9  escribir                      
000011cf  init_botons                   
000012ed  init_Timers                   
00001333  delay_t                       
0000134d  off_RGB                       
00001363  knightRiderEffect             
000013d9  config_P7_LEDS                
000013f7  addTime                       
00001455  substTime                     
000014b1  reset                         
000014c9  addTimeAlm                    
0000156d  substTimeAlm                  
000015d5  resetAlm                      
00001615  main                          
000018ed  PORT3_IRQHandler              
000018ed  PORT3_IRQHandler              
00001949  PORT4_IRQHandler              
00001949  PORT4_IRQHandler              
000019e9  PORT5_IRQHandler              
000019e9  PORT5_IRQHandler              
00001a4d  TA0_0_IRQHandler              
00001a4d  TA0_0_IRQHandler              
00001ab5  TA1_0_IRQHandler              
00001ab5  TA1_0_IRQHandler              
00001c15  __TI_printfi                  
00002673  __aeabi_idiv0                 
00002673  __aeabi_ldiv0                 
00002675  getOrientacion                
0000267b  getLinea                      
000026cd  getColumna                    
0000271f  getAltura                     
00002765  getScreenWidth                
0000277b  getScreenHeight               
00002791  setArea                       
000028f1  initLCD                       
00002a37  setOrientation                
00002aa5  cambiar_orientacion           
00002ac7  halLcdInit                    
00002ad3  halLcdClearScreen             
00002af7  halLcdClearScreenBkg          
00002b17  halLcdPrintLine               
00002b97  halLcdPrintLineCol            
00002c35  halLcdClearLine               
00002cab  halLcdDrawPixel               
00002cfd  halLcdDrawLine                
00002d51  halLcdDrawRect                
00002da9  halLcdDrawCircle              
00002df9  halLcdFillRect                
00002e55  halLcdFillCircle              
00002eb1  halLcdDrawImageLut            
00002f1d  SystemCoreClockUpdate         
00003195  SystemInit                    
00003691  __aeabi_dsub                  
0000369b  __aeabi_dadd                  
00003849  init_spi_lcd_tactil           
00003921  writeData                     
00003947  writeCommand                  
0000396d  delay                         
00003b0d  __aeabi_ddiv                  
00003d65  ldexp                         
00003d65  ldexpl                        
00003d65  scalbn                        
00003d65  scalbnl                       
00003e75  __aeabi_dmul                  
00004023  __aeabi_memcpy                
00004023  __aeabi_memcpy4               
00004023  __aeabi_memcpy8               
00004023  memcpy                        
000040bf  __aeabi_uldivmod              
00004155  __aeabi_cdcmpeq               
00004155  __aeabi_cdcmple               
000041db  __aeabi_cdrcmple              
00004261  __aeabi_memclr                
00004261  __aeabi_memclr4               
00004261  __aeabi_memclr8               
00004263  __aeabi_memset                
00004263  __aeabi_memset4               
00004263  __aeabi_memset8               
00004269  memset                        
000042dd  init_ucs_16MHz                
00004315  init_ucs_24MHz                
000043c3  __TI_decompress_lzss          
0000442d  frexp                         
0000442d  frexpl                        
000044e7  ltoa                          
0000458d  atoi                          
000045d9  __aeabi_d2iz                  
00004621  __TI_auto_init_nobinit_nopinit
00004665  sprintf                       
000046e5  _c_int00_noargs               
0000471d  __aeabi_i2d                   
0000474b  memccpy                       
0000477f  strchr                        
00004795  copysign                      
00004795  copysignl                     
000047a9  strlen                        
000047bd  wcslen                        
000047cf  __TI_decompress_none          
000047dd  Reset_Handler                 
000047e9  ADC14_IRQHandler              
000047e9  AES256_IRQHandler             
000047e9  BusFault_Handler              
000047e9  COMP_E0_IRQHandler            
000047e9  COMP_E1_IRQHandler            
000047e9  CS_IRQHandler                 
000047e9  DMA_ERR_IRQHandler            
000047e9  DMA_INT0_IRQHandler           
000047e9  DMA_INT1_IRQHandler           
000047e9  DMA_INT2_IRQHandler           
000047e9  DMA_INT3_IRQHandler           
000047e9  DebugMon_Handler              
000047e9  Default_Handler               
000047e9  EUSCIA0_IRQHandler            
000047e9  EUSCIA1_IRQHandler            
000047e9  EUSCIA2_IRQHandler            
000047e9  EUSCIA3_IRQHandler            
000047e9  EUSCIB0_IRQHandler            
000047e9  EUSCIB1_IRQHandler            
000047e9  EUSCIB2_IRQHandler            
000047e9  EUSCIB3_IRQHandler            
000047e9  FLCTL_IRQHandler              
000047e9  FPU_IRQHandler                
000047e9  HardFault_Handler             
000047e9  MemManage_Handler             
000047e9  NMI_Handler                   
000047e9  PCM_IRQHandler                
000047e9  PORT1_IRQHandler              
000047e9  PORT2_IRQHandler              
000047e9  PORT6_IRQHandler              
000047e9  PSS_IRQHandler                
000047e9  PendSV_Handler                
000047e9  RTC_C_IRQHandler              
000047e9  SVC_Handler                   
000047e9  SysTick_Handler               
000047e9  T32_INT1_IRQHandler           
000047e9  T32_INT2_IRQHandler           
000047e9  T32_INTC_IRQHandler           
000047e9  TA0_N_IRQHandler              
000047e9  TA1_N_IRQHandler              
000047e9  TA2_0_IRQHandler              
000047e9  TA2_N_IRQHandler              
000047e9  TA3_0_IRQHandler              
000047e9  TA3_N_IRQHandler              
000047e9  UsageFault_Handler            
000047e9  WDT_A_IRQHandler              
000047eb  __TI_zero_init                
00004801  __aeabi_errno_addr            
00004809  _system_pre_init              
0000480d  C$$EXIT                       
0000480d  abort                         
00004810  font_11x16                    
0000503a  font_8x12                     
000054ae  font_5x7                      
0000568e  _ctypes_                      
00005818  __TI_Handler_Table_Base       
00005824  __TI_Handler_Table_Limit      
00005830  __TI_CINIT_Base               
00005840  __TI_CINIT_Limit              
20000400  alarm                         
20000410  cadena                        
20000420  clock                         
20000430  linea                         
20000431  estado                        
20000432  estado_anterior               
20000434  retraso                       
20000438  maxretard                     
2000043c  minretard                     
2000043e  posJ                          
2000043f  modClkAlm                     
20000440  tempsClock                    
20000441  tempsAlarma                   
20000442  milisegundos                  
20000444  segundos                      
20000445  secAlarma                     
20000446  minutos                       
20000447  minAlarma                     
20000448  horas                         
20000449  horaAlarma                    
2000044a  activeAlarma                  
2000044b  aviso1                        
2000045b  aviso2                        
2000046b  aviso3                        
2000047b  borrado                       
2000048b  lineas                        
2000049b  saludo                        
200004ac  _orientation                  
200004ad  Fuente                        
200004ae  Color_Fondo                   
200004b0  Color_Texto                   
200004b2  Color_Fondo_Inv               
200004b4  Color_Texto_Inv               
200004b6  colorLowByte                  
200004b7  colorHighByte                 
200004b8  bgColorLowByte                
200004b9  bgColorHighByte               
200004bc  errno                         
200004c0  SystemCoreClock               
2000fe00  __stack                       
20010000  __STACK_END                   
4000480c  WDTCTL_SYM                    
ffffffff  __TI_pprof_out_hndl           
ffffffff  __TI_prof_data_size           
ffffffff  __TI_prof_data_start          
ffffffff  __binit__                     
ffffffff  __c_args__                    
ffffffff  binit                         
UNDEFED   __mpu_init                    
UNDEFED   _system_post_cinit            

[235 symbols]
