<?xml version="1.0" encoding="ISO-8859-1" ?>
<link_info>
   <banner>TI ARM Linker Unix v18.1.2.LTS</banner>
   <copyright>Copyright (c) 1996-2017 Texas Instruments Incorporated</copyright>
   <link_time>0x5c927e24</link_time>
   <link_errors>0x0</link_errors>
   <output_file>PAE_MarcosPlaza_Practica3.out</output_file>
   <entry_point>
      <name>_c_int00_noargs</name>
      <address>0x46e5</address>
   </entry_point>
   <input_file_list>
      <input_file id="fl-1">
         <path>./</path>
         <kind>object</kind>
         <file>main.obj</file>
         <name>main.obj</name>
      </input_file>
      <input_file id="fl-2">
         <path>./</path>
         <kind>object</kind>
         <file>startup_msp432p401r_ccs.obj</file>
         <name>startup_msp432p401r_ccs.obj</name>
      </input_file>
      <input_file id="fl-3">
         <path>./</path>
         <kind>object</kind>
         <file>system_msp432p401r.obj</file>
         <name>system_msp432p401r.obj</name>
      </input_file>
      <input_file id="fl-8">
         <kind>object</kind>
         <file>&lt;internal&gt;</file>
         <name>&lt;internal&gt;</name>
      </input_file>
      <input_file id="fl-9">
         <path>../</path>
         <kind>archive</kind>
         <file>lib_PAE3.lib</file>
         <name>Inicializacion.obj</name>
      </input_file>
      <input_file id="fl-a">
         <path>../</path>
         <kind>archive</kind>
         <file>lib_PAE3.lib</file>
         <name>lcd.obj</name>
      </input_file>
      <input_file id="fl-b">
         <path>../</path>
         <kind>archive</kind>
         <file>lib_PAE3.lib</file>
         <name>msp_LCD.obj</name>
      </input_file>
      <input_file id="fl-c">
         <path>../</path>
         <kind>archive</kind>
         <file>lib_PAE3.lib</file>
         <name>graphics.obj</name>
      </input_file>
      <input_file id="fl-c2">
         <path>/Applications/ti/ccsv8/tools/compiler/ti-cgt-arm_18.1.2.LTS/lib/</path>
         <kind>archive</kind>
         <file>rtsv7M4_T_le_v4SPD16_eabi.lib</file>
         <name>memcpy_t2.asm.obj</name>
      </input_file>
      <input_file id="fl-c3">
         <path>/Applications/ti/ccsv8/tools/compiler/ti-cgt-arm_18.1.2.LTS/lib/</path>
         <kind>archive</kind>
         <file>rtsv7M4_T_le_v4SPD16_eabi.lib</file>
         <name>copy_zero_init.c.obj</name>
      </input_file>
      <input_file id="fl-c4">
         <path>/Applications/ti/ccsv8/tools/compiler/ti-cgt-arm_18.1.2.LTS/lib/</path>
         <kind>archive</kind>
         <file>rtsv7M4_T_le_v4SPD16_eabi.lib</file>
         <name>copy_decompress_none.c.obj</name>
      </input_file>
      <input_file id="fl-c5">
         <path>/Applications/ti/ccsv8/tools/compiler/ti-cgt-arm_18.1.2.LTS/lib/</path>
         <kind>archive</kind>
         <file>rtsv7M4_T_le_v4SPD16_eabi.lib</file>
         <name>copy_decompress_lzss.c.obj</name>
      </input_file>
      <input_file id="fl-c6">
         <path>/Applications/ti/ccsv8/tools/compiler/ti-cgt-arm_18.1.2.LTS/lib/</path>
         <kind>archive</kind>
         <file>rtsv7M4_T_le_v4SPD16_eabi.lib</file>
         <name>boot_cortex_m.c.obj</name>
      </input_file>
      <input_file id="fl-c7">
         <path>/Applications/ti/ccsv8/tools/compiler/ti-cgt-arm_18.1.2.LTS/lib/</path>
         <kind>archive</kind>
         <file>rtsv7M4_T_le_v4SPD16_eabi.lib</file>
         <name>exit.c.obj</name>
      </input_file>
      <input_file id="fl-c8">
         <path>/Applications/ti/ccsv8/tools/compiler/ti-cgt-arm_18.1.2.LTS/lib/</path>
         <kind>archive</kind>
         <file>rtsv7M4_T_le_v4SPD16_eabi.lib</file>
         <name>_lock.c.obj</name>
      </input_file>
      <input_file id="fl-c9">
         <path>/Applications/ti/ccsv8/tools/compiler/ti-cgt-arm_18.1.2.LTS/lib/</path>
         <kind>archive</kind>
         <file>rtsv7M4_T_le_v4SPD16_eabi.lib</file>
         <name>args_main.c.obj</name>
      </input_file>
      <input_file id="fl-ca">
         <path>/Applications/ti/ccsv8/tools/compiler/ti-cgt-arm_18.1.2.LTS/lib/</path>
         <kind>archive</kind>
         <file>rtsv7M4_T_le_v4SPD16_eabi.lib</file>
         <name>sprintf.c.obj</name>
      </input_file>
      <input_file id="fl-cb">
         <path>/Applications/ti/ccsv8/tools/compiler/ti-cgt-arm_18.1.2.LTS/lib/</path>
         <kind>archive</kind>
         <file>rtsv7M4_T_le_v4SPD16_eabi.lib</file>
         <name>memset_t2.asm.obj</name>
      </input_file>
      <input_file id="fl-cc">
         <path>/Applications/ti/ccsv8/tools/compiler/ti-cgt-arm_18.1.2.LTS/lib/</path>
         <kind>archive</kind>
         <file>rtsv7M4_T_le_v4SPD16_eabi.lib</file>
         <name>autoinit.c.obj</name>
      </input_file>
      <input_file id="fl-cd">
         <path>/Applications/ti/ccsv8/tools/compiler/ti-cgt-arm_18.1.2.LTS/lib/</path>
         <kind>archive</kind>
         <file>rtsv7M4_T_le_v4SPD16_eabi.lib</file>
         <name>pre_init.c.obj</name>
      </input_file>
      <input_file id="fl-ce">
         <path>/Applications/ti/ccsv8/tools/compiler/ti-cgt-arm_18.1.2.LTS/lib/</path>
         <kind>archive</kind>
         <file>rtsv7M4_T_le_v4SPD16_eabi.lib</file>
         <name>cpy_tbl.c.obj</name>
      </input_file>
      <input_file id="fl-cf">
         <path>/Applications/ti/ccsv8/tools/compiler/ti-cgt-arm_18.1.2.LTS/lib/</path>
         <kind>archive</kind>
         <file>rtsv7M4_T_le_v4SPD16_eabi.lib</file>
         <name>_printfi.c.obj</name>
      </input_file>
      <input_file id="fl-d0">
         <path>/Applications/ti/ccsv8/tools/compiler/ti-cgt-arm_18.1.2.LTS/lib/</path>
         <kind>archive</kind>
         <file>rtsv7M4_T_le_v4SPD16_eabi.lib</file>
         <name>atoi.c.obj</name>
      </input_file>
      <input_file id="fl-d1">
         <path>/Applications/ti/ccsv8/tools/compiler/ti-cgt-arm_18.1.2.LTS/lib/</path>
         <kind>archive</kind>
         <file>rtsv7M4_T_le_v4SPD16_eabi.lib</file>
         <name>ctype.c.obj</name>
      </input_file>
      <input_file id="fl-d2">
         <path>/Applications/ti/ccsv8/tools/compiler/ti-cgt-arm_18.1.2.LTS/lib/</path>
         <kind>archive</kind>
         <file>rtsv7M4_T_le_v4SPD16_eabi.lib</file>
         <name>ltoa.c.obj</name>
      </input_file>
      <input_file id="fl-d3">
         <path>/Applications/ti/ccsv8/tools/compiler/ti-cgt-arm_18.1.2.LTS/lib/</path>
         <kind>archive</kind>
         <file>rtsv7M4_T_le_v4SPD16_eabi.lib</file>
         <name>memccpy.c.obj</name>
      </input_file>
      <input_file id="fl-d4">
         <path>/Applications/ti/ccsv8/tools/compiler/ti-cgt-arm_18.1.2.LTS/lib/</path>
         <kind>archive</kind>
         <file>rtsv7M4_T_le_v4SPD16_eabi.lib</file>
         <name>strchr.c.obj</name>
      </input_file>
      <input_file id="fl-d5">
         <path>/Applications/ti/ccsv8/tools/compiler/ti-cgt-arm_18.1.2.LTS/lib/</path>
         <kind>archive</kind>
         <file>rtsv7M4_T_le_v4SPD16_eabi.lib</file>
         <name>strlen.c.obj</name>
      </input_file>
      <input_file id="fl-d6">
         <path>/Applications/ti/ccsv8/tools/compiler/ti-cgt-arm_18.1.2.LTS/lib/</path>
         <kind>archive</kind>
         <file>rtsv7M4_T_le_v4SPD16_eabi.lib</file>
         <name>s_frexp.c.obj</name>
      </input_file>
      <input_file id="fl-d7">
         <path>/Applications/ti/ccsv8/tools/compiler/ti-cgt-arm_18.1.2.LTS/lib/</path>
         <kind>archive</kind>
         <file>rtsv7M4_T_le_v4SPD16_eabi.lib</file>
         <name>s_scalbn.c.obj</name>
      </input_file>
      <input_file id="fl-d8">
         <path>/Applications/ti/ccsv8/tools/compiler/ti-cgt-arm_18.1.2.LTS/lib/</path>
         <kind>archive</kind>
         <file>rtsv7M4_T_le_v4SPD16_eabi.lib</file>
         <name>s_copysign.c.obj</name>
      </input_file>
      <input_file id="fl-d9">
         <path>/Applications/ti/ccsv8/tools/compiler/ti-cgt-arm_18.1.2.LTS/lib/</path>
         <kind>archive</kind>
         <file>rtsv7M4_T_le_v4SPD16_eabi.lib</file>
         <name>wcslen.c.obj</name>
      </input_file>
      <input_file id="fl-da">
         <path>/Applications/ti/ccsv8/tools/compiler/ti-cgt-arm_18.1.2.LTS/lib/</path>
         <kind>archive</kind>
         <file>rtsv7M4_T_le_v4SPD16_eabi.lib</file>
         <name>fd_add_t2.asm.obj</name>
      </input_file>
      <input_file id="fl-db">
         <path>/Applications/ti/ccsv8/tools/compiler/ti-cgt-arm_18.1.2.LTS/lib/</path>
         <kind>archive</kind>
         <file>rtsv7M4_T_le_v4SPD16_eabi.lib</file>
         <name>fd_cmp_t2.asm.obj</name>
      </input_file>
      <input_file id="fl-dc">
         <path>/Applications/ti/ccsv8/tools/compiler/ti-cgt-arm_18.1.2.LTS/lib/</path>
         <kind>archive</kind>
         <file>rtsv7M4_T_le_v4SPD16_eabi.lib</file>
         <name>fd_div_t2.asm.obj</name>
      </input_file>
      <input_file id="fl-dd">
         <path>/Applications/ti/ccsv8/tools/compiler/ti-cgt-arm_18.1.2.LTS/lib/</path>
         <kind>archive</kind>
         <file>rtsv7M4_T_le_v4SPD16_eabi.lib</file>
         <name>fd_mul_t2.asm.obj</name>
      </input_file>
      <input_file id="fl-de">
         <path>/Applications/ti/ccsv8/tools/compiler/ti-cgt-arm_18.1.2.LTS/lib/</path>
         <kind>archive</kind>
         <file>rtsv7M4_T_le_v4SPD16_eabi.lib</file>
         <name>fd_toi_t2.asm.obj</name>
      </input_file>
      <input_file id="fl-df">
         <path>/Applications/ti/ccsv8/tools/compiler/ti-cgt-arm_18.1.2.LTS/lib/</path>
         <kind>archive</kind>
         <file>rtsv7M4_T_le_v4SPD16_eabi.lib</file>
         <name>i_tofd_t2.asm.obj</name>
      </input_file>
      <input_file id="fl-e0">
         <path>/Applications/ti/ccsv8/tools/compiler/ti-cgt-arm_18.1.2.LTS/lib/</path>
         <kind>archive</kind>
         <file>rtsv7M4_T_le_v4SPD16_eabi.lib</file>
         <name>ull_div_t2.asm.obj</name>
      </input_file>
      <input_file id="fl-e1">
         <path>/Applications/ti/ccsv8/tools/compiler/ti-cgt-arm_18.1.2.LTS/lib/</path>
         <kind>archive</kind>
         <file>rtsv7M4_T_le_v4SPD16_eabi.lib</file>
         <name>errno.c.obj</name>
      </input_file>
      <input_file id="fl-e2">
         <path>/Applications/ti/ccsv8/tools/compiler/ti-cgt-arm_18.1.2.LTS/lib/</path>
         <kind>archive</kind>
         <file>rtsv7M4_T_le_v4SPD16_eabi.lib</file>
         <name>div0.asm.obj</name>
      </input_file>
   </input_file_list>
   <object_component_list>
      <object_component id="oc-23">
         <name>.intvecs:retain</name>
         <load_address>0x0</load_address>
         <run_address>0x0</run_address>
         <size>0xe4</size>
         <input_file_ref idref="fl-2"/>
      </object_component>
      <object_component id="oc-13d">
         <name>.text</name>
         <load_address>0xe4</load_address>
         <run_address>0xe4</run_address>
         <size>0x104c</size>
         <input_file_ref idref="fl-c"/>
      </object_component>
      <object_component id="oc-6a">
         <name>.text</name>
         <load_address>0x1130</load_address>
         <run_address>0x1130</run_address>
         <size>0xae4</size>
         <input_file_ref idref="fl-1"/>
      </object_component>
      <object_component id="oc-155">
         <name>.text:__TI_printfi</name>
         <load_address>0x1c14</load_address>
         <run_address>0x1c14</run_address>
         <size>0xa5e</size>
         <input_file_ref idref="fl-cf"/>
      </object_component>
      <object_component id="oc-2ea">
         <name>.text</name>
         <load_address>0x2672</load_address>
         <run_address>0x2672</run_address>
         <size>0x2</size>
         <input_file_ref idref="fl-e2"/>
      </object_component>
      <object_component id="oc-a9">
         <name>.text</name>
         <load_address>0x2674</load_address>
         <run_address>0x2674</run_address>
         <size>0x8a8</size>
         <input_file_ref idref="fl-a"/>
      </object_component>
      <object_component id="oc-a2">
         <name>.text</name>
         <load_address>0x2f1c</load_address>
         <run_address>0x2f1c</run_address>
         <size>0x334</size>
         <input_file_ref idref="fl-3"/>
      </object_component>
      <object_component id="oc-1f8">
         <name>.text:_pconv_a</name>
         <load_address>0x3250</load_address>
         <run_address>0x3250</run_address>
         <size>0x270</size>
         <input_file_ref idref="fl-cf"/>
      </object_component>
      <object_component id="oc-1e6">
         <name>.text:_pconv_g</name>
         <load_address>0x34c0</load_address>
         <run_address>0x34c0</run_address>
         <size>0x1d0</size>
         <input_file_ref idref="fl-cf"/>
      </object_component>
      <object_component id="oc-27b">
         <name>.text</name>
         <load_address>0x3690</load_address>
         <run_address>0x3690</run_address>
         <size>0x1b6</size>
         <input_file_ref idref="fl-da"/>
      </object_component>
      <object_component id="oc-134">
         <name>.text</name>
         <load_address>0x3848</load_address>
         <run_address>0x3848</run_address>
         <size>0x188</size>
         <input_file_ref idref="fl-b"/>
      </object_component>
      <object_component id="oc-1f2">
         <name>.text:_pconv_e</name>
         <load_address>0x39d0</load_address>
         <run_address>0x39d0</run_address>
         <size>0x13c</size>
         <input_file_ref idref="fl-cf"/>
      </object_component>
      <object_component id="oc-261">
         <name>.text</name>
         <load_address>0x3b0c</load_address>
         <run_address>0x3b0c</run_address>
         <size>0x136</size>
         <input_file_ref idref="fl-dc"/>
      </object_component>
      <object_component id="oc-28d">
         <name>.text:fcvt</name>
         <load_address>0x3c44</load_address>
         <run_address>0x3c44</run_address>
         <size>0x120</size>
         <input_file_ref idref="fl-cf"/>
      </object_component>
      <object_component id="oc-2a1">
         <name>.text:scalbn</name>
         <load_address>0x3d64</load_address>
         <run_address>0x3d64</run_address>
         <size>0x110</size>
         <input_file_ref idref="fl-d7"/>
      </object_component>
      <object_component id="oc-25c">
         <name>.text</name>
         <load_address>0x3e74</load_address>
         <run_address>0x3e74</run_address>
         <size>0xfc</size>
         <input_file_ref idref="fl-dd"/>
      </object_component>
      <object_component id="oc-1db">
         <name>.text:_ltostr</name>
         <load_address>0x3f70</load_address>
         <run_address>0x3f70</run_address>
         <size>0xb1</size>
         <input_file_ref idref="fl-cf"/>
      </object_component>
      <object_component id="oc-34">
         <name>.text</name>
         <load_address>0x4022</load_address>
         <run_address>0x4022</run_address>
         <size>0x9c</size>
         <input_file_ref idref="fl-c2"/>
      </object_component>
      <object_component id="oc-255">
         <name>.text</name>
         <load_address>0x40be</load_address>
         <run_address>0x40be</run_address>
         <size>0x96</size>
         <input_file_ref idref="fl-e0"/>
      </object_component>
      <object_component id="oc-1e1">
         <name>.text:__aeabi_cdcmple</name>
         <load_address>0x4154</load_address>
         <run_address>0x4154</run_address>
         <size>0x86</size>
         <input_file_ref idref="fl-db"/>
      </object_component>
      <object_component id="oc-266">
         <name>.text:__aeabi_cdrcmple</name>
         <load_address>0x41da</load_address>
         <run_address>0x41da</run_address>
         <size>0x86</size>
         <input_file_ref idref="fl-db"/>
      </object_component>
      <object_component id="oc-8a">
         <name>.text</name>
         <load_address>0x4260</load_address>
         <run_address>0x4260</run_address>
         <size>0x7a</size>
         <input_file_ref idref="fl-cb"/>
      </object_component>
      <object_component id="oc-b5">
         <name>.text</name>
         <load_address>0x42dc</load_address>
         <run_address>0x42dc</run_address>
         <size>0x78</size>
         <input_file_ref idref="fl-9"/>
      </object_component>
      <object_component id="oc-286">
         <name>.text:_mcpy</name>
         <load_address>0x4354</load_address>
         <run_address>0x4354</run_address>
         <size>0x6e</size>
         <input_file_ref idref="fl-cf"/>
      </object_component>
      <object_component id="oc-14">
         <name>.text:decompress:lzss:__TI_decompress_lzss</name>
         <load_address>0x43c2</load_address>
         <run_address>0x43c2</run_address>
         <size>0x68</size>
         <input_file_ref idref="fl-c5"/>
      </object_component>
      <object_component id="oc-29b">
         <name>.text:frexp</name>
         <load_address>0x442c</load_address>
         <run_address>0x442c</run_address>
         <size>0x64</size>
         <input_file_ref idref="fl-d6"/>
      </object_component>
      <object_component id="oc-1ec">
         <name>.text:_pconv_f</name>
         <load_address>0x4490</load_address>
         <run_address>0x4490</run_address>
         <size>0x56</size>
         <input_file_ref idref="fl-cf"/>
      </object_component>
      <object_component id="oc-270">
         <name>.text:ltoa</name>
         <load_address>0x44e6</load_address>
         <run_address>0x44e6</run_address>
         <size>0x54</size>
         <input_file_ref idref="fl-d2"/>
      </object_component>
      <object_component id="oc-280">
         <name>.text:_ecpy</name>
         <load_address>0x453a</load_address>
         <run_address>0x453a</run_address>
         <size>0x52</size>
         <input_file_ref idref="fl-cf"/>
      </object_component>
      <object_component id="oc-1d5">
         <name>.text:atoi</name>
         <load_address>0x458c</load_address>
         <run_address>0x458c</run_address>
         <size>0x4c</size>
         <input_file_ref idref="fl-d0"/>
      </object_component>
      <object_component id="oc-26b">
         <name>.text</name>
         <load_address>0x45d8</load_address>
         <run_address>0x45d8</run_address>
         <size>0x48</size>
         <input_file_ref idref="fl-de"/>
      </object_component>
      <object_component id="oc-fe">
         <name>.text:__TI_auto_init_nobinit_nopinit:__TI_auto_init_nobinit_nopinit</name>
         <load_address>0x4620</load_address>
         <run_address>0x4620</run_address>
         <size>0x44</size>
         <input_file_ref idref="fl-cc"/>
      </object_component>
      <object_component id="oc-bb">
         <name>.text:sprintf</name>
         <load_address>0x4664</load_address>
         <run_address>0x4664</run_address>
         <size>0x40</size>
         <input_file_ref idref="fl-ca"/>
      </object_component>
      <object_component id="oc-293">
         <name>.text:_fcpy</name>
         <load_address>0x46a4</load_address>
         <run_address>0x46a4</run_address>
         <size>0x3e</size>
         <input_file_ref idref="fl-cf"/>
      </object_component>
      <object_component id="oc-52">
         <name>.text:_c_int00_noargs:_c_int00_noargs</name>
         <load_address>0x46e4</load_address>
         <run_address>0x46e4</run_address>
         <size>0x38</size>
         <input_file_ref idref="fl-c6"/>
      </object_component>
      <object_component id="oc-276">
         <name>.text</name>
         <load_address>0x471c</load_address>
         <run_address>0x471c</run_address>
         <size>0x2e</size>
         <input_file_ref idref="fl-df"/>
      </object_component>
      <object_component id="oc-1fe">
         <name>.text:memccpy</name>
         <load_address>0x474a</load_address>
         <run_address>0x474a</run_address>
         <size>0x1c</size>
         <input_file_ref idref="fl-d3"/>
      </object_component>
      <object_component id="oc-15b">
         <name>.text:_outs</name>
         <load_address>0x4766</load_address>
         <run_address>0x4766</run_address>
         <size>0x18</size>
         <input_file_ref idref="fl-ca"/>
      </object_component>
      <object_component id="oc-2a7">
         <name>.text:strchr</name>
         <load_address>0x477e</load_address>
         <run_address>0x477e</run_address>
         <size>0x16</size>
         <input_file_ref idref="fl-d4"/>
      </object_component>
      <object_component id="oc-303">
         <name>.text:copysign</name>
         <load_address>0x4794</load_address>
         <run_address>0x4794</run_address>
         <size>0x14</size>
         <input_file_ref idref="fl-d8"/>
      </object_component>
      <object_component id="oc-1cf">
         <name>.text:strlen</name>
         <load_address>0x47a8</load_address>
         <run_address>0x47a8</run_address>
         <size>0x14</size>
         <input_file_ref idref="fl-d5"/>
      </object_component>
      <object_component id="oc-204">
         <name>.text:wcslen</name>
         <load_address>0x47bc</load_address>
         <run_address>0x47bc</run_address>
         <size>0x12</size>
         <input_file_ref idref="fl-d9"/>
      </object_component>
      <object_component id="oc-1a">
         <name>.text:decompress:none:__TI_decompress_none</name>
         <load_address>0x47ce</load_address>
         <run_address>0x47ce</run_address>
         <size>0xe</size>
         <input_file_ref idref="fl-c4"/>
      </object_component>
      <object_component id="oc-64">
         <name>.text</name>
         <load_address>0x47dc</load_address>
         <run_address>0x47dc</run_address>
         <size>0xe</size>
         <input_file_ref idref="fl-2"/>
      </object_component>
      <object_component id="oc-46">
         <name>.text:decompress:ZI:__TI_zero_init</name>
         <load_address>0x47ea</load_address>
         <run_address>0x47ea</run_address>
         <size>0xc</size>
         <input_file_ref idref="fl-c3"/>
      </object_component>
      <object_component id="oc-161">
         <name>.text:_outc</name>
         <load_address>0x47f6</load_address>
         <run_address>0x47f6</run_address>
         <size>0xa</size>
         <input_file_ref idref="fl-ca"/>
      </object_component>
      <object_component id="oc-20a">
         <name>.text:__aeabi_errno_addr</name>
         <load_address>0x4800</load_address>
         <run_address>0x4800</run_address>
         <size>0x8</size>
         <input_file_ref idref="fl-e1"/>
      </object_component>
      <object_component id="oc-90">
         <name>.text:_system_pre_init</name>
         <load_address>0x4808</load_address>
         <run_address>0x4808</run_address>
         <size>0x4</size>
         <input_file_ref idref="fl-cd"/>
      </object_component>
      <object_component id="oc-f2">
         <name>.text:abort:abort</name>
         <load_address>0x480c</load_address>
         <run_address>0x480c</run_address>
         <size>0x4</size>
         <input_file_ref idref="fl-c7"/>
      </object_component>
      <object_component id="oc-1b4">
         <name>.const:font_11x16</name>
         <load_address>0x4810</load_address>
         <run_address>0x4810</run_address>
         <size>0x82a</size>
         <input_file_ref idref="fl-c"/>
      </object_component>
      <object_component id="oc-1b7">
         <name>.const:font_8x12</name>
         <load_address>0x503a</load_address>
         <run_address>0x503a</run_address>
         <size>0x474</size>
         <input_file_ref idref="fl-c"/>
      </object_component>
      <object_component id="oc-1b1">
         <name>.const:font_5x7</name>
         <load_address>0x54ae</load_address>
         <run_address>0x54ae</run_address>
         <size>0x1e0</size>
         <input_file_ref idref="fl-c"/>
      </object_component>
      <object_component id="oc-250">
         <name>.const:.string:_ctypes_</name>
         <load_address>0x568e</load_address>
         <run_address>0x568e</run_address>
         <size>0x101</size>
         <input_file_ref idref="fl-d1"/>
      </object_component>
      <object_component id="oc-143">
         <name>.const:.string:$P$T0$1</name>
         <load_address>0x578f</load_address>
         <run_address>0x578f</run_address>
         <size>0x10</size>
         <input_file_ref idref="fl-a"/>
      </object_component>
      <object_component id="oc-146">
         <name>.const:.string:$P$T1$2</name>
         <load_address>0x579f</load_address>
         <run_address>0x579f</run_address>
         <size>0x10</size>
         <input_file_ref idref="fl-a"/>
      </object_component>
      <object_component id="oc-35f">
         <name>.cinit..data.load</name>
         <load_address>0x57b0</load_address>
         <run_address>0x57b0</run_address>
         <size>0x67</size>
      </object_component>
      <object_component id="oc-35d">
         <name>__TI_handler_table</name>
         <load_address>0x5818</load_address>
         <run_address>0x5818</run_address>
         <size>0xc</size>
      </object_component>
      <object_component id="oc-360">
         <name>.cinit..bss.load</name>
         <load_address>0x5828</load_address>
         <run_address>0x5828</run_address>
         <size>0x8</size>
      </object_component>
      <object_component id="oc-35e">
         <name>__TI_cinit_table</name>
         <load_address>0x5830</load_address>
         <run_address>0x5830</run_address>
         <size>0x10</size>
      </object_component>
      <object_component id="oc-332">
         <name>.binit</name>
         <load_address>0x0</load_address>
         <run_address>0x0</run_address>
         <size>0x0</size>
      </object_component>
      <object_component id="oc-c1">
         <name>.data:saludo</name>
         <load_address>0x2000049b</load_address>
         <run_address>0x2000049b</run_address>
         <size>0x10</size>
         <input_file_ref idref="fl-1"/>
      </object_component>
      <object_component id="oc-c4">
         <name>.data:lineas</name>
         <load_address>0x2000048b</load_address>
         <run_address>0x2000048b</run_address>
         <size>0x10</size>
         <input_file_ref idref="fl-1"/>
      </object_component>
      <object_component id="oc-cc">
         <name>.data:aviso1</name>
         <load_address>0x2000044b</load_address>
         <run_address>0x2000044b</run_address>
         <size>0x10</size>
         <input_file_ref idref="fl-1"/>
      </object_component>
      <object_component id="oc-cf">
         <name>.data:aviso2</name>
         <load_address>0x2000045b</load_address>
         <run_address>0x2000045b</run_address>
         <size>0x10</size>
         <input_file_ref idref="fl-1"/>
      </object_component>
      <object_component id="oc-d2">
         <name>.data:aviso3</name>
         <load_address>0x2000046b</load_address>
         <run_address>0x2000046b</run_address>
         <size>0x10</size>
         <input_file_ref idref="fl-1"/>
      </object_component>
      <object_component id="oc-af">
         <name>.data:borrado</name>
         <load_address>0x2000047b</load_address>
         <run_address>0x2000047b</run_address>
         <size>0x10</size>
         <input_file_ref idref="fl-1"/>
      </object_component>
      <object_component id="oc-b2">
         <name>.data</name>
         <load_address>0x20000430</load_address>
         <run_address>0x20000430</run_address>
         <size>0x1b</size>
         <input_file_ref idref="fl-1"/>
      </object_component>
      <object_component id="oc-130">
         <name>.data</name>
         <load_address>0x200004c0</load_address>
         <run_address>0x200004c0</run_address>
         <size>0x4</size>
         <input_file_ref idref="fl-3"/>
      </object_component>
      <object_component id="oc-13a">
         <name>.data</name>
         <load_address>0x200004ac</load_address>
         <run_address>0x200004ac</run_address>
         <size>0xa</size>
         <input_file_ref idref="fl-a"/>
      </object_component>
      <object_component id="oc-1ae">
         <name>.data</name>
         <load_address>0x200004b6</load_address>
         <run_address>0x200004b6</run_address>
         <size>0x4</size>
         <input_file_ref idref="fl-c"/>
      </object_component>
      <object_component id="oc-2b7">
         <name>.data</name>
         <load_address>0x200004bc</load_address>
         <run_address>0x200004bc</run_address>
         <size>0x4</size>
         <input_file_ref idref="fl-e1"/>
      </object_component>
      <object_component id="oc-1ba">
         <name>.bss:g_pulConvertedPalette</name>
         <uninitialized>true</uninitialized>
         <run_address>0x20000000</run_address>
         <size>0x400</size>
         <input_file_ref idref="fl-c"/>
      </object_component>
      <object_component id="oc-cb">
         <name>.common:cadena</name>
         <uninitialized>true</uninitialized>
         <run_address>0x20000410</run_address>
         <size>0x10</size>
      </object_component>
      <object_component id="oc-c7">
         <name>.common:clock</name>
         <uninitialized>true</uninitialized>
         <run_address>0x20000420</run_address>
         <size>0x10</size>
      </object_component>
      <object_component id="oc-ca">
         <name>.common:alarm</name>
         <uninitialized>true</uninitialized>
         <run_address>0x20000400</run_address>
         <size>0x10</size>
      </object_component>
      <object_component id="oc-26">
         <name>.stack</name>
         <uninitialized>true</uninitialized>
         <run_address>0x2000fe00</run_address>
         <size>0x4</size>
         <input_file_ref idref="fl-c6"/>
      </object_component>
      <object_component id="oc-361">
         <name>.stack</name>
         <uninitialized>true</uninitialized>
         <run_address>0x2000fe00</run_address>
         <size>0x0</size>
      </object_component>
      <object_component id="oc-c8">
         <name>.debug_info</name>
         <load_address>0x0</load_address>
         <run_address>0x0</run_address>
         <size>0x6a9</size>
         <input_file_ref idref="fl-1"/>
      </object_component>
      <object_component id="oc-c2">
         <name>.debug_info</name>
         <load_address>0x6a9</load_address>
         <run_address>0x6a9</run_address>
         <size>0xe2</size>
         <input_file_ref idref="fl-1"/>
      </object_component>
      <object_component id="oc-c5">
         <name>.debug_info</name>
         <load_address>0x78b</load_address>
         <run_address>0x78b</run_address>
         <size>0xe2</size>
         <input_file_ref idref="fl-1"/>
      </object_component>
      <object_component id="oc-cd">
         <name>.debug_info</name>
         <load_address>0x86d</load_address>
         <run_address>0x86d</run_address>
         <size>0xe2</size>
         <input_file_ref idref="fl-1"/>
      </object_component>
      <object_component id="oc-d0">
         <name>.debug_info</name>
         <load_address>0x94f</load_address>
         <run_address>0x94f</run_address>
         <size>0xe2</size>
         <input_file_ref idref="fl-1"/>
      </object_component>
      <object_component id="oc-d3">
         <name>.debug_info</name>
         <load_address>0xa31</load_address>
         <run_address>0xa31</run_address>
         <size>0xe2</size>
         <input_file_ref idref="fl-1"/>
      </object_component>
      <object_component id="oc-b0">
         <name>.debug_info</name>
         <load_address>0xb13</load_address>
         <run_address>0xb13</run_address>
         <size>0xe4</size>
         <input_file_ref idref="fl-1"/>
      </object_component>
      <object_component id="oc-b3">
         <name>.debug_info</name>
         <load_address>0xbf7</load_address>
         <run_address>0xbf7</run_address>
         <size>0x331</size>
         <input_file_ref idref="fl-1"/>
      </object_component>
      <object_component id="oc-6b">
         <name>.debug_info</name>
         <load_address>0xf28</load_address>
         <run_address>0xf28</run_address>
         <size>0xb5f</size>
         <input_file_ref idref="fl-1"/>
      </object_component>
      <object_component id="oc-179">
         <name>.debug_info</name>
         <load_address>0x1a87</load_address>
         <run_address>0x1a87</run_address>
         <size>0x1055</size>
         <input_file_ref idref="fl-1"/>
      </object_component>
      <object_component id="oc-dd">
         <name>.debug_info</name>
         <load_address>0x2adc</load_address>
         <run_address>0x2adc</run_address>
         <size>0x26b</size>
         <input_file_ref idref="fl-1"/>
      </object_component>
      <object_component id="oc-174">
         <name>.debug_info</name>
         <load_address>0x2d47</load_address>
         <run_address>0x2d47</run_address>
         <size>0x37e2</size>
         <input_file_ref idref="fl-1"/>
      </object_component>
      <object_component id="oc-2f">
         <name>.debug_info</name>
         <load_address>0x6529</load_address>
         <run_address>0x6529</run_address>
         <size>0x84</size>
         <input_file_ref idref="fl-1"/>
      </object_component>
      <object_component id="oc-184">
         <name>.debug_info</name>
         <load_address>0x65ad</load_address>
         <run_address>0x65ad</run_address>
         <size>0x297</size>
         <input_file_ref idref="fl-1"/>
      </object_component>
      <object_component id="oc-d6">
         <name>.debug_info</name>
         <load_address>0x6844</load_address>
         <run_address>0x6844</run_address>
         <size>0xbb</size>
         <input_file_ref idref="fl-1"/>
      </object_component>
      <object_component id="oc-169">
         <name>.debug_info</name>
         <load_address>0x68ff</load_address>
         <run_address>0x68ff</run_address>
         <size>0x2c</size>
         <input_file_ref idref="fl-1"/>
      </object_component>
      <object_component id="oc-72">
         <name>.debug_info</name>
         <load_address>0x692b</load_address>
         <run_address>0x692b</run_address>
         <size>0x2dd</size>
         <input_file_ref idref="fl-2"/>
      </object_component>
      <object_component id="oc-24">
         <name>.debug_info</name>
         <load_address>0x6c08</load_address>
         <run_address>0x6c08</run_address>
         <size>0x109</size>
         <input_file_ref idref="fl-2"/>
      </object_component>
      <object_component id="oc-65">
         <name>.debug_info</name>
         <load_address>0x6d11</load_address>
         <run_address>0x6d11</run_address>
         <size>0x1d0</size>
         <input_file_ref idref="fl-2"/>
      </object_component>
      <object_component id="oc-131">
         <name>.debug_info</name>
         <load_address>0x6ee1</load_address>
         <run_address>0x6ee1</run_address>
         <size>0x102</size>
         <input_file_ref idref="fl-3"/>
      </object_component>
      <object_component id="oc-a3">
         <name>.debug_info</name>
         <load_address>0x6fe3</load_address>
         <run_address>0x6fe3</run_address>
         <size>0x274</size>
         <input_file_ref idref="fl-3"/>
      </object_component>
      <object_component id="oc-24d">
         <name>.debug_info</name>
         <load_address>0x7257</load_address>
         <run_address>0x7257</run_address>
         <size>0x395</size>
         <input_file_ref idref="fl-9"/>
      </object_component>
      <object_component id="oc-b9">
         <name>.debug_info</name>
         <load_address>0x75ec</load_address>
         <run_address>0x75ec</run_address>
         <size>0x181</size>
         <input_file_ref idref="fl-9"/>
      </object_component>
      <object_component id="oc-2de">
         <name>.debug_info</name>
         <load_address>0x776d</load_address>
         <run_address>0x776d</run_address>
         <size>0x37cd</size>
         <input_file_ref idref="fl-9"/>
      </object_component>
      <object_component id="oc-1ca">
         <name>.debug_info</name>
         <load_address>0xaf3a</load_address>
         <run_address>0xaf3a</run_address>
         <size>0x1055</size>
         <input_file_ref idref="fl-9"/>
      </object_component>
      <object_component id="oc-14a">
         <name>.debug_info</name>
         <load_address>0xbf8f</load_address>
         <run_address>0xbf8f</run_address>
         <size>0x18b</size>
         <input_file_ref idref="fl-9"/>
      </object_component>
      <object_component id="oc-14f">
         <name>.debug_info</name>
         <load_address>0xc11a</load_address>
         <run_address>0xc11a</run_address>
         <size>0x689</size>
         <input_file_ref idref="fl-a"/>
      </object_component>
      <object_component id="oc-13b">
         <name>.debug_info</name>
         <load_address>0xc7a3</load_address>
         <run_address>0xc7a3</run_address>
         <size>0x19a</size>
         <input_file_ref idref="fl-a"/>
      </object_component>
      <object_component id="oc-144">
         <name>.debug_info</name>
         <load_address>0xc93d</load_address>
         <run_address>0xc93d</run_address>
         <size>0xc6</size>
         <input_file_ref idref="fl-a"/>
      </object_component>
      <object_component id="oc-147">
         <name>.debug_info</name>
         <load_address>0xca03</load_address>
         <run_address>0xca03</run_address>
         <size>0xc6</size>
         <input_file_ref idref="fl-a"/>
      </object_component>
      <object_component id="oc-aa">
         <name>.debug_info</name>
         <load_address>0xcac9</load_address>
         <run_address>0xcac9</run_address>
         <size>0x1818</size>
         <input_file_ref idref="fl-a"/>
      </object_component>
      <object_component id="oc-1c5">
         <name>.debug_info</name>
         <load_address>0xe2e1</load_address>
         <run_address>0xe2e1</run_address>
         <size>0x37cd</size>
         <input_file_ref idref="fl-a"/>
      </object_component>
      <object_component id="oc-135">
         <name>.debug_info</name>
         <load_address>0x11aae</load_address>
         <run_address>0x11aae</run_address>
         <size>0x28b</size>
         <input_file_ref idref="fl-b"/>
      </object_component>
      <object_component id="oc-1be">
         <name>.debug_info</name>
         <load_address>0x11d39</load_address>
         <run_address>0x11d39</run_address>
         <size>0x1f1</size>
         <input_file_ref idref="fl-c"/>
      </object_component>
      <object_component id="oc-1b2">
         <name>.debug_info</name>
         <load_address>0x11f2a</load_address>
         <run_address>0x11f2a</run_address>
         <size>0xce</size>
         <input_file_ref idref="fl-c"/>
      </object_component>
      <object_component id="oc-1b8">
         <name>.debug_info</name>
         <load_address>0x11ff8</load_address>
         <run_address>0x11ff8</run_address>
         <size>0xd0</size>
         <input_file_ref idref="fl-c"/>
      </object_component>
      <object_component id="oc-1b5">
         <name>.debug_info</name>
         <load_address>0x120c8</load_address>
         <run_address>0x120c8</run_address>
         <size>0xd2</size>
         <input_file_ref idref="fl-c"/>
      </object_component>
      <object_component id="oc-1af">
         <name>.debug_info</name>
         <load_address>0x1219a</load_address>
         <run_address>0x1219a</run_address>
         <size>0x15d</size>
         <input_file_ref idref="fl-c"/>
      </object_component>
      <object_component id="oc-1bb">
         <name>.debug_info</name>
         <load_address>0x122f7</load_address>
         <run_address>0x122f7</run_address>
         <size>0xe7</size>
         <input_file_ref idref="fl-c"/>
      </object_component>
      <object_component id="oc-13e">
         <name>.debug_info</name>
         <load_address>0x123de</load_address>
         <run_address>0x123de</run_address>
         <size>0x1a6f</size>
         <input_file_ref idref="fl-c"/>
      </object_component>
      <object_component id="oc-35">
         <name>.debug_info</name>
         <load_address>0x13e4d</load_address>
         <run_address>0x13e4d</run_address>
         <size>0x111</size>
         <input_file_ref idref="fl-c2"/>
      </object_component>
      <object_component id="oc-89">
         <name>.debug_info</name>
         <load_address>0x13f5e</load_address>
         <run_address>0x13f5e</run_address>
         <size>0x313</size>
         <input_file_ref idref="fl-c3"/>
      </object_component>
      <object_component id="oc-47">
         <name>.debug_info</name>
         <load_address>0x14271</load_address>
         <run_address>0x14271</run_address>
         <size>0x1aa</size>
         <input_file_ref idref="fl-c3"/>
      </object_component>
      <object_component id="oc-84">
         <name>.debug_info</name>
         <load_address>0x1441b</load_address>
         <run_address>0x1441b</run_address>
         <size>0x46</size>
         <input_file_ref idref="fl-c3"/>
      </object_component>
      <object_component id="oc-e9">
         <name>.debug_info</name>
         <load_address>0x14461</load_address>
         <run_address>0x14461</run_address>
         <size>0x2c</size>
         <input_file_ref idref="fl-c3"/>
      </object_component>
      <object_component id="oc-3f">
         <name>.debug_info</name>
         <load_address>0x1448d</load_address>
         <run_address>0x1448d</run_address>
         <size>0x29d</size>
         <input_file_ref idref="fl-c4"/>
      </object_component>
      <object_component id="oc-1b">
         <name>.debug_info</name>
         <load_address>0x1472a</load_address>
         <run_address>0x1472a</run_address>
         <size>0x1df</size>
         <input_file_ref idref="fl-c4"/>
      </object_component>
      <object_component id="oc-3a">
         <name>.debug_info</name>
         <load_address>0x14909</load_address>
         <run_address>0x14909</run_address>
         <size>0x46</size>
         <input_file_ref idref="fl-c4"/>
      </object_component>
      <object_component id="oc-7c">
         <name>.debug_info</name>
         <load_address>0x1494f</load_address>
         <run_address>0x1494f</run_address>
         <size>0x2c</size>
         <input_file_ref idref="fl-c4"/>
      </object_component>
      <object_component id="oc-7a">
         <name>.debug_info</name>
         <load_address>0x1497b</load_address>
         <run_address>0x1497b</run_address>
         <size>0x293</size>
         <input_file_ref idref="fl-c5"/>
      </object_component>
      <object_component id="oc-15">
         <name>.debug_info</name>
         <load_address>0x14c0e</load_address>
         <run_address>0x14c0e</run_address>
         <size>0x245</size>
         <input_file_ref idref="fl-c5"/>
      </object_component>
      <object_component id="oc-2a">
         <name>.debug_info</name>
         <load_address>0x14e53</load_address>
         <run_address>0x14e53</run_address>
         <size>0x60</size>
         <input_file_ref idref="fl-c5"/>
      </object_component>
      <object_component id="oc-e2">
         <name>.debug_info</name>
         <load_address>0x14eb3</load_address>
         <run_address>0x14eb3</run_address>
         <size>0x46</size>
         <input_file_ref idref="fl-c5"/>
      </object_component>
      <object_component id="oc-75">
         <name>.debug_info</name>
         <load_address>0x14ef9</load_address>
         <run_address>0x14ef9</run_address>
         <size>0x39</size>
         <input_file_ref idref="fl-c5"/>
      </object_component>
      <object_component id="oc-27">
         <name>.debug_info</name>
         <load_address>0x14f32</load_address>
         <run_address>0x14f32</run_address>
         <size>0x100</size>
         <input_file_ref idref="fl-c6"/>
      </object_component>
      <object_component id="oc-53">
         <name>.debug_info</name>
         <load_address>0x15032</load_address>
         <run_address>0x15032</run_address>
         <size>0x1a4</size>
         <input_file_ref idref="fl-c6"/>
      </object_component>
      <object_component id="oc-f3">
         <name>.debug_info</name>
         <load_address>0x151d6</load_address>
         <run_address>0x151d6</run_address>
         <size>0x117</size>
         <input_file_ref idref="fl-c7"/>
      </object_component>
      <object_component id="oc-168">
         <name>.debug_info</name>
         <load_address>0x152ed</load_address>
         <run_address>0x152ed</run_address>
         <size>0x328</size>
         <input_file_ref idref="fl-ca"/>
      </object_component>
      <object_component id="oc-bc">
         <name>.debug_info</name>
         <load_address>0x15615</load_address>
         <run_address>0x15615</run_address>
         <size>0x1c6</size>
         <input_file_ref idref="fl-ca"/>
      </object_component>
      <object_component id="oc-15c">
         <name>.debug_info</name>
         <load_address>0x157db</load_address>
         <run_address>0x157db</run_address>
         <size>0x182</size>
         <input_file_ref idref="fl-ca"/>
      </object_component>
      <object_component id="oc-162">
         <name>.debug_info</name>
         <load_address>0x1595d</load_address>
         <run_address>0x1595d</run_address>
         <size>0x162</size>
         <input_file_ref idref="fl-ca"/>
      </object_component>
      <object_component id="oc-2be">
         <name>.debug_info</name>
         <load_address>0x15abf</load_address>
         <run_address>0x15abf</run_address>
         <size>0x2c</size>
         <input_file_ref idref="fl-ca"/>
      </object_component>
      <object_component id="oc-8b">
         <name>.debug_info</name>
         <load_address>0x15aeb</load_address>
         <run_address>0x15aeb</run_address>
         <size>0x13f</size>
         <input_file_ref idref="fl-cb"/>
      </object_component>
      <object_component id="oc-194">
         <name>.debug_info</name>
         <load_address>0x15c2a</load_address>
         <run_address>0x15c2a</run_address>
         <size>0x547</size>
         <input_file_ref idref="fl-cc"/>
      </object_component>
      <object_component id="oc-ff">
         <name>.debug_info</name>
         <load_address>0x16171</load_address>
         <run_address>0x16171</run_address>
         <size>0x19b</size>
         <input_file_ref idref="fl-cc"/>
      </object_component>
      <object_component id="oc-230">
         <name>.debug_info</name>
         <load_address>0x1630c</load_address>
         <run_address>0x1630c</run_address>
         <size>0x39</size>
         <input_file_ref idref="fl-cc"/>
      </object_component>
      <object_component id="oc-2d0">
         <name>.debug_info</name>
         <load_address>0x16345</load_address>
         <run_address>0x16345</run_address>
         <size>0x39</size>
         <input_file_ref idref="fl-cc"/>
      </object_component>
      <object_component id="oc-235">
         <name>.debug_info</name>
         <load_address>0x1637e</load_address>
         <run_address>0x1637e</run_address>
         <size>0x39</size>
         <input_file_ref idref="fl-cc"/>
      </object_component>
      <object_component id="oc-23a">
         <name>.debug_info</name>
         <load_address>0x163b7</load_address>
         <run_address>0x163b7</run_address>
         <size>0xcd</size>
         <input_file_ref idref="fl-cc"/>
      </object_component>
      <object_component id="oc-91">
         <name>.debug_info</name>
         <load_address>0x16484</load_address>
         <run_address>0x16484</run_address>
         <size>0x148</size>
         <input_file_ref idref="fl-cd"/>
      </object_component>
      <object_component id="oc-211">
         <name>.debug_info</name>
         <load_address>0x165cc</load_address>
         <run_address>0x165cc</run_address>
         <size>0x8a6</size>
         <input_file_ref idref="fl-cf"/>
      </object_component>
      <object_component id="oc-1de">
         <name>.debug_info</name>
         <load_address>0x16e72</load_address>
         <run_address>0x16e72</run_address>
         <size>0x213</size>
         <input_file_ref idref="fl-cf"/>
      </object_component>
      <object_component id="oc-283">
         <name>.debug_info</name>
         <load_address>0x17085</load_address>
         <run_address>0x17085</run_address>
         <size>0x1a8</size>
         <input_file_ref idref="fl-cf"/>
      </object_component>
      <object_component id="oc-289">
         <name>.debug_info</name>
         <load_address>0x1722d</load_address>
         <run_address>0x1722d</run_address>
         <size>0x210</size>
         <input_file_ref idref="fl-cf"/>
      </object_component>
      <object_component id="oc-1e9">
         <name>.debug_info</name>
         <load_address>0x1743d</load_address>
         <run_address>0x1743d</run_address>
         <size>0x3b0</size>
         <input_file_ref idref="fl-cf"/>
      </object_component>
      <object_component id="oc-290">
         <name>.debug_info</name>
         <load_address>0x177ed</load_address>
         <run_address>0x177ed</run_address>
         <size>0x2fa</size>
         <input_file_ref idref="fl-cf"/>
      </object_component>
      <object_component id="oc-296">
         <name>.debug_info</name>
         <load_address>0x17ae7</load_address>
         <run_address>0x17ae7</run_address>
         <size>0x20a</size>
         <input_file_ref idref="fl-cf"/>
      </object_component>
      <object_component id="oc-1ef">
         <name>.debug_info</name>
         <load_address>0x17cf1</load_address>
         <run_address>0x17cf1</run_address>
         <size>0x20a</size>
         <input_file_ref idref="fl-cf"/>
      </object_component>
      <object_component id="oc-1f5">
         <name>.debug_info</name>
         <load_address>0x17efb</load_address>
         <run_address>0x17efb</run_address>
         <size>0x2f9</size>
         <input_file_ref idref="fl-cf"/>
      </object_component>
      <object_component id="oc-1fb">
         <name>.debug_info</name>
         <load_address>0x181f4</load_address>
         <run_address>0x181f4</run_address>
         <size>0x4a5</size>
         <input_file_ref idref="fl-cf"/>
      </object_component>
      <object_component id="oc-158">
         <name>.debug_info</name>
         <load_address>0x18699</load_address>
         <run_address>0x18699</run_address>
         <size>0x5cd</size>
         <input_file_ref idref="fl-cf"/>
      </object_component>
      <object_component id="oc-212">
         <name>.debug_info</name>
         <load_address>0x18c66</load_address>
         <run_address>0x18c66</run_address>
         <size>0x86</size>
         <input_file_ref idref="fl-cf"/>
      </object_component>
      <object_component id="oc-2c3">
         <name>.debug_info</name>
         <load_address>0x18cec</load_address>
         <run_address>0x18cec</run_address>
         <size>0x39</size>
         <input_file_ref idref="fl-cf"/>
      </object_component>
      <object_component id="oc-31a">
         <name>.debug_info</name>
         <load_address>0x18d25</load_address>
         <run_address>0x18d25</run_address>
         <size>0xb6</size>
         <input_file_ref idref="fl-cf"/>
      </object_component>
      <object_component id="oc-2c8">
         <name>.debug_info</name>
         <load_address>0x18ddb</load_address>
         <run_address>0x18ddb</run_address>
         <size>0x46</size>
         <input_file_ref idref="fl-cf"/>
      </object_component>
      <object_component id="oc-217">
         <name>.debug_info</name>
         <load_address>0x18e21</load_address>
         <run_address>0x18e21</run_address>
         <size>0x46</size>
         <input_file_ref idref="fl-cf"/>
      </object_component>
      <object_component id="oc-254">
         <name>.debug_info</name>
         <load_address>0x18e67</load_address>
         <run_address>0x18e67</run_address>
         <size>0x2ae</size>
         <input_file_ref idref="fl-d0"/>
      </object_component>
      <object_component id="oc-1d6">
         <name>.debug_info</name>
         <load_address>0x19115</load_address>
         <run_address>0x19115</run_address>
         <size>0x171</size>
         <input_file_ref idref="fl-d0"/>
      </object_component>
      <object_component id="oc-2e7">
         <name>.debug_info</name>
         <load_address>0x19286</load_address>
         <run_address>0x19286</run_address>
         <size>0xee</size>
         <input_file_ref idref="fl-d1"/>
      </object_component>
      <object_component id="oc-251">
         <name>.debug_info</name>
         <load_address>0x19374</load_address>
         <run_address>0x19374</run_address>
         <size>0xfa</size>
         <input_file_ref idref="fl-d1"/>
      </object_component>
      <object_component id="oc-2f5">
         <name>.debug_info</name>
         <load_address>0x1946e</load_address>
         <run_address>0x1946e</run_address>
         <size>0x290</size>
         <input_file_ref idref="fl-d2"/>
      </object_component>
      <object_component id="oc-271">
         <name>.debug_info</name>
         <load_address>0x196fe</load_address>
         <run_address>0x196fe</run_address>
         <size>0x1c2</size>
         <input_file_ref idref="fl-d2"/>
      </object_component>
      <object_component id="oc-2af">
         <name>.debug_info</name>
         <load_address>0x198c0</load_address>
         <run_address>0x198c0</run_address>
         <size>0x28b</size>
         <input_file_ref idref="fl-d3"/>
      </object_component>
      <object_component id="oc-1ff">
         <name>.debug_info</name>
         <load_address>0x19b4b</load_address>
         <run_address>0x19b4b</run_address>
         <size>0x1ab</size>
         <input_file_ref idref="fl-d3"/>
      </object_component>
      <object_component id="oc-30c">
         <name>.debug_info</name>
         <load_address>0x19cf6</load_address>
         <run_address>0x19cf6</run_address>
         <size>0x28f</size>
         <input_file_ref idref="fl-d4"/>
      </object_component>
      <object_component id="oc-2a8">
         <name>.debug_info</name>
         <load_address>0x19f85</load_address>
         <run_address>0x19f85</run_address>
         <size>0x247</size>
         <input_file_ref idref="fl-d4"/>
      </object_component>
      <object_component id="oc-24f">
         <name>.debug_info</name>
         <load_address>0x1a1cc</load_address>
         <run_address>0x1a1cc</run_address>
         <size>0x284</size>
         <input_file_ref idref="fl-d5"/>
      </object_component>
      <object_component id="oc-1d0">
         <name>.debug_info</name>
         <load_address>0x1a450</load_address>
         <run_address>0x1a450</run_address>
         <size>0x22a</size>
         <input_file_ref idref="fl-d5"/>
      </object_component>
      <object_component id="oc-2fd">
         <name>.debug_info</name>
         <load_address>0x1a67a</load_address>
         <run_address>0x1a67a</run_address>
         <size>0x28f</size>
         <input_file_ref idref="fl-d6"/>
      </object_component>
      <object_component id="oc-29c">
         <name>.debug_info</name>
         <load_address>0x1a909</load_address>
         <run_address>0x1a909</run_address>
         <size>0x18a</size>
         <input_file_ref idref="fl-d6"/>
      </object_component>
      <object_component id="oc-326">
         <name>.debug_info</name>
         <load_address>0x1aa93</load_address>
         <run_address>0x1aa93</run_address>
         <size>0x39</size>
         <input_file_ref idref="fl-d6"/>
      </object_component>
      <object_component id="oc-2fe">
         <name>.debug_info</name>
         <load_address>0x1aacc</load_address>
         <run_address>0x1aacc</run_address>
         <size>0x2c</size>
         <input_file_ref idref="fl-d6"/>
      </object_component>
      <object_component id="oc-30a">
         <name>.debug_info</name>
         <load_address>0x1aaf8</load_address>
         <run_address>0x1aaf8</run_address>
         <size>0x2f2</size>
         <input_file_ref idref="fl-d7"/>
      </object_component>
      <object_component id="oc-2a4">
         <name>.debug_info</name>
         <load_address>0x1adea</load_address>
         <run_address>0x1adea</run_address>
         <size>0x21a</size>
         <input_file_ref idref="fl-d7"/>
      </object_component>
      <object_component id="oc-305">
         <name>.debug_info</name>
         <load_address>0x1b004</load_address>
         <run_address>0x1b004</run_address>
         <size>0x156</size>
         <input_file_ref idref="fl-d8"/>
      </object_component>
      <object_component id="oc-2b6">
         <name>.debug_info</name>
         <load_address>0x1b15a</load_address>
         <run_address>0x1b15a</run_address>
         <size>0x284</size>
         <input_file_ref idref="fl-d9"/>
      </object_component>
      <object_component id="oc-205">
         <name>.debug_info</name>
         <load_address>0x1b3de</load_address>
         <run_address>0x1b3de</run_address>
         <size>0x14f</size>
         <input_file_ref idref="fl-d9"/>
      </object_component>
      <object_component id="oc-30f">
         <name>.debug_info</name>
         <load_address>0x1b52d</load_address>
         <run_address>0x1b52d</run_address>
         <size>0x46</size>
         <input_file_ref idref="fl-d9"/>
      </object_component>
      <object_component id="oc-2b1">
         <name>.debug_info</name>
         <load_address>0x1b573</load_address>
         <run_address>0x1b573</run_address>
         <size>0x39</size>
         <input_file_ref idref="fl-d9"/>
      </object_component>
      <object_component id="oc-27c">
         <name>.debug_info</name>
         <load_address>0x1b5ac</load_address>
         <run_address>0x1b5ac</run_address>
         <size>0x144</size>
         <input_file_ref idref="fl-da"/>
      </object_component>
      <object_component id="oc-1e2">
         <name>.debug_info</name>
         <load_address>0x1b6f0</load_address>
         <run_address>0x1b6f0</run_address>
         <size>0x120</size>
         <input_file_ref idref="fl-db"/>
      </object_component>
      <object_component id="oc-267">
         <name>.debug_info</name>
         <load_address>0x1b810</load_address>
         <run_address>0x1b810</run_address>
         <size>0x122</size>
         <input_file_ref idref="fl-db"/>
      </object_component>
      <object_component id="oc-262">
         <name>.debug_info</name>
         <load_address>0x1b932</load_address>
         <run_address>0x1b932</run_address>
         <size>0x132</size>
         <input_file_ref idref="fl-dc"/>
      </object_component>
      <object_component id="oc-25f">
         <name>.debug_info</name>
         <load_address>0x1ba64</load_address>
         <run_address>0x1ba64</run_address>
         <size>0x132</size>
         <input_file_ref idref="fl-dd"/>
      </object_component>
      <object_component id="oc-26c">
         <name>.debug_info</name>
         <load_address>0x1bb96</load_address>
         <run_address>0x1bb96</run_address>
         <size>0x126</size>
         <input_file_ref idref="fl-de"/>
      </object_component>
      <object_component id="oc-277">
         <name>.debug_info</name>
         <load_address>0x1bcbc</load_address>
         <run_address>0x1bcbc</run_address>
         <size>0x124</size>
         <input_file_ref idref="fl-df"/>
      </object_component>
      <object_component id="oc-256">
         <name>.debug_info</name>
         <load_address>0x1bde0</load_address>
         <run_address>0x1bde0</run_address>
         <size>0x12c</size>
         <input_file_ref idref="fl-e0"/>
      </object_component>
      <object_component id="oc-2bb">
         <name>.debug_info</name>
         <load_address>0x1bf0c</load_address>
         <run_address>0x1bf0c</run_address>
         <size>0x27e</size>
         <input_file_ref idref="fl-e1"/>
      </object_component>
      <object_component id="oc-2b8">
         <name>.debug_info</name>
         <load_address>0x1c18a</load_address>
         <run_address>0x1c18a</run_address>
         <size>0x103</size>
         <input_file_ref idref="fl-e1"/>
      </object_component>
      <object_component id="oc-20b">
         <name>.debug_info</name>
         <load_address>0x1c28d</load_address>
         <run_address>0x1c28d</run_address>
         <size>0x143</size>
         <input_file_ref idref="fl-e1"/>
      </object_component>
      <object_component id="oc-2eb">
         <name>.debug_info</name>
         <load_address>0x1c3d0</load_address>
         <run_address>0x1c3d0</run_address>
         <size>0x10d</size>
         <input_file_ref idref="fl-e2"/>
      </object_component>
      <object_component id="oc-362">
         <name>.debug_info</name>
         <load_address>0x1c4dd</load_address>
         <run_address>0x1c4dd</run_address>
         <size>0xb8</size>
      </object_component>
      <object_component id="oc-173">
         <name>.debug_line</name>
         <load_address>0x0</load_address>
         <run_address>0x0</run_address>
         <size>0x8d</size>
         <input_file_ref idref="fl-1"/>
      </object_component>
      <object_component id="oc-16f">
         <name>.debug_line</name>
         <load_address>0x8d</load_address>
         <run_address>0x8d</run_address>
         <size>0x2d</size>
         <input_file_ref idref="fl-1"/>
      </object_component>
      <object_component id="oc-171">
         <name>.debug_line</name>
         <load_address>0xba</load_address>
         <run_address>0xba</run_address>
         <size>0x2d</size>
         <input_file_ref idref="fl-1"/>
      </object_component>
      <object_component id="oc-17f">
         <name>.debug_line</name>
         <load_address>0xe7</load_address>
         <run_address>0xe7</run_address>
         <size>0x2d</size>
         <input_file_ref idref="fl-1"/>
      </object_component>
      <object_component id="oc-181">
         <name>.debug_line</name>
         <load_address>0x114</load_address>
         <run_address>0x114</run_address>
         <size>0x2d</size>
         <input_file_ref idref="fl-1"/>
      </object_component>
      <object_component id="oc-183">
         <name>.debug_line</name>
         <load_address>0x141</load_address>
         <run_address>0x141</run_address>
         <size>0x2d</size>
         <input_file_ref idref="fl-1"/>
      </object_component>
      <object_component id="oc-151">
         <name>.debug_line</name>
         <load_address>0x16e</load_address>
         <run_address>0x16e</run_address>
         <size>0x2d</size>
         <input_file_ref idref="fl-1"/>
      </object_component>
      <object_component id="oc-153">
         <name>.debug_line</name>
         <load_address>0x19b</load_address>
         <run_address>0x19b</run_address>
         <size>0x2d</size>
         <input_file_ref idref="fl-1"/>
      </object_component>
      <object_component id="oc-6e">
         <name>.debug_line</name>
         <load_address>0x1c8</load_address>
         <run_address>0x1c8</run_address>
         <size>0x57f</size>
         <input_file_ref idref="fl-1"/>
      </object_component>
      <object_component id="oc-17c">
         <name>.debug_line</name>
         <load_address>0x747</load_address>
         <run_address>0x747</run_address>
         <size>0x60</size>
         <input_file_ref idref="fl-1"/>
      </object_component>
      <object_component id="oc-e0">
         <name>.debug_line</name>
         <load_address>0x7a7</load_address>
         <run_address>0x7a7</run_address>
         <size>0x74</size>
         <input_file_ref idref="fl-1"/>
      </object_component>
      <object_component id="oc-177">
         <name>.debug_line</name>
         <load_address>0x81b</load_address>
         <run_address>0x81b</run_address>
         <size>0x5d</size>
         <input_file_ref idref="fl-1"/>
      </object_component>
      <object_component id="oc-32">
         <name>.debug_line</name>
         <load_address>0x878</load_address>
         <run_address>0x878</run_address>
         <size>0x20</size>
         <input_file_ref idref="fl-1"/>
      </object_component>
      <object_component id="oc-187">
         <name>.debug_line</name>
         <load_address>0x898</load_address>
         <run_address>0x898</run_address>
         <size>0x78</size>
         <input_file_ref idref="fl-1"/>
      </object_component>
      <object_component id="oc-d9">
         <name>.debug_line</name>
         <load_address>0x910</load_address>
         <run_address>0x910</run_address>
         <size>0x75</size>
         <input_file_ref idref="fl-1"/>
      </object_component>
      <object_component id="oc-16c">
         <name>.debug_line</name>
         <load_address>0x985</load_address>
         <run_address>0x985</run_address>
         <size>0x70</size>
         <input_file_ref idref="fl-1"/>
      </object_component>
      <object_component id="oc-dc">
         <name>.debug_line</name>
         <load_address>0x9f5</load_address>
         <run_address>0x9f5</run_address>
         <size>0x40</size>
         <input_file_ref idref="fl-2"/>
      </object_component>
      <object_component id="oc-71">
         <name>.debug_line</name>
         <load_address>0xa35</load_address>
         <run_address>0xa35</run_address>
         <size>0x40</size>
         <input_file_ref idref="fl-2"/>
      </object_component>
      <object_component id="oc-68">
         <name>.debug_line</name>
         <load_address>0xa75</load_address>
         <run_address>0xa75</run_address>
         <size>0x71</size>
         <input_file_ref idref="fl-2"/>
      </object_component>
      <object_component id="oc-1aa">
         <name>.debug_line</name>
         <load_address>0xae6</load_address>
         <run_address>0xae6</run_address>
         <size>0x3b</size>
         <input_file_ref idref="fl-3"/>
      </object_component>
      <object_component id="oc-a6">
         <name>.debug_line</name>
         <load_address>0xb21</load_address>
         <run_address>0xb21</run_address>
         <size>0x159</size>
         <input_file_ref idref="fl-3"/>
      </object_component>
      <object_component id="oc-2dd">
         <name>.debug_line</name>
         <load_address>0xc7a</load_address>
         <run_address>0xc7a</run_address>
         <size>0x20</size>
         <input_file_ref idref="fl-9"/>
      </object_component>
      <object_component id="oc-b7">
         <name>.debug_line</name>
         <load_address>0xc9a</load_address>
         <run_address>0xc9a</run_address>
         <size>0x75</size>
         <input_file_ref idref="fl-9"/>
      </object_component>
      <object_component id="oc-2e1">
         <name>.debug_line</name>
         <load_address>0xd0f</load_address>
         <run_address>0xd0f</run_address>
         <size>0x52</size>
         <input_file_ref idref="fl-9"/>
      </object_component>
      <object_component id="oc-1cd">
         <name>.debug_line</name>
         <load_address>0xd61</load_address>
         <run_address>0xd61</run_address>
         <size>0x55</size>
         <input_file_ref idref="fl-9"/>
      </object_component>
      <object_component id="oc-14d">
         <name>.debug_line</name>
         <load_address>0xdb6</load_address>
         <run_address>0xdb6</run_address>
         <size>0x65</size>
         <input_file_ref idref="fl-9"/>
      </object_component>
      <object_component id="oc-1c4">
         <name>.debug_line</name>
         <load_address>0xe1b</load_address>
         <run_address>0xe1b</run_address>
         <size>0x41</size>
         <input_file_ref idref="fl-a"/>
      </object_component>
      <object_component id="oc-1ad">
         <name>.debug_line</name>
         <load_address>0xe5c</load_address>
         <run_address>0xe5c</run_address>
         <size>0x2c</size>
         <input_file_ref idref="fl-a"/>
      </object_component>
      <object_component id="oc-1c0">
         <name>.debug_line</name>
         <load_address>0xe88</load_address>
         <run_address>0xe88</run_address>
         <size>0x2c</size>
         <input_file_ref idref="fl-a"/>
      </object_component>
      <object_component id="oc-1c2">
         <name>.debug_line</name>
         <load_address>0xeb4</load_address>
         <run_address>0xeb4</run_address>
         <size>0x2c</size>
         <input_file_ref idref="fl-a"/>
      </object_component>
      <object_component id="oc-ad">
         <name>.debug_line</name>
         <load_address>0xee0</load_address>
         <run_address>0xee0</run_address>
         <size>0x3fd</size>
         <input_file_ref idref="fl-a"/>
      </object_component>
      <object_component id="oc-1c8">
         <name>.debug_line</name>
         <load_address>0x12dd</load_address>
         <run_address>0x12dd</run_address>
         <size>0x52</size>
         <input_file_ref idref="fl-a"/>
      </object_component>
      <object_component id="oc-138">
         <name>.debug_line</name>
         <load_address>0x132f</load_address>
         <run_address>0x132f</run_address>
         <size>0xb5</size>
         <input_file_ref idref="fl-b"/>
      </object_component>
      <object_component id="oc-24c">
         <name>.debug_line</name>
         <load_address>0x13e4</load_address>
         <run_address>0x13e4</run_address>
         <size>0x41</size>
         <input_file_ref idref="fl-c"/>
      </object_component>
      <object_component id="oc-244">
         <name>.debug_line</name>
         <load_address>0x1425</load_address>
         <run_address>0x1425</run_address>
         <size>0x2e</size>
         <input_file_ref idref="fl-c"/>
      </object_component>
      <object_component id="oc-248">
         <name>.debug_line</name>
         <load_address>0x1453</load_address>
         <run_address>0x1453</run_address>
         <size>0x2e</size>
         <input_file_ref idref="fl-c"/>
      </object_component>
      <object_component id="oc-246">
         <name>.debug_line</name>
         <load_address>0x1481</load_address>
         <run_address>0x1481</run_address>
         <size>0x2e</size>
         <input_file_ref idref="fl-c"/>
      </object_component>
      <object_component id="oc-242">
         <name>.debug_line</name>
         <load_address>0x14af</load_address>
         <run_address>0x14af</run_address>
         <size>0x31</size>
         <input_file_ref idref="fl-c"/>
      </object_component>
      <object_component id="oc-24a">
         <name>.debug_line</name>
         <load_address>0x14e0</load_address>
         <run_address>0x14e0</run_address>
         <size>0x31</size>
         <input_file_ref idref="fl-c"/>
      </object_component>
      <object_component id="oc-142">
         <name>.debug_line</name>
         <load_address>0x1511</load_address>
         <run_address>0x1511</run_address>
         <size>0x629</size>
         <input_file_ref idref="fl-c"/>
      </object_component>
      <object_component id="oc-38">
         <name>.debug_line</name>
         <load_address>0x1b3a</load_address>
         <run_address>0x1b3a</run_address>
         <size>0x88</size>
         <input_file_ref idref="fl-c2"/>
      </object_component>
      <object_component id="oc-ef">
         <name>.debug_line</name>
         <load_address>0x1bc2</load_address>
         <run_address>0x1bc2</run_address>
         <size>0x9e</size>
         <input_file_ref idref="fl-c3"/>
      </object_component>
      <object_component id="oc-4a">
         <name>.debug_line</name>
         <load_address>0x1c60</load_address>
         <run_address>0x1c60</run_address>
         <size>0x4f</size>
         <input_file_ref idref="fl-c3"/>
      </object_component>
      <object_component id="oc-87">
         <name>.debug_line</name>
         <load_address>0x1caf</load_address>
         <run_address>0x1caf</run_address>
         <size>0x34</size>
         <input_file_ref idref="fl-c3"/>
      </object_component>
      <object_component id="oc-ec">
         <name>.debug_line</name>
         <load_address>0x1ce3</load_address>
         <run_address>0x1ce3</run_address>
         <size>0x8a</size>
         <input_file_ref idref="fl-c3"/>
      </object_component>
      <object_component id="oc-82">
         <name>.debug_line</name>
         <load_address>0x1d6d</load_address>
         <run_address>0x1d6d</run_address>
         <size>0x20</size>
         <input_file_ref idref="fl-c4"/>
      </object_component>
      <object_component id="oc-1e">
         <name>.debug_line</name>
         <load_address>0x1d8d</load_address>
         <run_address>0x1d8d</run_address>
         <size>0x55</size>
         <input_file_ref idref="fl-c4"/>
      </object_component>
      <object_component id="oc-3d">
         <name>.debug_line</name>
         <load_address>0x1de2</load_address>
         <run_address>0x1de2</run_address>
         <size>0x3a</size>
         <input_file_ref idref="fl-c4"/>
      </object_component>
      <object_component id="oc-7f">
         <name>.debug_line</name>
         <load_address>0x1e1c</load_address>
         <run_address>0x1e1c</run_address>
         <size>0x8a</size>
         <input_file_ref idref="fl-c4"/>
      </object_component>
      <object_component id="oc-e8">
         <name>.debug_line</name>
         <load_address>0x1ea6</load_address>
         <run_address>0x1ea6</run_address>
         <size>0x20</size>
         <input_file_ref idref="fl-c5"/>
      </object_component>
      <object_component id="oc-18">
         <name>.debug_line</name>
         <load_address>0x1ec6</load_address>
         <run_address>0x1ec6</run_address>
         <size>0xa9</size>
         <input_file_ref idref="fl-c5"/>
      </object_component>
      <object_component id="oc-2d">
         <name>.debug_line</name>
         <load_address>0x1f6f</load_address>
         <run_address>0x1f6f</run_address>
         <size>0x3a</size>
         <input_file_ref idref="fl-c5"/>
      </object_component>
      <object_component id="oc-e5">
         <name>.debug_line</name>
         <load_address>0x1fa9</load_address>
         <run_address>0x1fa9</run_address>
         <size>0x92</size>
         <input_file_ref idref="fl-c5"/>
      </object_component>
      <object_component id="oc-78">
         <name>.debug_line</name>
         <load_address>0x203b</load_address>
         <run_address>0x203b</run_address>
         <size>0x8e</size>
         <input_file_ref idref="fl-c5"/>
      </object_component>
      <object_component id="oc-74">
         <name>.debug_line</name>
         <load_address>0x20c9</load_address>
         <run_address>0x20c9</run_address>
         <size>0x33</size>
         <input_file_ref idref="fl-c6"/>
      </object_component>
      <object_component id="oc-56">
         <name>.debug_line</name>
         <load_address>0x20fc</load_address>
         <run_address>0x20fc</run_address>
         <size>0x56</size>
         <input_file_ref idref="fl-c6"/>
      </object_component>
      <object_component id="oc-f6">
         <name>.debug_line</name>
         <load_address>0x2152</load_address>
         <run_address>0x2152</run_address>
         <size>0x3c</size>
         <input_file_ref idref="fl-c7"/>
      </object_component>
      <object_component id="oc-21f">
         <name>.debug_line</name>
         <load_address>0x218e</load_address>
         <run_address>0x218e</run_address>
         <size>0x2d</size>
         <input_file_ref idref="fl-ca"/>
      </object_component>
      <object_component id="oc-bf">
         <name>.debug_line</name>
         <load_address>0x21bb</load_address>
         <run_address>0x21bb</run_address>
         <size>0x4b</size>
         <input_file_ref idref="fl-ca"/>
      </object_component>
      <object_component id="oc-15f">
         <name>.debug_line</name>
         <load_address>0x2206</load_address>
         <run_address>0x2206</run_address>
         <size>0x4b</size>
         <input_file_ref idref="fl-ca"/>
      </object_component>
      <object_component id="oc-165">
         <name>.debug_line</name>
         <load_address>0x2251</load_address>
         <run_address>0x2251</run_address>
         <size>0x3f</size>
         <input_file_ref idref="fl-ca"/>
      </object_component>
      <object_component id="oc-2c1">
         <name>.debug_line</name>
         <load_address>0x2290</load_address>
         <run_address>0x2290</run_address>
         <size>0x89</size>
         <input_file_ref idref="fl-ca"/>
      </object_component>
      <object_component id="oc-8e">
         <name>.debug_line</name>
         <load_address>0x2319</load_address>
         <run_address>0x2319</run_address>
         <size>0x79</size>
         <input_file_ref idref="fl-cb"/>
      </object_component>
      <object_component id="oc-22f">
         <name>.debug_line</name>
         <load_address>0x2392</load_address>
         <run_address>0x2392</run_address>
         <size>0xb7</size>
         <input_file_ref idref="fl-cc"/>
      </object_component>
      <object_component id="oc-102">
         <name>.debug_line</name>
         <load_address>0x2449</load_address>
         <run_address>0x2449</run_address>
         <size>0x6c</size>
         <input_file_ref idref="fl-cc"/>
      </object_component>
      <object_component id="oc-233">
         <name>.debug_line</name>
         <load_address>0x24b5</load_address>
         <run_address>0x24b5</run_address>
         <size>0x2e</size>
         <input_file_ref idref="fl-cc"/>
      </object_component>
      <object_component id="oc-2d3">
         <name>.debug_line</name>
         <load_address>0x24e3</load_address>
         <run_address>0x24e3</run_address>
         <size>0x92</size>
         <input_file_ref idref="fl-cc"/>
      </object_component>
      <object_component id="oc-238">
         <name>.debug_line</name>
         <load_address>0x2575</load_address>
         <run_address>0x2575</run_address>
         <size>0x8f</size>
         <input_file_ref idref="fl-cc"/>
      </object_component>
      <object_component id="oc-23d">
         <name>.debug_line</name>
         <load_address>0x2604</load_address>
         <run_address>0x2604</run_address>
         <size>0x8b</size>
         <input_file_ref idref="fl-cc"/>
      </object_component>
      <object_component id="oc-94">
         <name>.debug_line</name>
         <load_address>0x268f</load_address>
         <run_address>0x268f</run_address>
         <size>0x40</size>
         <input_file_ref idref="fl-cd"/>
      </object_component>
      <object_component id="oc-2bd">
         <name>.debug_line</name>
         <load_address>0x26cf</load_address>
         <run_address>0x26cf</run_address>
         <size>0x30e</size>
         <input_file_ref idref="fl-cf"/>
      </object_component>
      <object_component id="oc-1e0">
         <name>.debug_line</name>
         <load_address>0x29dd</load_address>
         <run_address>0x29dd</run_address>
         <size>0x7a</size>
         <input_file_ref idref="fl-cf"/>
      </object_component>
      <object_component id="oc-285">
         <name>.debug_line</name>
         <load_address>0x2a57</load_address>
         <run_address>0x2a57</run_address>
         <size>0x51</size>
         <input_file_ref idref="fl-cf"/>
      </object_component>
      <object_component id="oc-28b">
         <name>.debug_line</name>
         <load_address>0x2aa8</load_address>
         <run_address>0x2aa8</run_address>
         <size>0x88</size>
         <input_file_ref idref="fl-cf"/>
      </object_component>
      <object_component id="oc-1eb">
         <name>.debug_line</name>
         <load_address>0x2b30</load_address>
         <run_address>0x2b30</run_address>
         <size>0x14d</size>
         <input_file_ref idref="fl-cf"/>
      </object_component>
      <object_component id="oc-292">
         <name>.debug_line</name>
         <load_address>0x2c7d</load_address>
         <run_address>0x2c7d</run_address>
         <size>0xe9</size>
         <input_file_ref idref="fl-cf"/>
      </object_component>
      <object_component id="oc-298">
         <name>.debug_line</name>
         <load_address>0x2d66</load_address>
[...]
      </symbol>
      <symbol id="sm-2a4">
         <name>halLcdDrawImageLut</name>
         <value>0x2eb1</value>
         <object_component_ref idref="oc-a9"/>
      </symbol>
      <symbol id="sm-2a5">
         <name>Color_Texto_Inv</name>
         <value>0x200004b4</value>
         <object_component_ref idref="oc-13a"/>
      </symbol>
      <symbol id="sm-2a6">
         <name>setArea</name>
         <value>0x2791</value>
         <object_component_ref idref="oc-a9"/>
      </symbol>
      <symbol id="sm-2a7">
         <name>Color_Fondo</name>
         <value>0x200004ae</value>
         <object_component_ref idref="oc-13a"/>
      </symbol>
      <symbol id="sm-2a8">
         <name>getLinea</name>
         <value>0x267b</value>
         <object_component_ref idref="oc-a9"/>
      </symbol>
      <symbol id="sm-2a9">
         <name>initLCD</name>
         <value>0x28f1</value>
         <object_component_ref idref="oc-a9"/>
      </symbol>
      <symbol id="sm-2c8">
         <name>writeData</name>
         <value>0x3921</value>
         <object_component_ref idref="oc-134"/>
      </symbol>
      <symbol id="sm-2c9">
         <name>writeCommand</name>
         <value>0x3947</value>
         <object_component_ref idref="oc-134"/>
      </symbol>
      <symbol id="sm-2ca">
         <name>delay</name>
         <value>0x396d</value>
         <object_component_ref idref="oc-134"/>
      </symbol>
      <symbol id="sm-2cb">
         <name>init_spi_lcd_tactil</name>
         <value>0x3849</value>
         <object_component_ref idref="oc-134"/>
      </symbol>
      <symbol id="sm-396">
         <name>drawCharLgBkg</name>
         <value>0x5c9</value>
         <object_component_ref idref="oc-13d"/>
      </symbol>
      <symbol id="sm-397">
         <name>drawPixel</name>
         <value>0x237</value>
         <object_component_ref idref="oc-13d"/>
      </symbol>
      <symbol id="sm-398">
         <name>drawImageMono</name>
         <value>0x9e3</value>
         <object_component_ref idref="oc-13d"/>
      </symbol>
      <symbol id="sm-399">
         <name>setColor</name>
         <value>0xe5</value>
         <object_component_ref idref="oc-13d"/>
      </symbol>
      <symbol id="sm-39a">
         <name>bgColorHighByte</name>
         <value>0x200004b9</value>
         <object_component_ref idref="oc-1ae"/>
      </symbol>
      <symbol id="sm-39b">
         <name>drawCircle</name>
         <value>0xd9b</value>
         <object_component_ref idref="oc-13d"/>
      </symbol>
      <symbol id="sm-39c">
         <name>drawImageLut</name>
         <value>0x8d5</value>
         <object_component_ref idref="oc-13d"/>
      </symbol>
      <symbol id="sm-39d">
         <name>drawImage</name>
         <value>0x8bd</value>
         <object_component_ref idref="oc-13d"/>
      </symbol>
      <symbol id="sm-39e">
         <name>font_11x16</name>
         <value>0x4810</value>
         <object_component_ref idref="oc-1b4"/>
      </symbol>
      <symbol id="sm-39f">
         <name>drawLine</name>
         <value>0xb41</value>
         <object_component_ref idref="oc-13d"/>
      </symbol>
      <symbol id="sm-3a0">
         <name>font_8x12</name>
         <value>0x503a</value>
         <object_component_ref idref="oc-1b7"/>
      </symbol>
      <symbol id="sm-3a1">
         <name>drawCharMd</name>
         <value>0x6ad</value>
         <object_component_ref idref="oc-13d"/>
      </symbol>
      <symbol id="sm-3a2">
         <name>drawCharSmBkg</name>
         <value>0x447</value>
         <object_component_ref idref="oc-13d"/>
      </symbol>
      <symbol id="sm-3a3">
         <name>drawCharLg</name>
         <value>0x521</value>
         <object_component_ref idref="oc-13d"/>
      </symbol>
      <symbol id="sm-3a4">
         <name>drawCharSm</name>
         <value>0x3a1</value>
         <object_component_ref idref="oc-13d"/>
      </symbol>
      <symbol id="sm-3a5">
         <name>drawLogicLine</name>
         <value>0xa01</value>
         <object_component_ref idref="oc-13d"/>
      </symbol>
      <symbol id="sm-3a6">
         <name>setBackgroundColor</name>
         <value>0x103</value>
         <object_component_ref idref="oc-13d"/>
      </symbol>
      <symbol id="sm-3a7">
         <name>clearScreenBkg</name>
         <value>0x1af</value>
         <object_component_ref idref="oc-13d"/>
      </symbol>
      <symbol id="sm-3a8">
         <name>fillCircle</name>
         <value>0xfb9</value>
         <object_component_ref idref="oc-13d"/>
      </symbol>
      <symbol id="sm-3a9">
         <name>fillRect</name>
         <value>0xf1b</value>
         <object_component_ref idref="oc-13d"/>
      </symbol>
      <symbol id="sm-3aa">
         <name>drawString</name>
         <value>0x267</value>
         <object_component_ref idref="oc-13d"/>
      </symbol>
      <symbol id="sm-3ab">
         <name>clearScreen</name>
         <value>0x121</value>
         <object_component_ref idref="oc-13d"/>
      </symbol>
      <symbol id="sm-3ac">
         <name>colorLowByte</name>
         <value>0x200004b6</value>
         <object_component_ref idref="oc-1ae"/>
      </symbol>
      <symbol id="sm-3ad">
         <name>drawCharMdBkg</name>
         <value>0x75b</value>
         <object_component_ref idref="oc-13d"/>
      </symbol>
      <symbol id="sm-3ae">
         <name>font_5x7</name>
         <value>0x54ae</value>
         <object_component_ref idref="oc-1b1"/>
      </symbol>
      <symbol id="sm-3af">
         <name>drawRect</name>
         <value>0xd37</value>
         <object_component_ref idref="oc-13d"/>
      </symbol>
      <symbol id="sm-3b0">
         <name>colorHighByte</name>
         <value>0x200004b7</value>
         <object_component_ref idref="oc-1ae"/>
      </symbol>
      <symbol id="sm-3b1">
         <name>bgColorLowByte</name>
         <value>0x200004b8</value>
         <object_component_ref idref="oc-1ae"/>
      </symbol>
      <symbol id="sm-3cc">
         <name>memcpy</name>
         <value>0x4023</value>
         <object_component_ref idref="oc-34"/>
      </symbol>
      <symbol id="sm-3cd">
         <name>__aeabi_memcpy</name>
         <value>0x4023</value>
         <object_component_ref idref="oc-34"/>
      </symbol>
      <symbol id="sm-3ce">
         <name>__aeabi_memcpy8</name>
         <value>0x4023</value>
         <object_component_ref idref="oc-34"/>
      </symbol>
      <symbol id="sm-3cf">
         <name>__aeabi_memcpy4</name>
         <value>0x4023</value>
         <object_component_ref idref="oc-34"/>
      </symbol>
      <symbol id="sm-3e6">
         <name>__TI_zero_init</name>
         <value>0x47eb</value>
         <object_component_ref idref="oc-46"/>
      </symbol>
      <symbol id="sm-3fd">
         <name>__TI_decompress_none</name>
         <value>0x47cf</value>
         <object_component_ref idref="oc-1a"/>
      </symbol>
      <symbol id="sm-420">
         <name>__TI_decompress_lzss</name>
         <value>0x43c3</value>
         <object_component_ref idref="oc-14"/>
      </symbol>
      <symbol id="sm-433">
         <name>__stack</name>
         <value>0x2000fe00</value>
         <object_component_ref idref="oc-26"/>
      </symbol>
      <symbol id="sm-434">
         <name>_c_int00_noargs</name>
         <value>0x46e5</value>
         <object_component_ref idref="oc-52"/>
      </symbol>
      <symbol id="sm-43f">
         <name>C$$EXIT</name>
         <value>0x480d</value>
         <object_component_ref idref="oc-f2"/>
      </symbol>
      <symbol id="sm-440">
         <name>abort</name>
         <value>0x480d</value>
         <object_component_ref idref="oc-f2"/>
      </symbol>
      <symbol id="sm-469">
         <name>sprintf</name>
         <value>0x4665</value>
         <object_component_ref idref="oc-bb"/>
      </symbol>
      <symbol id="sm-478">
         <name>__aeabi_memset</name>
         <value>0x4263</value>
         <object_component_ref idref="oc-8a"/>
      </symbol>
      <symbol id="sm-479">
         <name>memset</name>
         <value>0x4269</value>
         <object_component_ref idref="oc-8a"/>
      </symbol>
      <symbol id="sm-47a">
         <name>__aeabi_memset8</name>
         <value>0x4263</value>
         <object_component_ref idref="oc-8a"/>
      </symbol>
      <symbol id="sm-47b">
         <name>__aeabi_memset4</name>
         <value>0x4263</value>
         <object_component_ref idref="oc-8a"/>
      </symbol>
      <symbol id="sm-47c">
         <name>__aeabi_memclr8</name>
         <value>0x4261</value>
         <object_component_ref idref="oc-8a"/>
      </symbol>
      <symbol id="sm-47d">
         <name>__aeabi_memclr4</name>
         <value>0x4261</value>
         <object_component_ref idref="oc-8a"/>
      </symbol>
      <symbol id="sm-47e">
         <name>__aeabi_memclr</name>
         <value>0x4261</value>
         <object_component_ref idref="oc-8a"/>
      </symbol>
      <symbol id="sm-4a6">
         <name>__TI_auto_init_nobinit_nopinit</name>
         <value>0x4621</value>
         <object_component_ref idref="oc-fe"/>
      </symbol>
      <symbol id="sm-4b0">
         <name>_system_pre_init</name>
         <value>0x4809</value>
         <object_component_ref idref="oc-90"/>
      </symbol>
      <symbol id="sm-616">
         <name>__TI_printfi</name>
         <value>0x1c15</value>
         <object_component_ref idref="oc-155"/>
      </symbol>
      <symbol id="sm-62c">
         <name>atoi</name>
         <value>0x458d</value>
         <object_component_ref idref="oc-1d5"/>
      </symbol>
      <symbol id="sm-637">
         <name>_ctypes_</name>
         <value>0x568e</value>
         <object_component_ref idref="oc-250"/>
      </symbol>
      <symbol id="sm-646">
         <name>ltoa</name>
         <value>0x44e7</value>
         <object_component_ref idref="oc-270"/>
      </symbol>
      <symbol id="sm-656">
         <name>memccpy</name>
         <value>0x474b</value>
         <object_component_ref idref="oc-1fe"/>
      </symbol>
      <symbol id="sm-666">
         <name>strchr</name>
         <value>0x477f</value>
         <object_component_ref idref="oc-2a7"/>
      </symbol>
      <symbol id="sm-674">
         <name>strlen</name>
         <value>0x47a9</value>
         <object_component_ref idref="oc-1cf"/>
      </symbol>
      <symbol id="sm-694">
         <name>frexpl</name>
         <value>0x442d</value>
         <object_component_ref idref="oc-29b"/>
      </symbol>
      <symbol id="sm-695">
         <name>frexp</name>
         <value>0x442d</value>
         <object_component_ref idref="oc-29b"/>
      </symbol>
      <symbol id="sm-6b2">
         <name>scalbn</name>
         <value>0x3d65</value>
         <object_component_ref idref="oc-2a1"/>
      </symbol>
      <symbol id="sm-6b3">
         <name>scalbnl</name>
         <value>0x3d65</value>
         <object_component_ref idref="oc-2a1"/>
      </symbol>
      <symbol id="sm-6b4">
         <name>ldexpl</name>
         <value>0x3d65</value>
         <object_component_ref idref="oc-2a1"/>
      </symbol>
      <symbol id="sm-6b5">
         <name>ldexp</name>
         <value>0x3d65</value>
         <object_component_ref idref="oc-2a1"/>
      </symbol>
      <symbol id="sm-6bf">
         <name>copysign</name>
         <value>0x4795</value>
         <object_component_ref idref="oc-303"/>
      </symbol>
      <symbol id="sm-6c0">
         <name>copysignl</name>
         <value>0x4795</value>
         <object_component_ref idref="oc-303"/>
      </symbol>
      <symbol id="sm-6d9">
         <name>wcslen</name>
         <value>0x47bd</value>
         <object_component_ref idref="oc-204"/>
      </symbol>
      <symbol id="sm-6f0">
         <name>__aeabi_dsub</name>
         <value>0x3691</value>
         <object_component_ref idref="oc-27b"/>
      </symbol>
      <symbol id="sm-6f1">
         <name>__aeabi_dadd</name>
         <value>0x369b</value>
         <object_component_ref idref="oc-27b"/>
      </symbol>
      <symbol id="sm-713">
         <name>__aeabi_cdcmpeq</name>
         <value>0x4155</value>
         <object_component_ref idref="oc-1e1"/>
      </symbol>
      <symbol id="sm-714">
         <name>__aeabi_cdcmple</name>
         <value>0x4155</value>
         <object_component_ref idref="oc-1e1"/>
      </symbol>
      <symbol id="sm-715">
         <name>__aeabi_cdrcmple</name>
         <value>0x41db</value>
         <object_component_ref idref="oc-266"/>
      </symbol>
      <symbol id="sm-729">
         <name>__aeabi_ddiv</name>
         <value>0x3b0d</value>
         <object_component_ref idref="oc-261"/>
      </symbol>
      <symbol id="sm-734">
         <name>__aeabi_dmul</name>
         <value>0x3e75</value>
         <object_component_ref idref="oc-25c"/>
      </symbol>
      <symbol id="sm-73e">
         <name>__aeabi_d2iz</name>
         <value>0x45d9</value>
         <object_component_ref idref="oc-26b"/>
      </symbol>
      <symbol id="sm-748">
         <name>__aeabi_i2d</name>
         <value>0x471d</value>
         <object_component_ref idref="oc-276"/>
      </symbol>
      <symbol id="sm-755">
         <name>__aeabi_uldivmod</name>
         <value>0x40bf</value>
         <object_component_ref idref="oc-255"/>
      </symbol>
      <symbol id="sm-76b">
         <name>__aeabi_errno_addr</name>
         <value>0x4801</value>
         <object_component_ref idref="oc-20a"/>
      </symbol>
      <symbol id="sm-76c">
         <name>errno</name>
         <value>0x200004bc</value>
         <object_component_ref idref="oc-2b7"/>
      </symbol>
      <symbol id="sm-776">
         <name>__aeabi_idiv0</name>
         <value>0x2673</value>
         <object_component_ref idref="oc-2ea"/>
      </symbol>
      <symbol id="sm-777">
         <name>__aeabi_ldiv0</name>
         <value>0x2673</value>
         <object_component_ref idref="oc-2ea"/>
      </symbol>
      <symbol id="sm-778">
         <name>__TI_static_base__</name>
         <value>0x0</value>
      </symbol>
      <symbol id="sm-77b">
         <name>__mpu_init</name>
         <value>0x0</value>
      </symbol>
      <symbol id="sm-77c">
         <name>_system_post_cinit</name>
         <value>0x0</value>
      </symbol>
      <symbol id="sm-77d">
         <name>NMI_Handler</name>
         <value>0x47e9</value>
      </symbol>
      <symbol id="sm-77e">
         <name>HardFault_Handler</name>
         <value>0x47e9</value>
      </symbol>
      <symbol id="sm-77f">
         <name>MemManage_Handler</name>
         <value>0x47e9</value>
      </symbol>
      <symbol id="sm-780">
         <name>BusFault_Handler</name>
         <value>0x47e9</value>
      </symbol>
      <symbol id="sm-781">
         <name>UsageFault_Handler</name>
         <value>0x47e9</value>
      </symbol>
      <symbol id="sm-782">
         <name>SVC_Handler</name>
         <value>0x47e9</value>
      </symbol>
      <symbol id="sm-783">
         <name>DebugMon_Handler</name>
         <value>0x47e9</value>
      </symbol>
      <symbol id="sm-784">
         <name>PendSV_Handler</name>
         <value>0x47e9</value>
      </symbol>
      <symbol id="sm-785">
         <name>SysTick_Handler</name>
         <value>0x47e9</value>
      </symbol>
      <symbol id="sm-786">
         <name>PSS_IRQHandler</name>
         <value>0x47e9</value>
      </symbol>
      <symbol id="sm-787">
         <name>CS_IRQHandler</name>
         <value>0x47e9</value>
      </symbol>
      <symbol id="sm-788">
         <name>PCM_IRQHandler</name>
         <value>0x47e9</value>
      </symbol>
      <symbol id="sm-789">
         <name>WDT_A_IRQHandler</name>
         <value>0x47e9</value>
      </symbol>
      <symbol id="sm-78a">
         <name>FPU_IRQHandler</name>
         <value>0x47e9</value>
      </symbol>
      <symbol id="sm-78b">
         <name>FLCTL_IRQHandler</name>
         <value>0x47e9</value>
      </symbol>
      <symbol id="sm-78c">
         <name>COMP_E0_IRQHandler</name>
         <value>0x47e9</value>
      </symbol>
      <symbol id="sm-78d">
         <name>COMP_E1_IRQHandler</name>
         <value>0x47e9</value>
      </symbol>
      <symbol id="sm-78e">
         <name>TA0_0_IRQHandler</name>
         <value>0x1a4d</value>
      </symbol>
      <symbol id="sm-78f">
         <name>TA0_N_IRQHandler</name>
         <value>0x47e9</value>
      </symbol>
      <symbol id="sm-790">
         <name>TA1_0_IRQHandler</name>
         <value>0x1ab5</value>
      </symbol>
      <symbol id="sm-791">
         <name>TA1_N_IRQHandler</name>
         <value>0x47e9</value>
      </symbol>
      <symbol id="sm-792">
         <name>TA2_0_IRQHandler</name>
         <value>0x47e9</value>
      </symbol>
      <symbol id="sm-793">
         <name>TA2_N_IRQHandler</name>
         <value>0x47e9</value>
      </symbol>
      <symbol id="sm-794">
         <name>TA3_0_IRQHandler</name>
         <value>0x47e9</value>
      </symbol>
      <symbol id="sm-795">
         <name>TA3_N_IRQHandler</name>
         <value>0x47e9</value>
      </symbol>
      <symbol id="sm-796">
         <name>EUSCIA0_IRQHandler</name>
         <value>0x47e9</value>
      </symbol>
      <symbol id="sm-797">
         <name>EUSCIA1_IRQHandler</name>
         <value>0x47e9</value>
      </symbol>
      <symbol id="sm-798">
         <name>EUSCIA2_IRQHandler</name>
         <value>0x47e9</value>
      </symbol>
      <symbol id="sm-799">
         <name>EUSCIA3_IRQHandler</name>
         <value>0x47e9</value>
      </symbol>
      <symbol id="sm-79a">
         <name>EUSCIB0_IRQHandler</name>
         <value>0x47e9</value>
      </symbol>
      <symbol id="sm-79b">
         <name>EUSCIB1_IRQHandler</name>
         <value>0x47e9</value>
      </symbol>
      <symbol id="sm-79c">
         <name>EUSCIB2_IRQHandler</name>
         <value>0x47e9</value>
      </symbol>
      <symbol id="sm-79d">
         <name>EUSCIB3_IRQHandler</name>
         <value>0x47e9</value>
      </symbol>
      <symbol id="sm-79e">
         <name>ADC14_IRQHandler</name>
         <value>0x47e9</value>
      </symbol>
      <symbol id="sm-79f">
         <name>T32_INT1_IRQHandler</name>
         <value>0x47e9</value>
      </symbol>
      <symbol id="sm-7a0">
         <name>T32_INT2_IRQHandler</name>
         <value>0x47e9</value>
      </symbol>
      <symbol id="sm-7a1">
         <name>T32_INTC_IRQHandler</name>
         <value>0x47e9</value>
      </symbol>
      <symbol id="sm-7a2">
         <name>AES256_IRQHandler</name>
         <value>0x47e9</value>
      </symbol>
      <symbol id="sm-7a3">
         <name>RTC_C_IRQHandler</name>
         <value>0x47e9</value>
      </symbol>
      <symbol id="sm-7a4">
         <name>DMA_ERR_IRQHandler</name>
         <value>0x47e9</value>
      </symbol>
      <symbol id="sm-7a5">
         <name>DMA_INT3_IRQHandler</name>
         <value>0x47e9</value>
      </symbol>
      <symbol id="sm-7a6">
         <name>DMA_INT2_IRQHandler</name>
         <value>0x47e9</value>
      </symbol>
      <symbol id="sm-7a7">
         <name>DMA_INT1_IRQHandler</name>
         <value>0x47e9</value>
      </symbol>
      <symbol id="sm-7a8">
         <name>DMA_INT0_IRQHandler</name>
         <value>0x47e9</value>
      </symbol>
      <symbol id="sm-7a9">
         <name>PORT1_IRQHandler</name>
         <value>0x47e9</value>
      </symbol>
      <symbol id="sm-7aa">
         <name>PORT2_IRQHandler</name>
         <value>0x47e9</value>
      </symbol>
      <symbol id="sm-7ab">
         <name>PORT3_IRQHandler</name>
         <value>0x18ed</value>
      </symbol>
      <symbol id="sm-7ac">
         <name>PORT4_IRQHandler</name>
         <value>0x1949</value>
      </symbol>
      <symbol id="sm-7ad">
         <name>PORT5_IRQHandler</name>
         <value>0x19e9</value>
      </symbol>
      <symbol id="sm-7ae">
         <name>PORT6_IRQHandler</name>
         <value>0x47e9</value>
      </symbol>
   </symbol_table>
   <title>Link successful</title>
</link_info>
