******************************************************************************
                  TI ARM Linker Unix v18.1.2                   
******************************************************************************
>> Linked Wed May  8 18:07:55 2019

OUTPUT FILE NAME:   <PAE_4.out>
ENTRY POINT SYMBOL: "_c_int00_noargs"  address: 000048d5


MEMORY CONFIGURATION

         name            origin    length      used     unused   attr    fill
----------------------  --------  ---------  --------  --------  ----  --------
  MAIN                  00000000   00040000  00005a51  0003a5af  R  X
  INFO                  00200000   00004000  00000000  00004000  R  X
  SRAM_CODE             01000000   00010000  000006c9  0000f937  RW X
  SRAM_DATA             20000000   00010000  000006c9  0000f937  RW  


SEGMENT ALLOCATION MAP

run origin  load origin   length   init length attrs members
----------  ----------- ---------- ----------- ----- -------
00000000    00000000    00005a58   00005a58    r-x
  00000000    00000000    000000e4   000000e4    r-- .intvecs
  000000e4    000000e4    0000491c   0000491c    r-x .text
  00004a00    00004a00    00000fb1   00000fb1    r-- .const
  000059b8    000059b8    000000a0   000000a0    r-- .cinit
20000000    20000000    000004cc   00000000    rw-
  20000000    20000000    00000425   00000000    rw- .bss
  20000428    20000428    000000a4   00000000    rw- .data
2000fe00    2000fe00    00000200   00000000    rw-
  2000fe00    2000fe00    00000200   00000000    rw- .stack


SECTION ALLOCATION MAP

 output                                  attributes/
section   page    origin      length       input sections
--------  ----  ----------  ----------   ----------------
.intvecs   0    00000000    000000e4     
                  00000000    000000e4     startup_msp432p401r_ccs.obj (.intvecs:retain)

.text      0    000000e4    0000491c     
                  000000e4    0000104c     lib_PAE2.lib : graphics.obj (.text)
                  00001130    00000a5e     rtsv7M4_T_le_v4SPD16_eabi.lib : _printfi.c.obj (.text:__TI_printfi)
                  00001b8e    00000002                                   : div0.asm.obj (.text)
                  00001b90    000008a8     lib_PAE2.lib : lcd.obj (.text)
                  00002438    000006f4     main.obj (.text)
                  00002b2c    000005e0     lib_PAE_P4.obj (.text)
                  0000310c    00000334     system_msp432p401r.obj (.text)
                  00003440    00000270     rtsv7M4_T_le_v4SPD16_eabi.lib : _printfi.c.obj (.text:_pconv_a)
                  000036b0    000001d0                                   : _printfi.c.obj (.text:_pconv_g)
                  00003880    000001b6                                   : fd_add_t2.asm.obj (.text)
                  00003a36    00000002     --HOLE-- [fill = 0]
                  00003a38    00000188     lib_PAE2.lib : msp_LCD.obj (.text)
                  00003bc0    0000013c     rtsv7M4_T_le_v4SPD16_eabi.lib : _printfi.c.obj (.text:_pconv_e)
                  00003cfc    00000136                                   : fd_div_t2.asm.obj (.text)
                  00003e32    00000002     --HOLE-- [fill = 0]
                  00003e34    00000120                                   : _printfi.c.obj (.text:fcvt)
                  00003f54    00000110                                   : s_scalbn.c.obj (.text:scalbn)
                  00004064    000000fc                                   : fd_mul_t2.asm.obj (.text)
                  00004160    000000b1                                   : _printfi.c.obj (.text:_ltostr)
                  00004211    00000001     --HOLE-- [fill = 0]
                  00004212    0000009c                                   : memcpy_t2.asm.obj (.text)
                  000042ae    00000096                                   : ull_div_t2.asm.obj (.text)
                  00004344    00000086                                   : fd_cmp_t2.asm.obj (.text:__aeabi_cdcmple)
                  000043ca    00000086                                   : fd_cmp_t2.asm.obj (.text:__aeabi_cdrcmple)
                  00004450    0000007a                                   : memset_t2.asm.obj (.text)
                  000044ca    00000002     --HOLE-- [fill = 0]
                  000044cc    00000078     lib_PAE2.lib : Inicializacion.obj (.text)
                  00004544    0000006e     rtsv7M4_T_le_v4SPD16_eabi.lib : _printfi.c.obj (.text:_mcpy)
                  000045b2    00000068                                   : copy_decompress_lzss.c.obj (.text:decompress:lzss:__TI_decompress_lzss)
                  0000461a    00000002     --HOLE-- [fill = 0]
                  0000461c    00000064                                   : s_frexp.c.obj (.text:frexp)
                  00004680    00000056                                   : _printfi.c.obj (.text:_pconv_f)
                  000046d6    00000054                                   : ltoa.c.obj (.text:ltoa)
                  0000472a    00000052                                   : _printfi.c.obj (.text:_ecpy)
                  0000477c    0000004c                                   : atoi.c.obj (.text:atoi)
                  000047c8    00000048                                   : fd_toi_t2.asm.obj (.text)
                  00004810    00000044                                   : autoinit.c.obj (.text:__TI_auto_init_nobinit_nopinit:__TI_auto_init_nobinit_nopinit)
                  00004854    00000040                                   : sprintf.c.obj (.text:sprintf)
                  00004894    0000003e                                   : _printfi.c.obj (.text:_fcpy)
                  000048d2    00000002     --HOLE-- [fill = 0]
                  000048d4    00000038                                   : boot_cortex_m.c.obj (.text:_c_int00_noargs:_c_int00_noargs)
                  0000490c    0000002e                                   : i_tofd_t2.asm.obj (.text)
                  0000493a    0000001c                                   : memccpy.c.obj (.text:memccpy)
                  00004956    00000018                                   : sprintf.c.obj (.text:_outs)
                  0000496e    00000016                                   : strchr.c.obj (.text:strchr)
                  00004984    00000014                                   : s_copysign.c.obj (.text:copysign)
                  00004998    00000014                                   : strlen.c.obj (.text:strlen)
                  000049ac    00000012                                   : wcslen.c.obj (.text:wcslen)
                  000049be    0000000e                                   : copy_decompress_none.c.obj (.text:decompress:none:__TI_decompress_none)
                  000049cc    0000000e     startup_msp432p401r_ccs.obj (.text)
                  000049da    0000000c     rtsv7M4_T_le_v4SPD16_eabi.lib : copy_zero_init.c.obj (.text:decompress:ZI:__TI_zero_init)
                  000049e6    0000000a                                   : sprintf.c.obj (.text:_outc)
                  000049f0    00000008                                   : errno.c.obj (.text:__aeabi_errno_addr)
                  000049f8    00000004                                   : pre_init.c.obj (.text:_system_pre_init)
                  000049fc    00000004                                   : exit.c.obj (.text:abort:abort)

.const     0    00004a00    00000fb1     
                  00004a00    0000082a     lib_PAE2.lib : graphics.obj (.const:font_11x16)
                  0000522a    00000474                  : graphics.obj (.const:font_8x12)
                  0000569e    000001e0                  : graphics.obj (.const:font_5x7)
                  0000587e    00000101     rtsv7M4_T_le_v4SPD16_eabi.lib : ctype.c.obj (.const:.string:_ctypes_)
                  0000597f    00000012     lib_PAE_P4.obj (.const:.string:$P$T0$1)
                  00005991    00000010     lib_PAE2.lib : lcd.obj (.const:.string:$P$T0$1)
                  000059a1    00000010                  : lcd.obj (.const:.string:$P$T1$2)

.cinit     0    000059b8    000000a0     
                  000059b8    00000078     (.cinit..data.load) [load image, compression = lzss]
                  00005a30    0000000c     (__TI_handler_table)
                  00005a3c    00000004     --HOLE-- [fill = 0]
                  00005a40    00000008     (.cinit..bss.load) [load image, compression = zero_init]
                  00005a48    00000010     (__TI_cinit_table)

.init_array 
*          0    00000000    00000000     UNINITIALIZED

.binit     0    00000000    00000000     

.bss       0    20000000    00000425     UNINITIALIZED
                  20000000    00000400     lib_PAE2.lib : graphics.obj (.bss:g_pulConvertedPalette)
                  20000400    00000010     (.common:cadena)
                  20000410    00000010     (.common:cadena2)
                  20000420    00000002     (.common:DatoLeido_UART)
                  20000422    00000002     (.common:temps)
                  20000424    00000001     (.common:Byte_Recibido)

.data      0    20000428    000000a4     UNINITIALIZED
                  20000428    00000010     main.obj (.data:adelanteMSG)
                  20000438    00000010     main.obj (.data:atrasMSG)
                  20000448    00000010     main.obj (.data:borrado)
                  20000458    00000010     main.obj (.data:dchaMSG)
                  20000468    00000010     main.obj (.data:izqMSG)
                  20000478    00000010     main.obj (.data:powerUpMSG)
                  20000488    00000010     main.obj (.data:saludo)
                  20000498    00000010     main.obj (.data:stopMSG)
                  200004a8    0000000c     main.obj (.data)
                  200004b4    0000000a     lib_PAE2.lib : lcd.obj (.data)
                  200004be    00000004                  : graphics.obj (.data)
                  200004c2    00000002     --HOLE--
                  200004c4    00000004     rtsv7M4_T_le_v4SPD16_eabi.lib : errno.c.obj (.data)
                  200004c8    00000004     system_msp432p401r.obj (.data)

.stack     0    2000fe00    00000200     UNINITIALIZED
                  2000fe00    00000004     rtsv7M4_T_le_v4SPD16_eabi.lib : boot_cortex_m.c.obj (.stack)
                  2000fe04    000001fc     --HOLE--

MODULE SUMMARY

       Module                        code    ro data   rw data
       ------                        ----    -------   -------
    ./
       main.obj                      1780    0         344    
       lib_PAE_P4.obj                1504    18        10     
       system_msp432p401r.obj        820     0         8      
       startup_msp432p401r_ccs.obj   14      228       0      
    +--+-----------------------------+-------+---------+---------+
       Total:                        4118    246       362    
                                                              
    ../lib_PAE2.lib
       graphics.obj                  4172    3710      2056   
       lcd.obj                       2216    32        20     
       msp_LCD.obj                   392     0         0      
       Inicializacion.obj            120     0         0      
    +--+-----------------------------+-------+---------+---------+
       Total:                        6900    3742      2076   
                                                              
    /Applications/ti/ccsv8/tools/compiler/ti-cgt-arm_18.1.2.LTS/lib/rtsv7M4_T_le_v4SPD16_eabi.lib
       _printfi.c.obj                4863    0         0      
       fd_add_t2.asm.obj             438     0         0      
       fd_div_t2.asm.obj             310     0         0      
       s_scalbn.c.obj                272     0         0      
       fd_cmp_t2.asm.obj             268     0         0      
       ctype.c.obj                   0       257       0      
       fd_mul_t2.asm.obj             252     0         0      
       memcpy_t2.asm.obj             156     0         0      
       ull_div_t2.asm.obj            150     0         0      
       memset_t2.asm.obj             122     0         0      
       copy_decompress_lzss.c.obj    104     0         0      
       s_frexp.c.obj                 100     0         0      
       sprintf.c.obj                 98      0         0      
       ltoa.c.obj                    84      0         0      
       atoi.c.obj                    76      0         0      
       fd_toi_t2.asm.obj             72      0         0      
       autoinit.c.obj                68      0         0      
       boot_cortex_m.c.obj           56      0         0      
       i_tofd_t2.asm.obj             46      0         0      
       memccpy.c.obj                 28      0         0      
       strchr.c.obj                  22      0         0      
       s_copysign.c.obj              20      0         0      
       strlen.c.obj                  20      0         0      
       wcslen.c.obj                  18      0         0      
       errno.c.obj                   8       0         8      
       copy_decompress_none.c.obj    14      0         0      
       copy_zero_init.c.obj          12      0         0      
       exit.c.obj                    4       0         0      
       pre_init.c.obj                4       0         0      
       div0.asm.obj                  2       0         0      
    +--+-----------------------------+-------+---------+---------+
       Total:                        7687    257       8      
                                                              
       Stack:                        0       0         1024   
       Linker Generated:             0       156       0      
    +--+-----------------------------+-------+---------+---------+
       Grand Total:                  18705   4401      3470   


LINKER GENERATED COPY TABLES

__TI_cinit_table @ 00005a48 records: 2, size/record: 8, table size: 16
	.data: load addr=000059b8, load size=00000078 bytes, run addr=20000428, run size=000000a4 bytes, compression=lzss
	.bss: load addr=00005a40, load size=00000008 bytes, run addr=20000000, run size=00000425 bytes, compression=zero_init


LINKER GENERATED HANDLER TABLE

__TI_handler_table @ 00005a30 records: 3, size/record: 4, table size: 12
	index: 0, handler: __TI_decompress_lzss
	index: 1, handler: __TI_decompress_none
	index: 2, handler: __TI_zero_init


GLOBAL SYMBOLS: SORTED ALPHABETICALLY BY Name 

address   name                          
-------   ----                          
000049d9  ADC14_IRQHandler              
000049d9  AES256_IRQHandler             
00002b51  Activa_TimerA1_TimeOut        
000049d9  BusFault_Handler              
20000424  Byte_Recibido                 
000049fd  C$$EXIT                       
000049d9  COMP_E0_IRQHandler            
000049d9  COMP_E1_IRQHandler            
000049d9  CS_IRQHandler                 
200004b6  Color_Fondo                   
200004ba  Color_Fondo_Inv               
200004b8  Color_Texto                   
200004bc  Color_Texto_Inv               
000049d9  DMA_ERR_IRQHandler            
000049d9  DMA_INT0_IRQHandler           
000049d9  DMA_INT1_IRQHandler           
000049d9  DMA_INT2_IRQHandler           
000049d9  DMA_INT3_IRQHandler           
20000420  DatoLeido_UART                
000049d9  DebugMon_Handler              
000049d9  Default_Handler               
000049d9  EUSCIA0_IRQHandler            
000049d9  EUSCIA1_IRQHandler            
00002de7  EUSCIA2_IRQHandler            
00002de7  EUSCIA2_IRQHandler            
000049d9  EUSCIA3_IRQHandler            
000049d9  EUSCIB0_IRQHandler            
000049d9  EUSCIB1_IRQHandler            
000049d9  EUSCIB2_IRQHandler            
000049d9  EUSCIB3_IRQHandler            
000049d9  FLCTL_IRQHandler              
000049d9  FPU_IRQHandler                
200004b5  Fuente                        
000049d9  HardFault_Handler             
000049d9  MemManage_Handler             
000049d9  NMI_Handler                   
000049d9  PCM_IRQHandler                
000049d9  PORT1_IRQHandler              
000049d9  PORT2_IRQHandler              
000029b9  PORT3_IRQHandler              
000029b9  PORT3_IRQHandler              
00002a09  PORT4_IRQHandler              
00002a09  PORT4_IRQHandler              
00002a95  PORT5_IRQHandler              
00002a95  PORT5_IRQHandler              
000049d9  PORT6_IRQHandler              
000049d9  PSS_IRQHandler                
000049d9  PendSV_Handler                
000049d9  RTC_C_IRQHandler              
000049cd  Reset_Handler                 
00002b6b  Reset_Timeout                 
00002ce1  RxPacket                      
000049d9  SVC_Handler                   
00002b83  Sentit_Dades_Rx               
00002b8f  Sentit_Dades_Tx               
00002b5d  Stop_Timeout                  
000049d9  SysTick_Handler               
200004c8  SystemCoreClock               
0000310d  SystemCoreClockUpdate         
00003385  SystemInit                    
000049d9  T32_INT1_IRQHandler           
000049d9  T32_INT2_IRQHandler           
000049d9  T32_INTC_IRQHandler           
000049d9  TA0_0_IRQHandler              
000049d9  TA0_N_IRQHandler              
00002e71  TA1_0_IRQHandler              
00002e71  TA1_0_IRQHandler              
000049d9  TA1_N_IRQHandler              
000049d9  TA2_0_IRQHandler              
000049d9  TA2_N_IRQHandler              
000049d9  TA3_0_IRQHandler              
000049d9  TA3_N_IRQHandler              
00002bb7  TxPacket                      
00002b9b  TxUAC2                        
000049d9  UsageFault_Handler            
4000480c  WDTCTL_SYM                    
000049d9  WDT_A_IRQHandler              
20010000  __STACK_END                   
00000200  __STACK_SIZE                  
00005a48  __TI_CINIT_Base               
00005a58  __TI_CINIT_Limit              
00005a30  __TI_Handler_Table_Base       
00005a3c  __TI_Handler_Table_Limit      
00004811  __TI_auto_init_nobinit_nopinit
000045b3  __TI_decompress_lzss          
000049bf  __TI_decompress_none          
ffffffff  __TI_pprof_out_hndl           
00001131  __TI_printfi                  
ffffffff  __TI_prof_data_size           
ffffffff  __TI_prof_data_start          
00000000  __TI_static_base__            
000049db  __TI_zero_init                
00004345  __aeabi_cdcmpeq               
00004345  __aeabi_cdcmple               
000043cb  __aeabi_cdrcmple              
000047c9  __aeabi_d2iz                  
0000388b  __aeabi_dadd                  
00003cfd  __aeabi_ddiv                  
00004065  __aeabi_dmul                  
00003881  __aeabi_dsub                  
000049f1  __aeabi_errno_addr            
0000490d  __aeabi_i2d                   
00001b8f  __aeabi_idiv0                 
00001b8f  __aeabi_ldiv0                 
00004451  __aeabi_memclr                
00004451  __aeabi_memclr4               
00004451  __aeabi_memclr8               
00004213  __aeabi_memcpy                
00004213  __aeabi_memcpy4               
00004213  __aeabi_memcpy8               
00004453  __aeabi_memset                
00004453  __aeabi_memset4               
00004453  __aeabi_memset8               
000042af  __aeabi_uldivmod              
ffffffff  __binit__                     
ffffffff  __c_args__                    
UNDEFED   __mpu_init                    
2000fe00  __stack                       
000048d5  _c_int00_noargs               
0000587e  _ctypes_                      
200004b4  _orientation                  
UNDEFED   _system_post_cinit            
000049f9  _system_pre_init              
000049fd  abort                         
20000428  adelanteMSG                   
00002ef1  apagarLedsMotor               
0000477d  atoi                          
20000438  atrasMSG                      
200004c1  bgColorHighByte               
200004c0  bgColorLowByte                
ffffffff  binit                         
20000448  borrado                       
00002651  borrar                        
20000400  cadena                        
20000410  cadena2                       
00001fc1  cambiar_orientacion           
00002e0b  checkSum                      
00000121  clearScreen                   
000001af  clearScreenBkg                
200004bf  colorHighByte                 
200004be  colorLowByte                  
00004985  copysign                      
00004985  copysignl                     
20000458  dchaMSG                       
00003b5d  delay                         
200004b0  direccion                     
00000521  drawCharLg                    
000005c9  drawCharLgBkg                 
000006ad  drawCharMd                    
0000075b  drawCharMdBkg                 
000003a1  drawCharSm                    
00000447  drawCharSmBkg                 
00000d9b  drawCircle                    
000008bd  drawImage                     
000008d5  drawImageLut                  
000009e3  drawImageMono                 
00000b41  drawLine                      
00000a01  drawLogicLine                 
00000237  drawPixel                     
00000d37  drawRect                      
00000267  drawString                    
00002ea5  encenderLedsMotor             
200004c4  errno                         
00002665  escribir                      
200004a9  estado                        
200004aa  estado_anterior               
00000fb9  fillCircle                    
00000f1b  fillRect                      
00004a00  font_11x16                    
0000569e  font_5x7                      
0000522a  font_8x12                     
200004ac  forward                       
0000461d  frexp                         
0000461d  frexpl                        
00001c3b  getAltura                     
00001be9  getColumna                    
00001b97  getLinea                      
00001b91  getOrientacion                
00001c97  getScreenHeight               
00001c81  getScreenWidth                
00002151  halLcdClearLine               
00001fef  halLcdClearScreen             
00002013  halLcdClearScreenBkg          
000022c5  halLcdDrawCircle              
000023cd  halLcdDrawImageLut            
00002219  halLcdDrawLine                
000021c7  halLcdDrawPixel               
0000226d  halLcdDrawRect                
00002371  halLcdFillCircle              
00002315  halLcdFillRect                
00001fe3  halLcdInit                    
00002033  halLcdPrintLine               
000020b3  halLcdPrintLineCol            
00001e0d  initLCD                       
00002645  init_LCD                      
00002b2d  init_Timers                   
000025d3  init_UART                     
000024a1  init_botons                   
00002439  init_interrupciones           
00003a39  init_spi_lcd_tactil           
000044cd  init_ucs_16MHz                
00004505  init_ucs_24MHz                
00000000  interruptVectors              
20000468  izqMSG                        
00003f55  ldexp                         
00003f55  ldexpl                        
000030c5  leerSensor                    
200004a8  linea                         
000046d7  ltoa                          
000026fd  main                          
0000493b  memccpy                       
00004213  memcpy                        
00004459  memset                        
00002f2b  moverRobot                    
00002ff5  nitroRobot                    
20000478  powerUpMSG                    
20000488  saludo                        
00003f55  scalbn                        
00003f55  scalbnl                       
00001cad  setArea                       
00000103  setBackgroundColor            
000000e5  setColor                      
00001f53  setOrientation                
00003073  spinRobot                     
00004855  sprintf                       
20000498  stopMSG                       
00002fa9  stopMovimientoRobot           
0000496f  strchr                        
00004999  strlen                        
20000422  temps                         
00002e43  timeOut                       
000049ad  wcslen                        
00003b37  writeCommand                  
00003b11  writeData                     


GLOBAL SYMBOLS: SORTED BY Symbol Address 

address   name                          
-------   ----                          
00000000  __TI_static_base__            
00000000  interruptVectors              
000000e5  setColor                      
00000103  setBackgroundColor            
00000121  clearScreen                   
000001af  clearScreenBkg                
00000200  __STACK_SIZE                  
00000237  drawPixel                     
00000267  drawString                    
000003a1  drawCharSm                    
00000447  drawCharSmBkg                 
00000521  drawCharLg                    
000005c9  drawCharLgBkg                 
000006ad  drawCharMd                    
0000075b  drawCharMdBkg                 
000008bd  drawImage                     
000008d5  drawImageLut                  
000009e3  drawImageMono                 
00000a01  drawLogicLine                 
00000b41  drawLine                      
00000d37  drawRect                      
00000d9b  drawCircle                    
00000f1b  fillRect                      
00000fb9  fillCircle                    
00001131  __TI_printfi                  
00001b8f  __aeabi_idiv0                 
00001b8f  __aeabi_ldiv0                 
00001b91  getOrientacion                
00001b97  getLinea                      
00001be9  getColumna                    
00001c3b  getAltura                     
00001c81  getScreenWidth                
00001c97  getScreenHeight               
00001cad  setArea                       
00001e0d  initLCD                       
00001f53  setOrientation                
00001fc1  cambiar_orientacion           
00001fe3  halLcdInit                    
00001fef  halLcdClearScreen             
00002013  halLcdClearScreenBkg          
00002033  halLcdPrintLine               
000020b3  halLcdPrintLineCol            
00002151  halLcdClearLine               
000021c7  halLcdDrawPixel               
00002219  halLcdDrawLine                
0000226d  halLcdDrawRect                
000022c5  halLcdDrawCircle              
00002315  halLcdFillRect                
00002371  halLcdFillCircle              
000023cd  halLcdDrawImageLut            
00002439  init_interrupciones           
000024a1  init_botons                   
000025d3  init_UART                     
00002645  init_LCD                      
00002651  borrar                        
00002665  escribir                      
000026fd  main                          
000029b9  PORT3_IRQHandler              
000029b9  PORT3_IRQHandler              
00002a09  PORT4_IRQHandler              
00002a09  PORT4_IRQHandler              
00002a95  PORT5_IRQHandler              
00002a95  PORT5_IRQHandler              
00002b2d  init_Timers                   
00002b51  Activa_TimerA1_TimeOut        
00002b5d  Stop_Timeout                  
00002b6b  Reset_Timeout                 
00002b83  Sentit_Dades_Rx               
00002b8f  Sentit_Dades_Tx               
00002b9b  TxUAC2                        
00002bb7  TxPacket                      
00002ce1  RxPacket                      
00002de7  EUSCIA2_IRQHandler            
00002de7  EUSCIA2_IRQHandler            
00002e0b  checkSum                      
00002e43  timeOut                       
00002e71  TA1_0_IRQHandler              
00002e71  TA1_0_IRQHandler              
00002ea5  encenderLedsMotor             
00002ef1  apagarLedsMotor               
00002f2b  moverRobot                    
00002fa9  stopMovimientoRobot           
00002ff5  nitroRobot                    
00003073  spinRobot                     
000030c5  leerSensor                    
0000310d  SystemCoreClockUpdate         
00003385  SystemInit                    
00003881  __aeabi_dsub                  
0000388b  __aeabi_dadd                  
00003a39  init_spi_lcd_tactil           
00003b11  writeData                     
00003b37  writeCommand                  
00003b5d  delay                         
00003cfd  __aeabi_ddiv                  
00003f55  ldexp                         
00003f55  ldexpl                        
00003f55  scalbn                        
00003f55  scalbnl                       
00004065  __aeabi_dmul                  
00004213  __aeabi_memcpy                
00004213  __aeabi_memcpy4               
00004213  __aeabi_memcpy8               
00004213  memcpy                        
000042af  __aeabi_uldivmod              
00004345  __aeabi_cdcmpeq               
00004345  __aeabi_cdcmple               
000043cb  __aeabi_cdrcmple              
00004451  __aeabi_memclr                
00004451  __aeabi_memclr4               
00004451  __aeabi_memclr8               
00004453  __aeabi_memset                
00004453  __aeabi_memset4               
00004453  __aeabi_memset8               
00004459  memset                        
000044cd  init_ucs_16MHz                
00004505  init_ucs_24MHz                
000045b3  __TI_decompress_lzss          
0000461d  frexp                         
0000461d  frexpl                        
000046d7  ltoa                          
0000477d  atoi                          
000047c9  __aeabi_d2iz                  
00004811  __TI_auto_init_nobinit_nopinit
00004855  sprintf                       
000048d5  _c_int00_noargs               
0000490d  __aeabi_i2d                   
0000493b  memccpy                       
0000496f  strchr                        
00004985  copysign                      
00004985  copysignl                     
00004999  strlen                        
000049ad  wcslen                        
000049bf  __TI_decompress_none          
000049cd  Reset_Handler                 
000049d9  ADC14_IRQHandler              
000049d9  AES256_IRQHandler             
000049d9  BusFault_Handler              
000049d9  COMP_E0_IRQHandler            
000049d9  COMP_E1_IRQHandler            
000049d9  CS_IRQHandler                 
000049d9  DMA_ERR_IRQHandler            
000049d9  DMA_INT0_IRQHandler           
000049d9  DMA_INT1_IRQHandler           
000049d9  DMA_INT2_IRQHandler           
000049d9  DMA_INT3_IRQHandler           
000049d9  DebugMon_Handler              
000049d9  Default_Handler               
000049d9  EUSCIA0_IRQHandler            
000049d9  EUSCIA1_IRQHandler            
000049d9  EUSCIA3_IRQHandler            
000049d9  EUSCIB0_IRQHandler            
000049d9  EUSCIB1_IRQHandler            
000049d9  EUSCIB2_IRQHandler            
000049d9  EUSCIB3_IRQHandler            
000049d9  FLCTL_IRQHandler              
000049d9  FPU_IRQHandler                
000049d9  HardFault_Handler             
000049d9  MemManage_Handler             
000049d9  NMI_Handler                   
000049d9  PCM_IRQHandler                
000049d9  PORT1_IRQHandler              
000049d9  PORT2_IRQHandler              
000049d9  PORT6_IRQHandler              
000049d9  PSS_IRQHandler                
000049d9  PendSV_Handler                
000049d9  RTC_C_IRQHandler              
000049d9  SVC_Handler                   
000049d9  SysTick_Handler               
000049d9  T32_INT1_IRQHandler           
000049d9  T32_INT2_IRQHandler           
000049d9  T32_INTC_IRQHandler           
000049d9  TA0_0_IRQHandler              
000049d9  TA0_N_IRQHandler              
000049d9  TA1_N_IRQHandler              
000049d9  TA2_0_IRQHandler              
000049d9  TA2_N_IRQHandler              
000049d9  TA3_0_IRQHandler              
000049d9  TA3_N_IRQHandler              
000049d9  UsageFault_Handler            
000049d9  WDT_A_IRQHandler              
000049db  __TI_zero_init                
000049f1  __aeabi_errno_addr            
000049f9  _system_pre_init              
000049fd  C$$EXIT                       
000049fd  abort                         
00004a00  font_11x16                    
0000522a  font_8x12                     
0000569e  font_5x7                      
0000587e  _ctypes_                      
00005a30  __TI_Handler_Table_Base       
00005a3c  __TI_Handler_Table_Limit      
00005a48  __TI_CINIT_Base               
00005a58  __TI_CINIT_Limit              
20000400  cadena                        
20000410  cadena2                       
20000420  DatoLeido_UART                
20000422  temps                         
20000424  Byte_Recibido                 
20000428  adelanteMSG                   
20000438  atrasMSG                      
20000448  borrado                       
20000458  dchaMSG                       
20000468  izqMSG                        
20000478  powerUpMSG                    
20000488  saludo                        
20000498  stopMSG                       
200004a8  linea                         
200004a9  estado                        
200004aa  estado_anterior               
200004ac  forward                       
200004b0  direccion                     
200004b4  _orientation                  
200004b5  Fuente                        
200004b6  Color_Fondo                   
200004b8  Color_Texto                   
200004ba  Color_Fondo_Inv               
200004bc  Color_Texto_Inv               
200004be  colorLowByte                  
200004bf  colorHighByte                 
200004c0  bgColorLowByte                
200004c1  bgColorHighByte               
200004c4  errno                         
200004c8  SystemCoreClock               
2000fe00  __stack                       
20010000  __STACK_END                   
4000480c  WDTCTL_SYM                    
ffffffff  __TI_pprof_out_hndl           
ffffffff  __TI_prof_data_size           
ffffffff  __TI_prof_data_start          
ffffffff  __binit__                     
ffffffff  __c_args__                    
ffffffff  binit                         
UNDEFED   __mpu_init                    
UNDEFED   _system_post_cinit            

[234 symbols]
