<?xml version="1.0" encoding="ISO-8859-1" ?>
<link_info>
   <banner>TI ARM Linker Unix v18.1.2.LTS</banner>
   <copyright>Copyright (c) 1996-2017 Texas Instruments Incorporated</copyright>
   <link_time>0x5cd2fedb</link_time>
   <link_errors>0x0</link_errors>
   <output_file>PAE_4.out</output_file>
   <entry_point>
      <name>_c_int00_noargs</name>
      <address>0x48d5</address>
   </entry_point>
   <input_file_list>
      <input_file id="fl-1">
         <path>./</path>
         <kind>object</kind>
         <file>lib_PAE_P4.obj</file>
         <name>lib_PAE_P4.obj</name>
      </input_file>
      <input_file id="fl-2">
         <path>./</path>
         <kind>object</kind>
         <file>main.obj</file>
         <name>main.obj</name>
      </input_file>
      <input_file id="fl-3">
         <path>./</path>
         <kind>object</kind>
         <file>startup_msp432p401r_ccs.obj</file>
         <name>startup_msp432p401r_ccs.obj</name>
      </input_file>
      <input_file id="fl-4">
         <path>./</path>
         <kind>object</kind>
         <file>system_msp432p401r.obj</file>
         <name>system_msp432p401r.obj</name>
      </input_file>
      <input_file id="fl-9">
         <kind>object</kind>
         <file>&lt;internal&gt;</file>
         <name>&lt;internal&gt;</name>
      </input_file>
      <input_file id="fl-a">
         <path>../</path>
         <kind>archive</kind>
         <file>lib_PAE2.lib</file>
         <name>Inicializacion.obj</name>
      </input_file>
      <input_file id="fl-b">
         <path>../</path>
         <kind>archive</kind>
         <file>lib_PAE2.lib</file>
         <name>lcd.obj</name>
      </input_file>
      <input_file id="fl-c">
         <path>../</path>
         <kind>archive</kind>
         <file>lib_PAE2.lib</file>
         <name>msp_LCD.obj</name>
      </input_file>
      <input_file id="fl-d">
         <path>../</path>
         <kind>archive</kind>
         <file>lib_PAE2.lib</file>
         <name>graphics.obj</name>
      </input_file>
      <input_file id="fl-c3">
         <path>/Applications/ti/ccsv8/tools/compiler/ti-cgt-arm_18.1.2.LTS/lib/</path>
         <kind>archive</kind>
         <file>rtsv7M4_T_le_v4SPD16_eabi.lib</file>
         <name>memcpy_t2.asm.obj</name>
      </input_file>
      <input_file id="fl-c4">
         <path>/Applications/ti/ccsv8/tools/compiler/ti-cgt-arm_18.1.2.LTS/lib/</path>
         <kind>archive</kind>
         <file>rtsv7M4_T_le_v4SPD16_eabi.lib</file>
         <name>copy_zero_init.c.obj</name>
      </input_file>
      <input_file id="fl-c5">
         <path>/Applications/ti/ccsv8/tools/compiler/ti-cgt-arm_18.1.2.LTS/lib/</path>
         <kind>archive</kind>
         <file>rtsv7M4_T_le_v4SPD16_eabi.lib</file>
         <name>copy_decompress_none.c.obj</name>
      </input_file>
      <input_file id="fl-c6">
         <path>/Applications/ti/ccsv8/tools/compiler/ti-cgt-arm_18.1.2.LTS/lib/</path>
         <kind>archive</kind>
         <file>rtsv7M4_T_le_v4SPD16_eabi.lib</file>
         <name>copy_decompress_lzss.c.obj</name>
      </input_file>
      <input_file id="fl-c7">
         <path>/Applications/ti/ccsv8/tools/compiler/ti-cgt-arm_18.1.2.LTS/lib/</path>
         <kind>archive</kind>
         <file>rtsv7M4_T_le_v4SPD16_eabi.lib</file>
         <name>boot_cortex_m.c.obj</name>
      </input_file>
      <input_file id="fl-c8">
         <path>/Applications/ti/ccsv8/tools/compiler/ti-cgt-arm_18.1.2.LTS/lib/</path>
         <kind>archive</kind>
         <file>rtsv7M4_T_le_v4SPD16_eabi.lib</file>
         <name>exit.c.obj</name>
      </input_file>
      <input_file id="fl-c9">
         <path>/Applications/ti/ccsv8/tools/compiler/ti-cgt-arm_18.1.2.LTS/lib/</path>
         <kind>archive</kind>
         <file>rtsv7M4_T_le_v4SPD16_eabi.lib</file>
         <name>_lock.c.obj</name>
      </input_file>
      <input_file id="fl-ca">
         <path>/Applications/ti/ccsv8/tools/compiler/ti-cgt-arm_18.1.2.LTS/lib/</path>
         <kind>archive</kind>
         <file>rtsv7M4_T_le_v4SPD16_eabi.lib</file>
         <name>args_main.c.obj</name>
      </input_file>
      <input_file id="fl-cb">
         <path>/Applications/ti/ccsv8/tools/compiler/ti-cgt-arm_18.1.2.LTS/lib/</path>
         <kind>archive</kind>
         <file>rtsv7M4_T_le_v4SPD16_eabi.lib</file>
         <name>sprintf.c.obj</name>
      </input_file>
      <input_file id="fl-cc">
         <path>/Applications/ti/ccsv8/tools/compiler/ti-cgt-arm_18.1.2.LTS/lib/</path>
         <kind>archive</kind>
         <file>rtsv7M4_T_le_v4SPD16_eabi.lib</file>
         <name>memset_t2.asm.obj</name>
      </input_file>
      <input_file id="fl-cd">
         <path>/Applications/ti/ccsv8/tools/compiler/ti-cgt-arm_18.1.2.LTS/lib/</path>
         <kind>archive</kind>
         <file>rtsv7M4_T_le_v4SPD16_eabi.lib</file>
         <name>autoinit.c.obj</name>
      </input_file>
      <input_file id="fl-ce">
         <path>/Applications/ti/ccsv8/tools/compiler/ti-cgt-arm_18.1.2.LTS/lib/</path>
         <kind>archive</kind>
         <file>rtsv7M4_T_le_v4SPD16_eabi.lib</file>
         <name>pre_init.c.obj</name>
      </input_file>
      <input_file id="fl-cf">
         <path>/Applications/ti/ccsv8/tools/compiler/ti-cgt-arm_18.1.2.LTS/lib/</path>
         <kind>archive</kind>
         <file>rtsv7M4_T_le_v4SPD16_eabi.lib</file>
         <name>cpy_tbl.c.obj</name>
      </input_file>
      <input_file id="fl-d0">
         <path>/Applications/ti/ccsv8/tools/compiler/ti-cgt-arm_18.1.2.LTS/lib/</path>
         <kind>archive</kind>
         <file>rtsv7M4_T_le_v4SPD16_eabi.lib</file>
         <name>_printfi.c.obj</name>
      </input_file>
      <input_file id="fl-d1">
         <path>/Applications/ti/ccsv8/tools/compiler/ti-cgt-arm_18.1.2.LTS/lib/</path>
         <kind>archive</kind>
         <file>rtsv7M4_T_le_v4SPD16_eabi.lib</file>
         <name>atoi.c.obj</name>
      </input_file>
      <input_file id="fl-d2">
         <path>/Applications/ti/ccsv8/tools/compiler/ti-cgt-arm_18.1.2.LTS/lib/</path>
         <kind>archive</kind>
         <file>rtsv7M4_T_le_v4SPD16_eabi.lib</file>
         <name>ctype.c.obj</name>
      </input_file>
      <input_file id="fl-d3">
         <path>/Applications/ti/ccsv8/tools/compiler/ti-cgt-arm_18.1.2.LTS/lib/</path>
         <kind>archive</kind>
         <file>rtsv7M4_T_le_v4SPD16_eabi.lib</file>
         <name>ltoa.c.obj</name>
      </input_file>
      <input_file id="fl-d4">
         <path>/Applications/ti/ccsv8/tools/compiler/ti-cgt-arm_18.1.2.LTS/lib/</path>
         <kind>archive</kind>
         <file>rtsv7M4_T_le_v4SPD16_eabi.lib</file>
         <name>memccpy.c.obj</name>
      </input_file>
      <input_file id="fl-d5">
         <path>/Applications/ti/ccsv8/tools/compiler/ti-cgt-arm_18.1.2.LTS/lib/</path>
         <kind>archive</kind>
         <file>rtsv7M4_T_le_v4SPD16_eabi.lib</file>
         <name>strchr.c.obj</name>
      </input_file>
      <input_file id="fl-d6">
         <path>/Applications/ti/ccsv8/tools/compiler/ti-cgt-arm_18.1.2.LTS/lib/</path>
         <kind>archive</kind>
         <file>rtsv7M4_T_le_v4SPD16_eabi.lib</file>
         <name>strlen.c.obj</name>
      </input_file>
      <input_file id="fl-d7">
         <path>/Applications/ti/ccsv8/tools/compiler/ti-cgt-arm_18.1.2.LTS/lib/</path>
         <kind>archive</kind>
         <file>rtsv7M4_T_le_v4SPD16_eabi.lib</file>
         <name>s_frexp.c.obj</name>
      </input_file>
      <input_file id="fl-d8">
         <path>/Applications/ti/ccsv8/tools/compiler/ti-cgt-arm_18.1.2.LTS/lib/</path>
         <kind>archive</kind>
         <file>rtsv7M4_T_le_v4SPD16_eabi.lib</file>
         <name>s_scalbn.c.obj</name>
      </input_file>
      <input_file id="fl-d9">
         <path>/Applications/ti/ccsv8/tools/compiler/ti-cgt-arm_18.1.2.LTS/lib/</path>
         <kind>archive</kind>
         <file>rtsv7M4_T_le_v4SPD16_eabi.lib</file>
         <name>s_copysign.c.obj</name>
      </input_file>
      <input_file id="fl-da">
         <path>/Applications/ti/ccsv8/tools/compiler/ti-cgt-arm_18.1.2.LTS/lib/</path>
         <kind>archive</kind>
         <file>rtsv7M4_T_le_v4SPD16_eabi.lib</file>
         <name>wcslen.c.obj</name>
      </input_file>
      <input_file id="fl-db">
         <path>/Applications/ti/ccsv8/tools/compiler/ti-cgt-arm_18.1.2.LTS/lib/</path>
         <kind>archive</kind>
         <file>rtsv7M4_T_le_v4SPD16_eabi.lib</file>
         <name>fd_add_t2.asm.obj</name>
      </input_file>
      <input_file id="fl-dc">
         <path>/Applications/ti/ccsv8/tools/compiler/ti-cgt-arm_18.1.2.LTS/lib/</path>
         <kind>archive</kind>
         <file>rtsv7M4_T_le_v4SPD16_eabi.lib</file>
         <name>fd_cmp_t2.asm.obj</name>
      </input_file>
      <input_file id="fl-dd">
         <path>/Applications/ti/ccsv8/tools/compiler/ti-cgt-arm_18.1.2.LTS/lib/</path>
         <kind>archive</kind>
         <file>rtsv7M4_T_le_v4SPD16_eabi.lib</file>
         <name>fd_div_t2.asm.obj</name>
      </input_file>
      <input_file id="fl-de">
         <path>/Applications/ti/ccsv8/tools/compiler/ti-cgt-arm_18.1.2.LTS/lib/</path>
         <kind>archive</kind>
         <file>rtsv7M4_T_le_v4SPD16_eabi.lib</file>
         <name>fd_mul_t2.asm.obj</name>
      </input_file>
      <input_file id="fl-df">
         <path>/Applications/ti/ccsv8/tools/compiler/ti-cgt-arm_18.1.2.LTS/lib/</path>
         <kind>archive</kind>
         <file>rtsv7M4_T_le_v4SPD16_eabi.lib</file>
         <name>fd_toi_t2.asm.obj</name>
      </input_file>
      <input_file id="fl-e0">
         <path>/Applications/ti/ccsv8/tools/compiler/ti-cgt-arm_18.1.2.LTS/lib/</path>
         <kind>archive</kind>
         <file>rtsv7M4_T_le_v4SPD16_eabi.lib</file>
         <name>i_tofd_t2.asm.obj</name>
      </input_file>
      <input_file id="fl-e1">
         <path>/Applications/ti/ccsv8/tools/compiler/ti-cgt-arm_18.1.2.LTS/lib/</path>
         <kind>archive</kind>
         <file>rtsv7M4_T_le_v4SPD16_eabi.lib</file>
         <name>ull_div_t2.asm.obj</name>
      </input_file>
      <input_file id="fl-e2">
         <path>/Applications/ti/ccsv8/tools/compiler/ti-cgt-arm_18.1.2.LTS/lib/</path>
         <kind>archive</kind>
         <file>rtsv7M4_T_le_v4SPD16_eabi.lib</file>
         <name>errno.c.obj</name>
      </input_file>
      <input_file id="fl-e3">
         <path>/Applications/ti/ccsv8/tools/compiler/ti-cgt-arm_18.1.2.LTS/lib/</path>
         <kind>archive</kind>
         <file>rtsv7M4_T_le_v4SPD16_eabi.lib</file>
         <name>div0.asm.obj</name>
      </input_file>
   </input_file_list>
   <object_component_list>
      <object_component id="oc-23">
         <name>.intvecs:retain</name>
         <load_address>0x0</load_address>
         <run_address>0x0</run_address>
         <size>0xe4</size>
         <input_file_ref idref="fl-3"/>
      </object_component>
      <object_component id="oc-156">
         <name>.text</name>
         <load_address>0xe4</load_address>
         <run_address>0xe4</run_address>
         <size>0x104c</size>
         <input_file_ref idref="fl-d"/>
      </object_component>
      <object_component id="oc-184">
         <name>.text:__TI_printfi</name>
         <load_address>0x1130</load_address>
         <run_address>0x1130</run_address>
         <size>0xa5e</size>
         <input_file_ref idref="fl-d0"/>
      </object_component>
      <object_component id="oc-310">
         <name>.text</name>
         <load_address>0x1b8e</load_address>
         <run_address>0x1b8e</run_address>
         <size>0x2</size>
         <input_file_ref idref="fl-e3"/>
      </object_component>
      <object_component id="oc-af">
         <name>.text</name>
         <load_address>0x1b90</load_address>
         <run_address>0x1b90</run_address>
         <size>0x8a8</size>
         <input_file_ref idref="fl-b"/>
      </object_component>
      <object_component id="oc-70">
         <name>.text</name>
         <load_address>0x2438</load_address>
         <run_address>0x2438</run_address>
         <size>0x6f4</size>
         <input_file_ref idref="fl-2"/>
      </object_component>
      <object_component id="oc-6a">
         <name>.text</name>
         <load_address>0x2b2c</load_address>
         <run_address>0x2b2c</run_address>
         <size>0x5e0</size>
         <input_file_ref idref="fl-1"/>
      </object_component>
      <object_component id="oc-a8">
         <name>.text</name>
         <load_address>0x310c</load_address>
         <run_address>0x310c</run_address>
         <size>0x334</size>
         <input_file_ref idref="fl-4"/>
      </object_component>
      <object_component id="oc-21e">
         <name>.text:_pconv_a</name>
         <load_address>0x3440</load_address>
         <run_address>0x3440</run_address>
         <size>0x270</size>
         <input_file_ref idref="fl-d0"/>
      </object_component>
      <object_component id="oc-20c">
         <name>.text:_pconv_g</name>
         <load_address>0x36b0</load_address>
         <run_address>0x36b0</run_address>
         <size>0x1d0</size>
         <input_file_ref idref="fl-d0"/>
      </object_component>
      <object_component id="oc-2a1">
         <name>.text</name>
         <load_address>0x3880</load_address>
         <run_address>0x3880</run_address>
         <size>0x1b6</size>
         <input_file_ref idref="fl-db"/>
      </object_component>
      <object_component id="oc-14d">
         <name>.text</name>
         <load_address>0x3a38</load_address>
         <run_address>0x3a38</run_address>
         <size>0x188</size>
         <input_file_ref idref="fl-c"/>
      </object_component>
      <object_component id="oc-218">
         <name>.text:_pconv_e</name>
         <load_address>0x3bc0</load_address>
         <run_address>0x3bc0</run_address>
         <size>0x13c</size>
         <input_file_ref idref="fl-d0"/>
      </object_component>
      <object_component id="oc-287">
         <name>.text</name>
         <load_address>0x3cfc</load_address>
         <run_address>0x3cfc</run_address>
         <size>0x136</size>
         <input_file_ref idref="fl-dd"/>
      </object_component>
      <object_component id="oc-2b3">
         <name>.text:fcvt</name>
         <load_address>0x3e34</load_address>
         <run_address>0x3e34</run_address>
         <size>0x120</size>
         <input_file_ref idref="fl-d0"/>
      </object_component>
      <object_component id="oc-2c7">
         <name>.text:scalbn</name>
         <load_address>0x3f54</load_address>
         <run_address>0x3f54</run_address>
         <size>0x110</size>
         <input_file_ref idref="fl-d8"/>
      </object_component>
      <object_component id="oc-282">
         <name>.text</name>
         <load_address>0x4064</load_address>
         <run_address>0x4064</run_address>
         <size>0xfc</size>
         <input_file_ref idref="fl-de"/>
      </object_component>
      <object_component id="oc-201">
         <name>.text:_ltostr</name>
         <load_address>0x4160</load_address>
         <run_address>0x4160</run_address>
         <size>0xb1</size>
         <input_file_ref idref="fl-d0"/>
      </object_component>
      <object_component id="oc-34">
         <name>.text</name>
         <load_address>0x4212</load_address>
         <run_address>0x4212</run_address>
         <size>0x9c</size>
         <input_file_ref idref="fl-c3"/>
      </object_component>
      <object_component id="oc-27b">
         <name>.text</name>
         <load_address>0x42ae</load_address>
         <run_address>0x42ae</run_address>
         <size>0x96</size>
         <input_file_ref idref="fl-e1"/>
      </object_component>
      <object_component id="oc-207">
         <name>.text:__aeabi_cdcmple</name>
         <load_address>0x4344</load_address>
         <run_address>0x4344</run_address>
         <size>0x86</size>
         <input_file_ref idref="fl-dc"/>
      </object_component>
      <object_component id="oc-28c">
         <name>.text:__aeabi_cdrcmple</name>
         <load_address>0x43ca</load_address>
         <run_address>0x43ca</run_address>
         <size>0x86</size>
         <input_file_ref idref="fl-dc"/>
      </object_component>
      <object_component id="oc-90">
         <name>.text</name>
         <load_address>0x4450</load_address>
         <run_address>0x4450</run_address>
         <size>0x7a</size>
         <input_file_ref idref="fl-cc"/>
      </object_component>
      <object_component id="oc-ca">
         <name>.text</name>
         <load_address>0x44cc</load_address>
         <run_address>0x44cc</run_address>
         <size>0x78</size>
         <input_file_ref idref="fl-a"/>
      </object_component>
      <object_component id="oc-2ac">
         <name>.text:_mcpy</name>
         <load_address>0x4544</load_address>
         <run_address>0x4544</run_address>
         <size>0x6e</size>
         <input_file_ref idref="fl-d0"/>
      </object_component>
      <object_component id="oc-14">
         <name>.text:decompress:lzss:__TI_decompress_lzss</name>
         <load_address>0x45b2</load_address>
         <run_address>0x45b2</run_address>
         <size>0x68</size>
         <input_file_ref idref="fl-c6"/>
      </object_component>
      <object_component id="oc-2c1">
         <name>.text:frexp</name>
         <load_address>0x461c</load_address>
         <run_address>0x461c</run_address>
         <size>0x64</size>
         <input_file_ref idref="fl-d7"/>
      </object_component>
      <object_component id="oc-212">
         <name>.text:_pconv_f</name>
         <load_address>0x4680</load_address>
         <run_address>0x4680</run_address>
         <size>0x56</size>
         <input_file_ref idref="fl-d0"/>
      </object_component>
      <object_component id="oc-296">
         <name>.text:ltoa</name>
         <load_address>0x46d6</load_address>
         <run_address>0x46d6</run_address>
         <size>0x54</size>
         <input_file_ref idref="fl-d3"/>
      </object_component>
      <object_component id="oc-2a6">
         <name>.text:_ecpy</name>
         <load_address>0x472a</load_address>
         <run_address>0x472a</run_address>
         <size>0x52</size>
         <input_file_ref idref="fl-d0"/>
      </object_component>
      <object_component id="oc-1fb">
         <name>.text:atoi</name>
         <load_address>0x477c</load_address>
         <run_address>0x477c</run_address>
         <size>0x4c</size>
         <input_file_ref idref="fl-d1"/>
      </object_component>
      <object_component id="oc-291">
         <name>.text</name>
         <load_address>0x47c8</load_address>
         <run_address>0x47c8</run_address>
         <size>0x48</size>
         <input_file_ref idref="fl-df"/>
      </object_component>
      <object_component id="oc-117">
         <name>.text:__TI_auto_init_nobinit_nopinit:__TI_auto_init_nobinit_nopinit</name>
         <load_address>0x4810</load_address>
         <run_address>0x4810</run_address>
         <size>0x44</size>
         <input_file_ref idref="fl-cd"/>
      </object_component>
      <object_component id="oc-d0">
         <name>.text:sprintf</name>
         <load_address>0x4854</load_address>
         <run_address>0x4854</run_address>
         <size>0x40</size>
         <input_file_ref idref="fl-cb"/>
      </object_component>
      <object_component id="oc-2b9">
         <name>.text:_fcpy</name>
         <load_address>0x4894</load_address>
         <run_address>0x4894</run_address>
         <size>0x3e</size>
         <input_file_ref idref="fl-d0"/>
      </object_component>
      <object_component id="oc-52">
         <name>.text:_c_int00_noargs:_c_int00_noargs</name>
         <load_address>0x48d4</load_address>
         <run_address>0x48d4</run_address>
         <size>0x38</size>
         <input_file_ref idref="fl-c7"/>
      </object_component>
      <object_component id="oc-29c">
         <name>.text</name>
         <load_address>0x490c</load_address>
         <run_address>0x490c</run_address>
         <size>0x2e</size>
         <input_file_ref idref="fl-e0"/>
      </object_component>
      <object_component id="oc-224">
         <name>.text:memccpy</name>
         <load_address>0x493a</load_address>
         <run_address>0x493a</run_address>
         <size>0x1c</size>
         <input_file_ref idref="fl-d4"/>
      </object_component>
      <object_component id="oc-18a">
         <name>.text:_outs</name>
         <load_address>0x4956</load_address>
         <run_address>0x4956</run_address>
         <size>0x18</size>
         <input_file_ref idref="fl-cb"/>
      </object_component>
      <object_component id="oc-2cd">
         <name>.text:strchr</name>
         <load_address>0x496e</load_address>
         <run_address>0x496e</run_address>
         <size>0x16</size>
         <input_file_ref idref="fl-d5"/>
      </object_component>
      <object_component id="oc-329">
         <name>.text:copysign</name>
         <load_address>0x4984</load_address>
         <run_address>0x4984</run_address>
         <size>0x14</size>
         <input_file_ref idref="fl-d9"/>
      </object_component>
      <object_component id="oc-1f5">
         <name>.text:strlen</name>
         <load_address>0x4998</load_address>
         <run_address>0x4998</run_address>
         <size>0x14</size>
         <input_file_ref idref="fl-d6"/>
      </object_component>
      <object_component id="oc-22a">
         <name>.text:wcslen</name>
         <load_address>0x49ac</load_address>
         <run_address>0x49ac</run_address>
         <size>0x12</size>
         <input_file_ref idref="fl-da"/>
      </object_component>
      <object_component id="oc-1a">
         <name>.text:decompress:none:__TI_decompress_none</name>
         <load_address>0x49be</load_address>
         <run_address>0x49be</run_address>
         <size>0xe</size>
         <input_file_ref idref="fl-c5"/>
      </object_component>
      <object_component id="oc-64">
         <name>.text</name>
         <load_address>0x49cc</load_address>
         <run_address>0x49cc</run_address>
         <size>0xe</size>
         <input_file_ref idref="fl-3"/>
      </object_component>
      <object_component id="oc-46">
         <name>.text:decompress:ZI:__TI_zero_init</name>
         <load_address>0x49da</load_address>
         <run_address>0x49da</run_address>
         <size>0xc</size>
         <input_file_ref idref="fl-c4"/>
      </object_component>
      <object_component id="oc-190">
         <name>.text:_outc</name>
         <load_address>0x49e6</load_address>
         <run_address>0x49e6</run_address>
         <size>0xa</size>
         <input_file_ref idref="fl-cb"/>
      </object_component>
      <object_component id="oc-230">
         <name>.text:__aeabi_errno_addr</name>
         <load_address>0x49f0</load_address>
         <run_address>0x49f0</run_address>
         <size>0x8</size>
         <input_file_ref idref="fl-e2"/>
      </object_component>
      <object_component id="oc-96">
         <name>.text:_system_pre_init</name>
         <load_address>0x49f8</load_address>
         <run_address>0x49f8</run_address>
         <size>0x4</size>
         <input_file_ref idref="fl-ce"/>
      </object_component>
      <object_component id="oc-10b">
         <name>.text:abort:abort</name>
         <load_address>0x49fc</load_address>
         <run_address>0x49fc</run_address>
         <size>0x4</size>
         <input_file_ref idref="fl-c8"/>
      </object_component>
      <object_component id="oc-1da">
         <name>.const:font_11x16</name>
         <load_address>0x4a00</load_address>
         <run_address>0x4a00</run_address>
         <size>0x82a</size>
         <input_file_ref idref="fl-d"/>
      </object_component>
      <object_component id="oc-1dd">
         <name>.const:font_8x12</name>
         <load_address>0x522a</load_address>
         <run_address>0x522a</run_address>
         <size>0x474</size>
         <input_file_ref idref="fl-d"/>
      </object_component>
      <object_component id="oc-1d7">
         <name>.const:font_5x7</name>
         <load_address>0x569e</load_address>
         <run_address>0x569e</run_address>
         <size>0x1e0</size>
         <input_file_ref idref="fl-d"/>
      </object_component>
      <object_component id="oc-276">
         <name>.const:.string:_ctypes_</name>
         <load_address>0x587e</load_address>
         <run_address>0x587e</run_address>
         <size>0x101</size>
         <input_file_ref idref="fl-d2"/>
      </object_component>
      <object_component id="oc-ba">
         <name>.const:.string:$P$T0$1</name>
         <load_address>0x597f</load_address>
         <run_address>0x597f</run_address>
         <size>0x12</size>
         <input_file_ref idref="fl-1"/>
      </object_component>
      <object_component id="oc-15c">
         <name>.const:.string:$P$T0$1</name>
         <load_address>0x5991</load_address>
         <run_address>0x5991</run_address>
         <size>0x10</size>
         <input_file_ref idref="fl-b"/>
      </object_component>
      <object_component id="oc-15f">
         <name>.const:.string:$P$T1$2</name>
         <load_address>0x59a1</load_address>
         <run_address>0x59a1</run_address>
         <size>0x10</size>
         <input_file_ref idref="fl-b"/>
      </object_component>
      <object_component id="oc-385">
         <name>.cinit..data.load</name>
         <load_address>0x59b8</load_address>
         <run_address>0x59b8</run_address>
         <size>0x78</size>
      </object_component>
      <object_component id="oc-383">
         <name>__TI_handler_table</name>
         <load_address>0x5a30</load_address>
         <run_address>0x5a30</run_address>
         <size>0xc</size>
      </object_component>
      <object_component id="oc-386">
         <name>.cinit..bss.load</name>
         <load_address>0x5a40</load_address>
         <run_address>0x5a40</run_address>
         <size>0x8</size>
      </object_component>
      <object_component id="oc-384">
         <name>__TI_cinit_table</name>
         <load_address>0x5a48</load_address>
         <run_address>0x5a48</run_address>
         <size>0x10</size>
      </object_component>
      <object_component id="oc-358">
         <name>.binit</name>
         <load_address>0x0</load_address>
         <run_address>0x0</run_address>
         <size>0x0</size>
      </object_component>
      <object_component id="oc-dc">
         <name>.data:saludo</name>
         <load_address>0x20000488</load_address>
         <run_address>0x20000488</run_address>
         <size>0x10</size>
         <input_file_ref idref="fl-2"/>
      </object_component>
      <object_component id="oc-e1">
         <name>.data:adelanteMSG</name>
         <load_address>0x20000428</load_address>
         <run_address>0x20000428</run_address>
         <size>0x10</size>
         <input_file_ref idref="fl-2"/>
      </object_component>
      <object_component id="oc-e7">
         <name>.data:atrasMSG</name>
         <load_address>0x20000438</load_address>
         <run_address>0x20000438</run_address>
         <size>0x10</size>
         <input_file_ref idref="fl-2"/>
      </object_component>
      <object_component id="oc-ed">
         <name>.data:dchaMSG</name>
         <load_address>0x20000458</load_address>
         <run_address>0x20000458</run_address>
         <size>0x10</size>
         <input_file_ref idref="fl-2"/>
      </object_component>
      <object_component id="oc-ea">
         <name>.data:izqMSG</name>
         <load_address>0x20000468</load_address>
         <run_address>0x20000468</run_address>
         <size>0x10</size>
         <input_file_ref idref="fl-2"/>
      </object_component>
      <object_component id="oc-f0">
         <name>.data:powerUpMSG</name>
         <load_address>0x20000478</load_address>
         <run_address>0x20000478</run_address>
         <size>0x10</size>
         <input_file_ref idref="fl-2"/>
      </object_component>
      <object_component id="oc-e4">
         <name>.data:stopMSG</name>
         <load_address>0x20000498</load_address>
         <run_address>0x20000498</run_address>
         <size>0x10</size>
         <input_file_ref idref="fl-2"/>
      </object_component>
      <object_component id="oc-d6">
         <name>.data:borrado</name>
         <load_address>0x20000448</load_address>
         <run_address>0x20000448</run_address>
         <size>0x10</size>
         <input_file_ref idref="fl-2"/>
      </object_component>
      <object_component id="oc-d9">
         <name>.data</name>
         <load_address>0x200004a8</load_address>
         <run_address>0x200004a8</run_address>
         <size>0xc</size>
         <input_file_ref idref="fl-2"/>
      </object_component>
      <object_component id="oc-149">
         <name>.data</name>
         <load_address>0x200004c8</load_address>
         <run_address>0x200004c8</run_address>
         <size>0x4</size>
         <input_file_ref idref="fl-4"/>
      </object_component>
      <object_component id="oc-153">
         <name>.data</name>
         <load_address>0x200004b4</load_address>
         <run_address>0x200004b4</run_address>
         <size>0xa</size>
         <input_file_ref idref="fl-b"/>
      </object_component>
      <object_component id="oc-1d4">
         <name>.data</name>
         <load_address>0x200004be</load_address>
         <run_address>0x200004be</run_address>
         <size>0x4</size>
         <input_file_ref idref="fl-d"/>
      </object_component>
      <object_component id="oc-2dd">
         <name>.data</name>
         <load_address>0x200004c4</load_address>
         <run_address>0x200004c4</run_address>
         <size>0x4</size>
         <input_file_ref idref="fl-e2"/>
      </object_component>
      <object_component id="oc-1e0">
         <name>.bss:g_pulConvertedPalette</name>
         <uninitialized>true</uninitialized>
         <run_address>0x20000000</run_address>
         <size>0x400</size>
         <input_file_ref idref="fl-d"/>
      </object_component>
      <object_component id="oc-b5">
         <name>.common:temps</name>
         <uninitialized>true</uninitialized>
         <run_address>0x20000422</run_address>
         <size>0x2</size>
      </object_component>
      <object_component id="oc-be">
         <name>.common:DatoLeido_UART</name>
         <uninitialized>true</uninitialized>
         <run_address>0x20000420</run_address>
         <size>0x2</size>
      </object_component>
      <object_component id="oc-bd">
         <name>.common:Byte_Recibido</name>
         <uninitialized>true</uninitialized>
         <run_address>0x20000424</run_address>
         <size>0x1</size>
      </object_component>
      <object_component id="oc-e0">
         <name>.common:cadena</name>
         <uninitialized>true</uninitialized>
         <run_address>0x20000400</run_address>
         <size>0x10</size>
      </object_component>
      <object_component id="oc-df">
         <name>.common:cadena2</name>
         <uninitialized>true</uninitialized>
         <run_address>0x20000410</run_address>
         <size>0x10</size>
      </object_component>
      <object_component id="oc-26">
         <name>.stack</name>
         <uninitialized>true</uninitialized>
         <run_address>0x2000fe00</run_address>
         <size>0x4</size>
         <input_file_ref idref="fl-c7"/>
      </object_component>
      <object_component id="oc-387">
         <name>.stack</name>
         <uninitialized>true</uninitialized>
         <run_address>0x2000fe00</run_address>
         <size>0x0</size>
      </object_component>
      <object_component id="oc-b6">
         <name>.debug_info</name>
         <load_address>0x0</load_address>
         <run_address>0x0</run_address>
         <size>0x646</size>
         <input_file_ref idref="fl-1"/>
      </object_component>
      <object_component id="oc-bb">
         <name>.debug_info</name>
         <load_address>0x646</load_address>
         <run_address>0x646</run_address>
         <size>0xd5</size>
         <input_file_ref idref="fl-1"/>
      </object_component>
      <object_component id="oc-6b">
         <name>.debug_info</name>
         <load_address>0x71b</load_address>
         <run_address>0x71b</run_address>
         <size>0xf50</size>
         <input_file_ref idref="fl-1"/>
      </object_component>
      <object_component id="oc-f6">
         <name>.debug_info</name>
         <load_address>0x166b</load_address>
         <run_address>0x166b</run_address>
         <size>0x26b</size>
         <input_file_ref idref="fl-1"/>
      </object_component>
      <object_component id="oc-170">
         <name>.debug_info</name>
         <load_address>0x18d6</load_address>
         <run_address>0x18d6</run_address>
         <size>0x1055</size>
         <input_file_ref idref="fl-1"/>
      </object_component>
      <object_component id="oc-16b">
         <name>.debug_info</name>
         <load_address>0x292b</load_address>
         <run_address>0x292b</run_address>
         <size>0x37e2</size>
         <input_file_ref idref="fl-1"/>
      </object_component>
      <object_component id="oc-c0">
         <name>.debug_info</name>
         <load_address>0x610d</load_address>
         <run_address>0x610d</run_address>
         <size>0x83</size>
         <input_file_ref idref="fl-1"/>
      </object_component>
      <object_component id="oc-2f">
         <name>.debug_info</name>
         <load_address>0x6190</load_address>
         <run_address>0x6190</run_address>
         <size>0x84</size>
         <input_file_ref idref="fl-1"/>
      </object_component>
      <object_component id="oc-17e">
         <name>.debug_info</name>
         <load_address>0x6214</load_address>
         <run_address>0x6214</run_address>
         <size>0x297</size>
         <input_file_ref idref="fl-1"/>
      </object_component>
      <object_component id="oc-c5">
         <name>.debug_info</name>
         <load_address>0x64ab</load_address>
         <run_address>0x64ab</run_address>
         <size>0xbb</size>
         <input_file_ref idref="fl-1"/>
      </object_component>
      <object_component id="oc-198">
         <name>.debug_info</name>
         <load_address>0x6566</load_address>
         <run_address>0x6566</run_address>
         <size>0x2c</size>
         <input_file_ref idref="fl-1"/>
      </object_component>
      <object_component id="oc-b8">
         <name>.debug_info</name>
         <load_address>0x6592</load_address>
         <run_address>0x6592</run_address>
         <size>0x83a</size>
         <input_file_ref idref="fl-2"/>
      </object_component>
      <object_component id="oc-dd">
         <name>.debug_info</name>
         <load_address>0x6dcc</load_address>
         <run_address>0x6dcc</run_address>
         <size>0xce</size>
         <input_file_ref idref="fl-2"/>
      </object_component>
      <object_component id="oc-e2">
         <name>.debug_info</name>
         <load_address>0x6e9a</load_address>
         <run_address>0x6e9a</run_address>
         <size>0xd8</size>
         <input_file_ref idref="fl-2"/>
      </object_component>
      <object_component id="oc-e8">
         <name>.debug_info</name>
         <load_address>0x6f72</load_address>
         <run_address>0x6f72</run_address>
         <size>0xd2</size>
         <input_file_ref idref="fl-2"/>
      </object_component>
      <object_component id="oc-ee">
         <name>.debug_info</name>
         <load_address>0x7044</load_address>
         <run_address>0x7044</run_address>
         <size>0xd0</size>
         <input_file_ref idref="fl-2"/>
      </object_component>
      <object_component id="oc-eb">
         <name>.debug_info</name>
         <load_address>0x7114</load_address>
         <run_address>0x7114</run_address>
         <size>0xce</size>
         <input_file_ref idref="fl-2"/>
      </object_component>
      <object_component id="oc-f1">
         <name>.debug_info</name>
         <load_address>0x71e2</load_address>
         <run_address>0x71e2</run_address>
         <size>0xd6</size>
         <input_file_ref idref="fl-2"/>
      </object_component>
      <object_component id="oc-e5">
         <name>.debug_info</name>
         <load_address>0x72b8</load_address>
         <run_address>0x72b8</run_address>
         <size>0xd0</size>
         <input_file_ref idref="fl-2"/>
      </object_component>
      <object_component id="oc-d7">
         <name>.debug_info</name>
         <load_address>0x7388</load_address>
         <run_address>0x7388</run_address>
         <size>0xd0</size>
         <input_file_ref idref="fl-2"/>
      </object_component>
      <object_component id="oc-da">
         <name>.debug_info</name>
         <load_address>0x7458</load_address>
         <run_address>0x7458</run_address>
         <size>0x15a</size>
         <input_file_ref idref="fl-2"/>
      </object_component>
      <object_component id="oc-71">
         <name>.debug_info</name>
         <load_address>0x75b2</load_address>
         <run_address>0x75b2</run_address>
         <size>0x85a</size>
         <input_file_ref idref="fl-2"/>
      </object_component>
      <object_component id="oc-177">
         <name>.debug_info</name>
         <load_address>0x7e0c</load_address>
         <run_address>0x7e0c</run_address>
         <size>0x37e2</size>
         <input_file_ref idref="fl-2"/>
      </object_component>
      <object_component id="oc-78">
         <name>.debug_info</name>
         <load_address>0xb5ee</load_address>
         <run_address>0xb5ee</run_address>
         <size>0x2c9</size>
         <input_file_ref idref="fl-3"/>
      </object_component>
      <object_component id="oc-24">
         <name>.debug_info</name>
         <load_address>0xb8b7</load_address>
         <run_address>0xb8b7</run_address>
         <size>0xf5</size>
         <input_file_ref idref="fl-3"/>
      </object_component>
      <object_component id="oc-65">
         <name>.debug_info</name>
         <load_address>0xb9ac</load_address>
         <run_address>0xb9ac</run_address>
         <size>0x1bc</size>
         <input_file_ref idref="fl-3"/>
      </object_component>
      <object_component id="oc-14a">
         <name>.debug_info</name>
         <load_address>0xbb68</load_address>
         <run_address>0xbb68</run_address>
         <size>0xee</size>
         <input_file_ref idref="fl-4"/>
      </object_component>
      <object_component id="oc-a9">
         <name>.debug_info</name>
         <load_address>0xbc56</load_address>
         <run_address>0xbc56</run_address>
         <size>0x260</size>
         <input_file_ref idref="fl-4"/>
      </object_component>
      <object_component id="oc-273">
         <name>.debug_info</name>
         <load_address>0xbeb6</load_address>
         <run_address>0xbeb6</run_address>
         <size>0x395</size>
         <input_file_ref idref="fl-a"/>
      </object_component>
      <object_component id="oc-cb">
         <name>.debug_info</name>
         <load_address>0xc24b</load_address>
         <run_address>0xc24b</run_address>
         <size>0x181</size>
         <input_file_ref idref="fl-a"/>
      </object_component>
      <object_component id="oc-304">
         <name>.debug_info</name>
         <load_address>0xc3cc</load_address>
         <run_address>0xc3cc</run_address>
         <size>0x37cd</size>
         <input_file_ref idref="fl-a"/>
      </object_component>
      <object_component id="oc-1f0">
         <name>.debug_info</name>
         <load_address>0xfb99</load_address>
         <run_address>0xfb99</run_address>
         <size>0x1055</size>
         <input_file_ref idref="fl-a"/>
      </object_component>
      <object_component id="oc-163">
         <name>.debug_info</name>
         <load_address>0x10bee</load_address>
         <run_address>0x10bee</run_address>
         <size>0x18b</size>
         <input_file_ref idref="fl-a"/>
      </object_component>
      <object_component id="oc-168">
         <name>.debug_info</name>
         <load_address>0x10d79</load_address>
         <run_address>0x10d79</run_address>
         <size>0x689</size>
         <input_file_ref idref="fl-b"/>
      </object_component>
      <object_component id="oc-154">
         <name>.debug_info</name>
         <load_address>0x11402</load_address>
         <run_address>0x11402</run_address>
         <size>0x19a</size>
         <input_file_ref idref="fl-b"/>
      </object_component>
      <object_component id="oc-15d">
         <name>.debug_info</name>
         <load_address>0x1159c</load_address>
         <run_address>0x1159c</run_address>
         <size>0xc6</size>
         <input_file_ref idref="fl-b"/>
      </object_component>
      <object_component id="oc-160">
         <name>.debug_info</name>
         <load_address>0x11662</load_address>
         <run_address>0x11662</run_address>
         <size>0xc6</size>
         <input_file_ref idref="fl-b"/>
      </object_component>
      <object_component id="oc-b0">
         <name>.debug_info</name>
         <load_address>0x11728</load_address>
         <run_address>0x11728</run_address>
         <size>0x1818</size>
         <input_file_ref idref="fl-b"/>
      </object_component>
      <object_component id="oc-1eb">
         <name>.debug_info</name>
         <load_address>0x12f40</load_address>
         <run_address>0x12f40</run_address>
         <size>0x37cd</size>
         <input_file_ref idref="fl-b"/>
      </object_component>
      <object_component id="oc-14e">
         <name>.debug_info</name>
         <load_address>0x1670d</load_address>
         <run_address>0x1670d</run_address>
         <size>0x28b</size>
         <input_file_ref idref="fl-c"/>
      </object_component>
      <object_component id="oc-1e4">
         <name>.debug_info</name>
         <load_address>0x16998</load_address>
         <run_address>0x16998</run_address>
         <size>0x1f1</size>
         <input_file_ref idref="fl-d"/>
      </object_component>
      <object_component id="oc-1d8">
         <name>.debug_info</name>
         <load_address>0x16b89</load_address>
         <run_address>0x16b89</run_address>
         <size>0xce</size>
         <input_file_ref idref="fl-d"/>
      </object_component>
      <object_component id="oc-1de">
         <name>.debug_info</name>
         <load_address>0x16c57</load_address>
         <run_address>0x16c57</run_address>
         <size>0xd0</size>
         <input_file_ref idref="fl-d"/>
      </object_component>
      <object_component id="oc-1db">
         <name>.debug_info</name>
         <load_address>0x16d27</load_address>
         <run_address>0x16d27</run_address>
         <size>0xd2</size>
         <input_file_ref idref="fl-d"/>
      </object_component>
      <object_component id="oc-1d5">
         <name>.debug_info</name>
         <load_address>0x16df9</load_address>
         <run_address>0x16df9</run_address>
         <size>0x15d</size>
         <input_file_ref idref="fl-d"/>
      </object_component>
      <object_component id="oc-1e1">
         <name>.debug_info</name>
         <load_address>0x16f56</load_address>
         <run_address>0x16f56</run_address>
         <size>0xe7</size>
         <input_file_ref idref="fl-d"/>
      </object_component>
      <object_component id="oc-158">
         <name>.debug_info</name>
         <load_address>0x1703d</load_address>
         <run_address>0x1703d</run_address>
         <size>0x1a6f</size>
         <input_file_ref idref="fl-d"/>
      </object_component>
      <object_component id="oc-35">
         <name>.debug_info</name>
         <load_address>0x18aac</load_address>
         <run_address>0x18aac</run_address>
         <size>0x111</size>
         <input_file_ref idref="fl-c3"/>
      </object_component>
      <object_component id="oc-8f">
         <name>.debug_info</name>
         <load_address>0x18bbd</load_address>
         <run_address>0x18bbd</run_address>
         <size>0x313</size>
         <input_file_ref idref="fl-c4"/>
      </object_component>
      <object_component id="oc-47">
         <name>.debug_info</name>
         <load_address>0x18ed0</load_address>
         <run_address>0x18ed0</run_address>
         <size>0x1aa</size>
         <input_file_ref idref="fl-c4"/>
      </object_component>
      <object_component id="oc-8a">
         <name>.debug_info</name>
         <load_address>0x1907a</load_address>
         <run_address>0x1907a</run_address>
         <size>0x46</size>
         <input_file_ref idref="fl-c4"/>
      </object_component>
      <object_component id="oc-102">
         <name>.debug_info</name>
         <load_address>0x190c0</load_address>
         <run_address>0x190c0</run_address>
         <size>0x2c</size>
         <input_file_ref idref="fl-c4"/>
      </object_component>
      <object_component id="oc-3f">
         <name>.debug_info</name>
         <load_address>0x190ec</load_address>
         <run_address>0x190ec</run_address>
         <size>0x29d</size>
         <input_file_ref idref="fl-c5"/>
      </object_component>
      <object_component id="oc-1b">
         <name>.debug_info</name>
         <load_address>0x19389</load_address>
         <run_address>0x19389</run_address>
         <size>0x1df</size>
         <input_file_ref idref="fl-c5"/>
      </object_component>
      <object_component id="oc-3a">
         <name>.debug_info</name>
         <load_address>0x19568</load_address>
         <run_address>0x19568</run_address>
         <size>0x46</size>
         <input_file_ref idref="fl-c5"/>
      </object_component>
      <object_component id="oc-82">
         <name>.debug_info</name>
         <load_address>0x195ae</load_address>
         <run_address>0x195ae</run_address>
         <size>0x2c</size>
         <input_file_ref idref="fl-c5"/>
      </object_component>
      <object_component id="oc-80">
         <name>.debug_info</name>
         <load_address>0x195da</load_address>
         <run_address>0x195da</run_address>
         <size>0x293</size>
         <input_file_ref idref="fl-c6"/>
      </object_component>
      <object_component id="oc-15">
         <name>.debug_info</name>
         <load_address>0x1986d</load_address>
         <run_address>0x1986d</run_address>
         <size>0x245</size>
         <input_file_ref idref="fl-c6"/>
      </object_component>
      <object_component id="oc-2a">
         <name>.debug_info</name>
         <load_address>0x19ab2</load_address>
         <run_address>0x19ab2</run_address>
         <size>0x60</size>
         <input_file_ref idref="fl-c6"/>
      </object_component>
      <object_component id="oc-fb">
         <name>.debug_info</name>
         <load_address>0x19b12</load_address>
         <run_address>0x19b12</run_address>
         <size>0x46</size>
         <input_file_ref idref="fl-c6"/>
      </object_component>
      <object_component id="oc-7b">
         <name>.debug_info</name>
         <load_address>0x19b58</load_address>
         <run_address>0x19b58</run_address>
         <size>0x39</size>
         <input_file_ref idref="fl-c6"/>
      </object_component>
      <object_component id="oc-27">
         <name>.debug_info</name>
         <load_address>0x19b91</load_address>
         <run_address>0x19b91</run_address>
         <size>0x100</size>
         <input_file_ref idref="fl-c7"/>
      </object_component>
      <object_component id="oc-53">
         <name>.debug_info</name>
         <load_address>0x19c91</load_address>
         <run_address>0x19c91</run_address>
         <size>0x1a4</size>
         <input_file_ref idref="fl-c7"/>
      </object_component>
      <object_component id="oc-10c">
         <name>.debug_info</name>
         <load_address>0x19e35</load_address>
         <run_address>0x19e35</run_address>
         <size>0x117</size>
         <input_file_ref idref="fl-c8"/>
      </object_component>
      <object_component id="oc-197">
         <name>.debug_info</name>
         <load_address>0x19f4c</load_address>
         <run_address>0x19f4c</run_address>
         <size>0x328</size>
         <input_file_ref idref="fl-cb"/>
      </object_component>
      <object_component id="oc-d1">
         <name>.debug_info</name>
         <load_address>0x1a274</load_address>
         <run_address>0x1a274</run_address>
         <size>0x1c6</size>
         <input_file_ref idref="fl-cb"/>
      </object_component>
      <object_component id="oc-18b">
         <name>.debug_info</name>
         <load_address>0x1a43a</load_address>
         <run_address>0x1a43a</run_address>
         <size>0x182</size>
         <input_file_ref idref="fl-cb"/>
      </object_component>
      <object_component id="oc-191">
         <name>.debug_info</name>
         <load_address>0x1a5bc</load_address>
         <run_address>0x1a5bc</run_address>
         <size>0x162</size>
         <input_file_ref idref="fl-cb"/>
      </object_component>
      <object_component id="oc-2e4">
         <name>.debug_info</name>
         <load_address>0x1a71e</load_address>
         <run_address>0x1a71e</run_address>
         <size>0x2c</size>
         <input_file_ref idref="fl-cb"/>
      </object_component>
      <object_component id="oc-93">
         <name>.debug_info</name>
         <load_address>0x1a74a</load_address>
         <run_address>0x1a74a</run_address>
         <size>0x13f</size>
         <input_file_ref idref="fl-cc"/>
      </object_component>
      <object_component id="oc-1ba">
         <name>.debug_info</name>
         <load_address>0x1a889</load_address>
         <run_address>0x1a889</run_address>
         <size>0x547</size>
         <input_file_ref idref="fl-cd"/>
      </object_component>
      <object_component id="oc-118">
         <name>.debug_info</name>
         <load_address>0x1add0</load_address>
         <run_address>0x1add0</run_address>
         <size>0x19b</size>
         <input_file_ref idref="fl-cd"/>
      </object_component>
      <object_component id="oc-256">
         <name>.debug_info</name>
         <load_address>0x1af6b</load_address>
         <run_address>0x1af6b</run_address>
         <size>0x39</size>
         <input_file_ref idref="fl-cd"/>
      </object_component>
      <object_component id="oc-2f6">
         <name>.debug_info</name>
         <load_address>0x1afa4</load_address>
         <run_address>0x1afa4</run_address>
         <size>0x39</size>
         <input_file_ref idref="fl-cd"/>
      </object_component>
      <object_component id="oc-25b">
         <name>.debug_info</name>
         <load_address>0x1afdd</load_address>
         <run_address>0x1afdd</run_address>
         <size>0x39</size>
         <input_file_ref idref="fl-cd"/>
      </object_component>
      <object_component id="oc-260">
         <name>.debug_info</name>
         <load_address>0x1b016</load_address>
         <run_address>0x1b016</run_address>
         <size>0xcd</size>
         <input_file_ref idref="fl-cd"/>
      </object_component>
      <object_component id="oc-97">
         <name>.debug_info</name>
         <load_address>0x1b0e3</load_address>
         <run_address>0x1b0e3</run_address>
         <size>0x148</size>
         <input_file_ref idref="fl-ce"/>
      </object_component>
      <object_component id="oc-237">
         <name>.debug_info</name>
         <load_address>0x1b22b</load_address>
         <run_address>0x1b22b</run_address>
         <size>0x8a6</size>
         <input_file_ref idref="fl-d0"/>
      </object_component>
      <object_component id="oc-202">
         <name>.debug_info</name>
         <load_address>0x1bad1</load_address>
         <run_address>0x1bad1</run_address>
         <size>0x213</size>
         <input_file_ref idref="fl-d0"/>
      </object_component>
      <object_component id="oc-2a7">
         <name>.debug_info</name>
         <load_address>0x1bce4</load_address>
         <run_address>0x1bce4</run_address>
         <size>0x1a8</size>
         <input_file_ref idref="fl-d0"/>
      </object_component>
      <object_component id="oc-2ad">
         <name>.debug_info</name>
         <load_address>0x1be8c</load_address>
         <run_address>0x1be8c</run_address>
         <size>0x210</size>
         <input_file_ref idref="fl-d0"/>
      </object_component>
      <object_component id="oc-20d">
         <name>.debug_info</name>
         <load_address>0x1c09c</load_address>
         <run_address>0x1c09c</run_address>
         <size>0x3b0</size>
         <input_file_ref idref="fl-d0"/>
      </object_component>
      <object_component id="oc-2b4">
         <name>.debug_info</name>
         <load_address>0x1c44c</load_address>
         <run_address>0x1c44c</run_address>
         <size>0x2fa</size>
         <input_file_ref idref="fl-d0"/>
      </object_component>
      <object_component id="oc-2ba">
         <name>.debug_info</name>
         <load_address>0x1c746</load_address>
         <run_address>0x1c746</run_address>
         <size>0x20a</size>
         <input_file_ref idref="fl-d0"/>
      </object_component>
      <object_component id="oc-213">
         <name>.debug_info</name>
         <load_address>0x1c950</load_address>
         <run_address>0x1c950</run_address>
         <size>0x20a</size>
         <input_file_ref idref="fl-d0"/>
      </object_component>
      <object_component id="oc-219">
         <name>.debug_info</name>
         <load_address>0x1cb5a</load_address>
         <run_address>0x1cb5a</run_address>
         <size>0x2f9</size>
         <input_file_ref idref="fl-d0"/>
      </object_component>
      <object_component id="oc-21f">
         <name>.debug_info</name>
         <load_address>0x1ce53</load_address>
         <run_address>0x1ce53</run_address>
         <size>0x4a5</size>
         <input_file_ref idref="fl-d0"/>
      </object_component>
      <object_component id="oc-185">
         <name>.debug_info</name>
         <load_address>0x1d2f8</load_address>
         <run_address>0x1d2f8</run_address>
         <size>0x5cd</size>
         <input_file_ref idref="fl-d0"/>
      </object_component>
      <object_component id="oc-238">
         <name>.debug_info</name>
         <load_address>0x1d8c5</load_address>
         <run_address>0x1d8c5</run_address>
         <size>0x86</size>
         <input_file_ref idref="fl-d0"/>
      </object_component>
      <object_component id="oc-2e9">
         <name>.debug_info</name>
         <load_address>0x1d94b</load_address>
         <run_address>0x1d94b</run_address>
         <size>0x39</size>
         <input_file_ref idref="fl-d0"/>
      </object_component>
      <object_component id="oc-340">
         <name>.debug_info</name>
         <load_address>0x1d984</load_address>
         <run_address>0x1d984</run_address>
         <size>0xb6</size>
         <input_file_ref idref="fl-d0"/>
      </object_component>
      <object_component id="oc-2ee">
         <name>.debug_info</name>
         <load_address>0x1da3a</load_address>
         <run_address>0x1da3a</run_address>
         <size>0x46</size>
         <input_file_ref idref="fl-d0"/>
      </object_component>
      <object_component id="oc-23d">
         <name>.debug_info</name>
         <load_address>0x1da80</load_address>
         <run_address>0x1da80</run_address>
         <size>0x46</size>
         <input_file_ref idref="fl-d0"/>
      </object_component>
      <object_component id="oc-27a">
         <name>.debug_info</name>
         <load_address>0x1dac6</load_address>
         <run_address>0x1dac6</run_address>
         <size>0x2ae</size>
         <input_file_ref idref="fl-d1"/>
      </object_component>
      <object_component id="oc-1fd">
         <name>.debug_info</name>
         <load_address>0x1dd74</load_address>
         <run_address>0x1dd74</run_address>
         <size>0x171</size>
         <input_file_ref idref="fl-d1"/>
      </object_component>
      <object_component id="oc-30d">
         <name>.debug_info</name>
         <load_address>0x1dee5</load_address>
         <run_address>0x1dee5</run_address>
         <size>0xee</size>
         <input_file_ref idref="fl-d2"/>
      </object_component>
      <object_component id="oc-277">
         <name>.debug_info</name>
         <load_address>0x1dfd3</load_address>
         <run_address>0x1dfd3</run_address>
         <size>0xfa</size>
         <input_file_ref idref="fl-d2"/>
      </object_component>
      <object_component id="oc-31b">
         <name>.debug_info</name>
         <load_address>0x1e0cd</load_address>
         <run_address>0x1e0cd</run_address>
         <size>0x290</size>
         <input_file_ref idref="fl-d3"/>
      </object_component>
      <object_component id="oc-297">
         <name>.debug_info</name>
         <load_address>0x1e35d</load_address>
         <run_address>0x1e35d</run_address>
         <size>0x1c2</size>
         <input_file_ref idref="fl-d3"/>
      </object_component>
      <object_component id="oc-2d5">
         <name>.debug_info</name>
         <load_address>0x1e51f</load_address>
         <run_address>0x1e51f</run_address>
         <size>0x28b</size>
         <input_file_ref idref="fl-d4"/>
      </object_component>
      <object_component id="oc-225">
         <name>.debug_info</name>
         <load_address>0x1e7aa</load_address>
         <run_address>0x1e7aa</run_address>
         <size>0x1ab</size>
         <input_file_ref idref="fl-d4"/>
      </object_component>
      <object_component id="oc-332">
         <name>.debug_info</name>
         <load_address>0x1e955</load_address>
         <run_address>0x1e955</run_address>
         <size>0x28f</size>
         <input_file_ref idref="fl-d5"/>
      </object_component>
      <object_component id="oc-2ce">
         <name>.debug_info</name>
         <load_address>0x1ebe4</load_address>
         <run_address>0x1ebe4</run_address>
         <size>0x247</size>
         <input_file_ref idref="fl-d5"/>
      </object_component>
      <object_component id="oc-275">
         <name>.debug_info</name>
         <load_address>0x1ee2b</load_address>
         <run_address>0x1ee2b</run_address>
         <size>0x284</size>
         <input_file_ref idref="fl-d6"/>
      </object_component>
      <object_component id="oc-1f6">
         <name>.debug_info</name>
         <load_address>0x1f0af</load_address>
         <run_address>0x1f0af</run_address>
         <size>0x22a</size>
         <input_file_ref idref="fl-d6"/>
      </object_component>
      <object_component id="oc-323">
         <name>.debug_info</name>
         <load_address>0x1f2d9</load_address>
         <run_address>0x1f2d9</run_address>
         <size>0x28f</size>
         <input_file_ref idref="fl-d7"/>
      </object_component>
      <object_component id="oc-2c2">
         <name>.debug_info</name>
         <load_address>0x1f568</load_address>
         <run_address>0x1f568</run_address>
         <size>0x18a</size>
         <input_file_ref idref="fl-d7"/>
      </object_component>
      <object_component id="oc-34c">
         <name>.debug_info</name>
         <load_address>0x1f6f2</load_address>
         <run_address>0x1f6f2</run_address>
         <size>0x39</size>
         <input_file_ref idref="fl-d7"/>
      </object_component>
      <object_component id="oc-324">
         <name>.debug_info</name>
         <load_address>0x1f72b</load_address>
         <run_address>0x1f72b</run_address>
         <size>0x2c</size>
         <input_file_ref idref="fl-d7"/>
      </object_component>
      <object_component id="oc-330">
         <name>.debug_info</name>
         <load_address>0x1f757</load_address>
         <run_address>0x1f757</run_address>
         <size>0x2f2</size>
         <input_file_ref idref="fl-d8"/>
      </object_component>
      <object_component id="oc-2c8">
         <name>.debug_info</name>
         <load_address>0x1fa49</load_address>
         <run_address>0x1fa49</run_address>
         <size>0x21a</size>
         <input_file_ref idref="fl-d8"/>
      </object_component>
      <object_component id="oc-32d">
         <name>.debug_info</name>
         <load_address>0x1fc63</load_address>
         <run_address>0x1fc63</run_address>
         <size>0x156</size>
         <input_file_ref idref="fl-d9"/>
      </object_component>
      <object_component id="oc-2dc">
         <name>.debug_info</name>
         <load_address>0x1fdb9</load_address>
         <run_address>0x1fdb9</run_address>
         <size>0x284</size>
         <input_file_ref idref="fl-da"/>
      </object_component>
      <object_component id="oc-22d">
         <name>.debug_info</name>
         <load_address>0x2003d</load_address>
         <run_address>0x2003d</run_address>
         <size>0x14f</size>
         <input_file_ref idref="fl-da"/>
      </object_component>
      <object_component id="oc-335">
         <name>.debug_info</name>
         <load_address>0x2018c</load_address>
         <run_address>0x2018c</run_address>
         <size>0x46</size>
         <input_file_ref idref="fl-da"/>
      </object_component>
      <object_component id="oc-2d7">
         <name>.debug_info</name>
         <load_address>0x201d2</load_address>
         <run_address>0x201d2</run_address>
         <size>0x39</size>
         <input_file_ref idref="fl-da"/>
      </object_component>
      <object_component id="oc-2a2">
         <name>.debug_info</name>
         <load_address>0x2020b</load_address>
         <run_address>0x2020b</run_address>
         <size>0x144</size>
         <input_file_ref idref="fl-db"/>
      </object_component>
      <object_component id="oc-20a">
         <name>.debug_info</name>
         <load_address>0x2034f</load_address>
         <run_address>0x2034f</run_address>
         <size>0x120</size>
         <input_file_ref idref="fl-dc"/>
      </object_component>
      <object_component id="oc-28e">
         <name>.debug_info</name>
         <load_address>0x2046f</load_address>
         <run_address>0x2046f</run_address>
         <size>0x122</size>
         <input_file_ref idref="fl-dc"/>
      </object_component>
      <object_component id="oc-288">
         <name>.debug_info</name>
         <load_address>0x20591</load_address>
         <run_address>0x20591</run_address>
         <size>0x132</size>
         <input_file_ref idref="fl-dd"/>
      </object_component>
      <object_component id="oc-283">
         <name>.debug_info</name>
         <load_address>0x206c3</load_address>
         <run_address>0x206c3</run_address>
         <size>0x132</size>
         <input_file_ref idref="fl-de"/>
      </object_component>
      <object_component id="oc-292">
         <name>.debug_info</name>
         <load_address>0x207f5</load_address>
         <run_address>0x207f5</run_address>
         <size>0x126</size>
         <input_file_ref idref="fl-df"/>
      </object_component>
      <object_component id="oc-29d">
         <name>.debug_info</name>
         <load_address>0x2091b</load_address>
         <run_address>0x2091b</run_address>
         <size>0x124</size>
         <input_file_ref idref="fl-e0"/>
      </object_component>
      <object_component id="oc-27c">
         <name>.debug_info</name>
         <load_address>0x20a3f</load_address>
         <run_address>0x20a3f</run_address>
         <size>0x12c</size>
         <input_file_ref idref="fl-e1"/>
      </object_component>
      <object_component id="oc-2e1">
         <name>.debug_info</name>
         <load_address>0x20b6b</load_address>
         <run_address>0x20b6b</run_address>
         <size>0x27e</size>
         <input_file_ref idref="fl-e2"/>
      </object_component>
      <object_component id="oc-2de">
         <name>.debug_info</name>
         <load_address>0x20de9</load_address>
         <run_address>0x20de9</run_address>
         <size>0x103</size>
         <input_file_ref idref="fl-e2"/>
      </object_component>
      <object_component id="oc-231">
         <name>.debug_info</name>
         <load_address>0x20eec</load_address>
         <run_address>0x20eec</run_address>
         <size>0x143</size>
         <input_file_ref idref="fl-e2"/>
      </object_component>
      <object_component id="oc-311">
         <name>.debug_info</name>
         <load_address>0x2102f</load_address>
         <run_address>0x2102f</run_address>
         <size>0x10d</size>
         <input_file_ref idref="fl-e3"/>
      </object_component>
      <object_component id="oc-388">
         <name>.debug_info</name>
         <load_address>0x2113c</load_address>
         <run_address>0x2113c</run_address>
         <size>0xa4</size>
      </object_component>
      <object_component id="oc-16a">
         <name>.debug_line</name>
         <load_address>0x0</load_address>
         <run_address>0x0</run_address>
         <size>0x44</size>
         <input_file_ref idref="fl-1"/>
      </object_component>
      <object_component id="oc-17d">
         <name>.debug_line</name>
         <load_address>0x44</load_address>
         <run_address>0x44</run_address>
         <size>0x33</size>
         <input_file_ref idref="fl-1"/>
      </object_component>
      <object_component id="oc-6e">
         <name>.debug_line</name>
         <load_address>0x77</load_address>
         <run_address>0x77</run_address>
         <size>0x369</size>
         <input_file_ref idref="fl-1"/>
      </object_component>
      <object_component id="oc-f9">
         <name>.debug_line</name>
         <load_address>0x3e0</load_address>
         <run_address>0x3e0</run_address>
         <size>0x74</size>
         <input_file_ref idref="fl-1"/>
      </object_component>
      <object_component id="oc-173">
         <name>.debug_line</name>
         <load_address>0x454</load_address>
         <run_address>0x454</run_address>
         <size>0x60</size>
         <input_file_ref idref="fl-1"/>
      </object_component>
      <object_component id="oc-16e">
         <name>.debug_line</name>
         <load_address>0x4b4</load_address>
         <run_address>0x4b4</run_address>
         <size>0x5d</size>
         <input_file_ref idref="fl-1"/>
      </object_component>
      <object_component id="oc-c3">
         <name>.debug_line</name>
         <load_address>0x511</load_address>
         <run_address>0x511</run_address>
         <size>0x33</size>
         <input_file_ref idref="fl-1"/>
      </object_component>
      <object_component id="oc-32">
         <name>.debug_line</name>
         <load_address>0x544</load_address>
         <run_address>0x544</run_address>
         <size>0x20</size>
         <input_file_ref idref="fl-1"/>
      </object_component>
      <object_component id="oc-181">
         <name>.debug_line</name>
         <load_address>0x564</load_address>
         <run_address>0x564</run_address>
         <size>0x78</size>
         <input_file_ref idref="fl-1"/>
      </object_component>
      <object_component id="oc-c8">
         <name>.debug_line</name>
         <load_address>0x5dc</load_address>
         <run_address>0x5dc</run_address>
         <size>0x75</size>
         <input_file_ref idref="fl-1"/>
      </object_component>
      <object_component id="oc-19b">
         <name>.debug_line</name>
         <load_address>0x651</load_address>
         <run_address>0x651</run_address>
         <size>0x70</size>
         <input_file_ref idref="fl-1"/>
      </object_component>
      <object_component id="oc-176">
         <name>.debug_line</name>
         <load_address>0x6c1</load_address>
         <run_address>0x6c1</run_address>
         <size>0xa0</size>
         <input_file_ref idref="fl-2"/>
      </object_component>
      <object_component id="oc-1a2">
         <name>.debug_line</name>
         <load_address>0x761</load_address>
         <run_address>0x761</run_address>
         <size>0x2d</size>
         <input_file_ref idref="fl-2"/>
      </object_component>
      <object_component id="oc-1a4">
         <name>.debug_line</name>
         <load_address>0x78e</load_address>
         <run_address>0x78e</run_address>
         <size>0x2d</size>
         <input_file_ref idref="fl-2"/>
      </object_component>
      <object_component id="oc-1a8">
         <name>.debug_line</name>
         <load_address>0x7bb</load_address>
         <run_address>0x7bb</run_address>
         <size>0x2d</size>
         <input_file_ref idref="fl-2"/>
      </object_component>
      <object_component id="oc-1ac">
         <name>.debug_line</name>
         <load_address>0x7e8</load_address>
         <run_address>0x7e8</run_address>
         <size>0x2d</size>
         <input_file_ref idref="fl-2"/>
      </object_component>
      <object_component id="oc-1aa">
         <name>.debug_line</name>
         <load_address>0x815</load_address>
         <run_address>0x815</run_address>
         <size>0x2d</size>
         <input_file_ref idref="fl-2"/>
      </object_component>
      <object_component id="oc-1ae">
         <name>.debug_line</name>
         <load_address>0x842</load_address>
         <run_address>0x842</run_address>
         <size>0x2d</size>
         <input_file_ref idref="fl-2"/>
      </object_component>
      <object_component id="oc-1a6">
         <name>.debug_line</name>
         <load_address>0x86f</load_address>
         <run_address>0x86f</run_address>
         <size>0x2d</size>
         <input_file_ref idref="fl-2"/>
      </object_component>
      <object_component id="oc-19e">
         <name>.debug_line</name>
         <load_address>0x89c</load_address>
         <run_address>0x89c</run_address>
         <size>0x2d</size>
         <input_file_ref idref="fl-2"/>
      </object_component>
      <object_component id="oc-1a0">
         <name>.debug_line</name>
         <load_address>0x8c9</load_address>
         <run_address>0x8c9</run_address>
         <size>0x2d</size>
         <input_file_ref idref="fl-2"/>
      </object_component>
      <object_component id="oc-74">
         <name>.debug_line</name>
         <load_address>0x8f6</load_address>
         <run_address>0x8f6</run_address>
         <size>0x2e3</size>
         <input_file_ref idref="fl-2"/>
      </object_component>
      <object_component id="oc-17a">
         <name>.debug_line</name>
         <load_address>0xbd9</load_address>
         <run_address>0xbd9</run_address>
         <size>0x5d</size>
         <input_file_ref idref="fl-2"/>
      </object_component>
      <object_component id="oc-f5">
         <name>.debug_line</name>
         <load_address>0xc36</load_address>
         <run_address>0xc36</run_address>
         <size>0x40</size>
         <input_file_ref idref="fl-3"/>
      </object_component>
      <object_component id="oc-77">
         <name>.debug_line</name>
         <load_address>0xc76</load_address>
         <run_address>0xc76</run_address>
         <size>0x40</size>
         <input_file_ref idref="fl-3"/>
      </object_component>
      <object_component id="oc-68">
         <name>.debug_line</name>
         <load_address>0xcb6</load_address>
         <run_address>0xcb6</run_address>
         <size>0x71</size>
         <input_file_ref idref="fl-3"/>
      </object_component>
      <object_component id="oc-1d0">
         <name>.debug_line</name>
         <load_address>0xd27</load_address>
         <run_address>0xd27</run_address>
         <size>0x3b</size>
         <input_file_ref idref="fl-4"/>
      </object_component>
      <object_component id="oc-ac">
         <name>.debug_line</name>
         <load_address>0xd62</load_address>
         <run_address>0xd62</run_address>
         <size>0x159</size>
         <input_file_ref idref="fl-4"/>
      </object_component>
      <object_component id="oc-303">
         <name>.debug_line</name>
         <load_address>0xebb</load_address>
         <run_address>0xebb</run_address>
         <size>0x20</size>
         <input_file_ref idref="fl-a"/>
      </object_component>
      <object_component id="oc-ce">
         <name>.debug_line</name>
         <load_address>0xedb</load_address>
         <run_address>0xedb</run_address>
         <size>0x75</size>
         <input_file_ref idref="fl-a"/>
      </object_component>
      <object_component id="oc-307">
         <name>.debug_line</name>
         <load_address>0xf50</load_address>
         <run_address>0xf50</run_address>
         <size>0x52</size>
         <input_file_ref idref="fl-a"/>
      </object_component>
      <object_component id="oc-1f3">
         <name>.debug_line</name>
         <load_address>0xfa2</load_address>
         <run_address>0xfa2</run_address>
         <size>0x55</size>
         <input_file_ref idref="fl-a"/>
      </object_component>
      <object_component id="oc-166">
         <name>.debug_line</name>
         <load_address>0xff7</load_address>
         <run_address>0xff7</run_address>
         <size>0x65</size>
         <input_file_ref idref="fl-a"/>
      </object_component>
      <object_component id="oc-1ea">
         <name>.debug_line</name>
         <load_address>0x105c</load_address>
         <run_address>0x105c</run_address>
         <size>0x41</size>
         <input_file_ref idref="fl-b"/>
      </object_component>
      <object_component id="oc-1d3">
         <name>.debug_line</name>
         <load_address>0x109d</load_address>
         <run_address>0x109d</run_address>
         <size>0x2c</size>
         <input_file_ref idref="fl-b"/>
      </object_component>
      <object_component id="oc-1e6">
         <name>.debug_line</name>
         <load_address>0x10c9</load_address>
         <run_address>0x10c9</run_address>
         <size>0x2c</size>
         <input_file_ref idref="fl-b"/>
      </object_component>
      <object_component id="oc-1e8">
         <name>.debug_line</name>
         <load_address>0x10f5</load_address>
         <run_address>0x10f5</run_address>
         <size>0x2c</size>
         <input_file_ref idref="fl-b"/>
      </object_component>
      <object_component id="oc-b3">
         <name>.debug_line</name>
         <load_address>0x1121</load_address>
         <run_address>0x1121</run_address>
         <size>0x3fd</size>
         <input_file_ref idref="fl-b"/>
      </object_component>
      <object_component id="oc-1ee">
         <name>.debug_line</name>
         <load_address>0x151e</load_address>
         <run_address>0x151e</run_address>
         <size>0x52</size>
         <input_file_ref idref="fl-b"/>
      </object_component>
      <object_component id="oc-151">
         <name>.debug_line</name>
         <load_address>0x1570</load_address>
         <run_address>0x1570</run_address>
         <size>0xb5</size>
         <input_file_ref idref="fl-c"/>
      </object_component>
      <object_component id="oc-272">
         <name>.debug_line</name>
         <load_address>0x1625</load_address>
         <run_address>0x1625</run_address>
         <size>0x41</size>
         <input_file_ref idref="fl-d"/>
      </object_component>
      <object_component id="oc-26a">
         <name>.debug_line</name>
         <load_address>0x1666</load_address>
         <run_address>0x1666</run_address>
         <size>0x2e</size>
         <input_file_ref idref="fl-d"/>
      </object_component>
      <object_component id="oc-26e">
         <name>.debug_line</name>
         <load_address>0x1694</load_address>
         <run_address>0x1694</run_address>
         <size>0x2e</size>
         <input_file_ref idref="fl-d"/>
      </object_component>
      <object_component id="oc-26c">
         <name>.debug_line</name>
         <load_address>0x16c2</load_address>
         <run_address>0x16c2</run_address>
         <size>0x2e</size>
         <input_file_ref idref="fl-d"/>
      </object_component>
      <object_component id="oc-268">
         <name>.debug_line</name>
         <load_address>0x16f0</load_address>
         <run_address>0x16f0</run_address>
         <size>0x31</size>
         <input_file_ref idref="fl-d"/>
      </object_component>
      <object_component id="oc-270">
         <name>.debug_line</name>
         <load_address>0x1721</load_address>
         <run_address>0x1721</run_address>
         <size>0x31</size>
         <input_file_ref idref="fl-d"/>
      </object_component>
      <object_component id="oc-15b">
         <name>.debug_line</name>
         <load_address>0x1752</load_address>
         <run_address>0x1752</run_address>
         <size>0x629</size>
         <input_file_ref idref="fl-d"/>
      </object_component>
      <object_component id="oc-38">
         <name>.debug_line</name>
         <load_address>0x1d7b</load_address>
         <run_address>0x1d7b</run_address>
         <size>0x88</size>
         <input_file_ref idref="fl-c3"/>
      </object_component>
      <object_component id="oc-108">
         <name>.debug_line</name>
         <load_address>0x1e03</load_address>
         <run_address>0x1e03</run_address>
         <size>0x9e</size>
         <input_file_ref idref="fl-c4"/>
      </object_component>
      <object_component id="oc-4a">
         <name>.debug_line</name>
         <load_address>0x1ea1</load_address>
         <run_address>0x1ea1</run_address>
         <size>0x4f</size>
         <input_file_ref idref="fl-c4"/>
      </object_component>
      <object_component id="oc-8d">
         <name>.debug_line</name>
         <load_address>0x1ef0</load_address>
         <run_address>0x1ef0</run_address>
         <size>0x34</size>
         <input_file_ref idref="fl-c4"/>
      </object_component>
      <object_component id="oc-105">
         <name>.debug_line</name>
         <load_address>0x1f24</load_address>
         <run_address>0x1f24</run_address>
         <size>0x8a</size>
         <input_file_ref idref="fl-c4"/>
      </object_component>
      <object_component id="oc-88">
         <name>.debug_line</name>
         <load_address>0x1fae</load_address>
         <run_address>0x1fae</run_address>
         <size>0x20</size>
         <input_file_ref idref="fl-c5"/>
      </object_component>
      <object_component id="oc-1e">
         <name>.debug_line</name>
         <load_address>0x1fce</load_address>
         <run_address>0x1fce</run_address>
         <size>0x55</size>
         <input_file_ref idref="fl-c5"/>
      </object_component>
      <object_component id="oc-3d">
         <name>.debug_line</name>
         <load_address>0x2023</load_address>
         <run_address>0x2023</run_address>
         <size>0x3a</size>
         <input_file_ref idref="fl-c5"/>
      </object_component>
      <object_component id="oc-85">
         <name>.debug_line</name>
         <load_address>0x205d</load_address>
         <run_address>0x205d</run_address>
         <size>0x8a</size>
         <input_file_ref idref="fl-c5"/>
      </object_component>
      <object_component id="oc-101">
         <name>.debug_line</name>
         <load_address>0x20e7</load_address>
         <run_address>0x20e7</run_address>
         <size>0x20</size>
         <input_file_ref idref="fl-c6"/>
      </object_component>
      <object_component id="oc-18">
         <name>.debug_line</name>
         <load_address>0x2107</load_address>
         <run_address>0x2107</run_address>
         <size>0xa9</size>
         <input_file_ref idref="fl-c6"/>
      </object_component>
      <object_component id="oc-2d">
         <name>.debug_line</name>
         <load_address>0x21b0</load_address>
         <run_address>0x21b0</run_address>
         <size>0x3a</size>
         <input_file_ref idref="fl-c6"/>
      </object_component>
      <object_component id="oc-fe">
         <name>.debug_line</name>
         <load_address>0x21ea</load_address>
         <run_address>0x21ea</run_address>
         <size>0x92</size>
         <input_file_ref idref="fl-c6"/>
      </object_component>
      <object_component id="oc-7e">
         <name>.debug_line</name>
         <load_address>0x227c</load_address>
         <run_address>0x227c</run_address>
         <size>0x8e</size>
         <input_file_ref idref="fl-c6"/>
      </object_component>
      <object_component id="oc-7a">
         <name>.debug_line</name>
         <load_address>0x230a</load_address>
         <run_address>0x230a</run_address>
         <size>0x33</size>
         <input_file_ref idref="fl-c7"/>
      </object_component>
      <object_component id="oc-56">
         <name>.debug_line</name>
         <load_address>0x233d</load_address>
         <run_address>0x233d</run_address>
         <size>0x56</size>
         <input_file_ref idref="fl-c7"/>
      </object_component>
[...]
      </symbol>
      <symbol id="sm-2b0">
         <name>halLcdDrawImageLut</name>
         <value>0x23cd</value>
         <object_component_ref idref="oc-af"/>
      </symbol>
      <symbol id="sm-2b1">
         <name>Color_Texto_Inv</name>
         <value>0x200004bc</value>
         <object_component_ref idref="oc-153"/>
      </symbol>
      <symbol id="sm-2b2">
         <name>setArea</name>
         <value>0x1cad</value>
         <object_component_ref idref="oc-af"/>
      </symbol>
      <symbol id="sm-2b3">
         <name>Color_Fondo</name>
         <value>0x200004b6</value>
         <object_component_ref idref="oc-153"/>
      </symbol>
      <symbol id="sm-2b4">
         <name>getLinea</name>
         <value>0x1b97</value>
         <object_component_ref idref="oc-af"/>
      </symbol>
      <symbol id="sm-2b5">
         <name>initLCD</name>
         <value>0x1e0d</value>
         <object_component_ref idref="oc-af"/>
      </symbol>
      <symbol id="sm-2d4">
         <name>writeData</name>
         <value>0x3b11</value>
         <object_component_ref idref="oc-14d"/>
      </symbol>
      <symbol id="sm-2d5">
         <name>writeCommand</name>
         <value>0x3b37</value>
         <object_component_ref idref="oc-14d"/>
      </symbol>
      <symbol id="sm-2d6">
         <name>delay</name>
         <value>0x3b5d</value>
         <object_component_ref idref="oc-14d"/>
      </symbol>
      <symbol id="sm-2d7">
         <name>init_spi_lcd_tactil</name>
         <value>0x3a39</value>
         <object_component_ref idref="oc-14d"/>
      </symbol>
      <symbol id="sm-3a2">
         <name>drawCharLgBkg</name>
         <value>0x5c9</value>
         <object_component_ref idref="oc-156"/>
      </symbol>
      <symbol id="sm-3a3">
         <name>drawPixel</name>
         <value>0x237</value>
         <object_component_ref idref="oc-156"/>
      </symbol>
      <symbol id="sm-3a4">
         <name>drawImageMono</name>
         <value>0x9e3</value>
         <object_component_ref idref="oc-156"/>
      </symbol>
      <symbol id="sm-3a5">
         <name>setColor</name>
         <value>0xe5</value>
         <object_component_ref idref="oc-156"/>
      </symbol>
      <symbol id="sm-3a6">
         <name>bgColorHighByte</name>
         <value>0x200004c1</value>
         <object_component_ref idref="oc-1d4"/>
      </symbol>
      <symbol id="sm-3a7">
         <name>drawCircle</name>
         <value>0xd9b</value>
         <object_component_ref idref="oc-156"/>
      </symbol>
      <symbol id="sm-3a8">
         <name>drawImageLut</name>
         <value>0x8d5</value>
         <object_component_ref idref="oc-156"/>
      </symbol>
      <symbol id="sm-3a9">
         <name>drawImage</name>
         <value>0x8bd</value>
         <object_component_ref idref="oc-156"/>
      </symbol>
      <symbol id="sm-3aa">
         <name>font_11x16</name>
         <value>0x4a00</value>
         <object_component_ref idref="oc-1da"/>
      </symbol>
      <symbol id="sm-3ab">
         <name>drawLine</name>
         <value>0xb41</value>
         <object_component_ref idref="oc-156"/>
      </symbol>
      <symbol id="sm-3ac">
         <name>font_8x12</name>
         <value>0x522a</value>
         <object_component_ref idref="oc-1dd"/>
      </symbol>
      <symbol id="sm-3ad">
         <name>drawCharMd</name>
         <value>0x6ad</value>
         <object_component_ref idref="oc-156"/>
      </symbol>
      <symbol id="sm-3ae">
         <name>drawCharSmBkg</name>
         <value>0x447</value>
         <object_component_ref idref="oc-156"/>
      </symbol>
      <symbol id="sm-3af">
         <name>drawCharLg</name>
         <value>0x521</value>
         <object_component_ref idref="oc-156"/>
      </symbol>
      <symbol id="sm-3b0">
         <name>drawCharSm</name>
         <value>0x3a1</value>
         <object_component_ref idref="oc-156"/>
      </symbol>
      <symbol id="sm-3b1">
         <name>drawLogicLine</name>
         <value>0xa01</value>
         <object_component_ref idref="oc-156"/>
      </symbol>
      <symbol id="sm-3b2">
         <name>setBackgroundColor</name>
         <value>0x103</value>
         <object_component_ref idref="oc-156"/>
      </symbol>
      <symbol id="sm-3b3">
         <name>clearScreenBkg</name>
         <value>0x1af</value>
         <object_component_ref idref="oc-156"/>
      </symbol>
      <symbol id="sm-3b4">
         <name>fillCircle</name>
         <value>0xfb9</value>
         <object_component_ref idref="oc-156"/>
      </symbol>
      <symbol id="sm-3b5">
         <name>fillRect</name>
         <value>0xf1b</value>
         <object_component_ref idref="oc-156"/>
      </symbol>
      <symbol id="sm-3b6">
         <name>drawString</name>
         <value>0x267</value>
         <object_component_ref idref="oc-156"/>
      </symbol>
      <symbol id="sm-3b7">
         <name>clearScreen</name>
         <value>0x121</value>
         <object_component_ref idref="oc-156"/>
      </symbol>
      <symbol id="sm-3b8">
         <name>colorLowByte</name>
         <value>0x200004be</value>
         <object_component_ref idref="oc-1d4"/>
      </symbol>
      <symbol id="sm-3b9">
         <name>drawCharMdBkg</name>
         <value>0x75b</value>
         <object_component_ref idref="oc-156"/>
      </symbol>
      <symbol id="sm-3ba">
         <name>font_5x7</name>
         <value>0x569e</value>
         <object_component_ref idref="oc-1d7"/>
      </symbol>
      <symbol id="sm-3bb">
         <name>drawRect</name>
         <value>0xd37</value>
         <object_component_ref idref="oc-156"/>
      </symbol>
      <symbol id="sm-3bc">
         <name>colorHighByte</name>
         <value>0x200004bf</value>
         <object_component_ref idref="oc-1d4"/>
      </symbol>
      <symbol id="sm-3bd">
         <name>bgColorLowByte</name>
         <value>0x200004c0</value>
         <object_component_ref idref="oc-1d4"/>
      </symbol>
      <symbol id="sm-3d8">
         <name>memcpy</name>
         <value>0x4213</value>
         <object_component_ref idref="oc-34"/>
      </symbol>
      <symbol id="sm-3d9">
         <name>__aeabi_memcpy</name>
         <value>0x4213</value>
         <object_component_ref idref="oc-34"/>
      </symbol>
      <symbol id="sm-3da">
         <name>__aeabi_memcpy8</name>
         <value>0x4213</value>
         <object_component_ref idref="oc-34"/>
      </symbol>
      <symbol id="sm-3db">
         <name>__aeabi_memcpy4</name>
         <value>0x4213</value>
         <object_component_ref idref="oc-34"/>
      </symbol>
      <symbol id="sm-3f2">
         <name>__TI_zero_init</name>
         <value>0x49db</value>
         <object_component_ref idref="oc-46"/>
      </symbol>
      <symbol id="sm-409">
         <name>__TI_decompress_none</name>
         <value>0x49bf</value>
         <object_component_ref idref="oc-1a"/>
      </symbol>
      <symbol id="sm-42c">
         <name>__TI_decompress_lzss</name>
         <value>0x45b3</value>
         <object_component_ref idref="oc-14"/>
      </symbol>
      <symbol id="sm-43f">
         <name>__stack</name>
         <value>0x2000fe00</value>
         <object_component_ref idref="oc-26"/>
      </symbol>
      <symbol id="sm-440">
         <name>_c_int00_noargs</name>
         <value>0x48d5</value>
         <object_component_ref idref="oc-52"/>
      </symbol>
      <symbol id="sm-44b">
         <name>C$$EXIT</name>
         <value>0x49fd</value>
         <object_component_ref idref="oc-10b"/>
      </symbol>
      <symbol id="sm-44c">
         <name>abort</name>
         <value>0x49fd</value>
         <object_component_ref idref="oc-10b"/>
      </symbol>
      <symbol id="sm-475">
         <name>sprintf</name>
         <value>0x4855</value>
         <object_component_ref idref="oc-d0"/>
      </symbol>
      <symbol id="sm-484">
         <name>__aeabi_memset</name>
         <value>0x4453</value>
         <object_component_ref idref="oc-90"/>
      </symbol>
      <symbol id="sm-485">
         <name>memset</name>
         <value>0x4459</value>
         <object_component_ref idref="oc-90"/>
      </symbol>
      <symbol id="sm-486">
         <name>__aeabi_memset8</name>
         <value>0x4453</value>
         <object_component_ref idref="oc-90"/>
      </symbol>
      <symbol id="sm-487">
         <name>__aeabi_memset4</name>
         <value>0x4453</value>
         <object_component_ref idref="oc-90"/>
      </symbol>
      <symbol id="sm-488">
         <name>__aeabi_memclr8</name>
         <value>0x4451</value>
         <object_component_ref idref="oc-90"/>
      </symbol>
      <symbol id="sm-489">
         <name>__aeabi_memclr4</name>
         <value>0x4451</value>
         <object_component_ref idref="oc-90"/>
      </symbol>
      <symbol id="sm-48a">
         <name>__aeabi_memclr</name>
         <value>0x4451</value>
         <object_component_ref idref="oc-90"/>
      </symbol>
      <symbol id="sm-4b2">
         <name>__TI_auto_init_nobinit_nopinit</name>
         <value>0x4811</value>
         <object_component_ref idref="oc-117"/>
      </symbol>
      <symbol id="sm-4bc">
         <name>_system_pre_init</name>
         <value>0x49f9</value>
         <object_component_ref idref="oc-96"/>
      </symbol>
      <symbol id="sm-622">
         <name>__TI_printfi</name>
         <value>0x1131</value>
         <object_component_ref idref="oc-184"/>
      </symbol>
      <symbol id="sm-638">
         <name>atoi</name>
         <value>0x477d</value>
         <object_component_ref idref="oc-1fb"/>
      </symbol>
      <symbol id="sm-643">
         <name>_ctypes_</name>
         <value>0x587e</value>
         <object_component_ref idref="oc-276"/>
      </symbol>
      <symbol id="sm-652">
         <name>ltoa</name>
         <value>0x46d7</value>
         <object_component_ref idref="oc-296"/>
      </symbol>
      <symbol id="sm-662">
         <name>memccpy</name>
         <value>0x493b</value>
         <object_component_ref idref="oc-224"/>
      </symbol>
      <symbol id="sm-672">
         <name>strchr</name>
         <value>0x496f</value>
         <object_component_ref idref="oc-2cd"/>
      </symbol>
      <symbol id="sm-680">
         <name>strlen</name>
         <value>0x4999</value>
         <object_component_ref idref="oc-1f5"/>
      </symbol>
      <symbol id="sm-6a0">
         <name>frexpl</name>
         <value>0x461d</value>
         <object_component_ref idref="oc-2c1"/>
      </symbol>
      <symbol id="sm-6a1">
         <name>frexp</name>
         <value>0x461d</value>
         <object_component_ref idref="oc-2c1"/>
      </symbol>
      <symbol id="sm-6be">
         <name>scalbn</name>
         <value>0x3f55</value>
         <object_component_ref idref="oc-2c7"/>
      </symbol>
      <symbol id="sm-6bf">
         <name>scalbnl</name>
         <value>0x3f55</value>
         <object_component_ref idref="oc-2c7"/>
      </symbol>
      <symbol id="sm-6c0">
         <name>ldexpl</name>
         <value>0x3f55</value>
         <object_component_ref idref="oc-2c7"/>
      </symbol>
      <symbol id="sm-6c1">
         <name>ldexp</name>
         <value>0x3f55</value>
         <object_component_ref idref="oc-2c7"/>
      </symbol>
      <symbol id="sm-6cb">
         <name>copysign</name>
         <value>0x4985</value>
         <object_component_ref idref="oc-329"/>
      </symbol>
      <symbol id="sm-6cc">
         <name>copysignl</name>
         <value>0x4985</value>
         <object_component_ref idref="oc-329"/>
      </symbol>
      <symbol id="sm-6e5">
         <name>wcslen</name>
         <value>0x49ad</value>
         <object_component_ref idref="oc-22a"/>
      </symbol>
      <symbol id="sm-6fc">
         <name>__aeabi_dsub</name>
         <value>0x3881</value>
         <object_component_ref idref="oc-2a1"/>
      </symbol>
      <symbol id="sm-6fd">
         <name>__aeabi_dadd</name>
         <value>0x388b</value>
         <object_component_ref idref="oc-2a1"/>
      </symbol>
      <symbol id="sm-71f">
         <name>__aeabi_cdcmpeq</name>
         <value>0x4345</value>
         <object_component_ref idref="oc-207"/>
      </symbol>
      <symbol id="sm-720">
         <name>__aeabi_cdcmple</name>
         <value>0x4345</value>
         <object_component_ref idref="oc-207"/>
      </symbol>
      <symbol id="sm-721">
         <name>__aeabi_cdrcmple</name>
         <value>0x43cb</value>
         <object_component_ref idref="oc-28c"/>
      </symbol>
      <symbol id="sm-735">
         <name>__aeabi_ddiv</name>
         <value>0x3cfd</value>
         <object_component_ref idref="oc-287"/>
      </symbol>
      <symbol id="sm-740">
         <name>__aeabi_dmul</name>
         <value>0x4065</value>
         <object_component_ref idref="oc-282"/>
      </symbol>
      <symbol id="sm-74a">
         <name>__aeabi_d2iz</name>
         <value>0x47c9</value>
         <object_component_ref idref="oc-291"/>
      </symbol>
      <symbol id="sm-754">
         <name>__aeabi_i2d</name>
         <value>0x490d</value>
         <object_component_ref idref="oc-29c"/>
      </symbol>
      <symbol id="sm-761">
         <name>__aeabi_uldivmod</name>
         <value>0x42af</value>
         <object_component_ref idref="oc-27b"/>
      </symbol>
      <symbol id="sm-777">
         <name>__aeabi_errno_addr</name>
         <value>0x49f1</value>
         <object_component_ref idref="oc-230"/>
      </symbol>
      <symbol id="sm-778">
         <name>errno</name>
         <value>0x200004c4</value>
         <object_component_ref idref="oc-2dd"/>
      </symbol>
      <symbol id="sm-782">
         <name>__aeabi_idiv0</name>
         <value>0x1b8f</value>
         <object_component_ref idref="oc-310"/>
      </symbol>
      <symbol id="sm-783">
         <name>__aeabi_ldiv0</name>
         <value>0x1b8f</value>
         <object_component_ref idref="oc-310"/>
      </symbol>
      <symbol id="sm-784">
         <name>__TI_static_base__</name>
         <value>0x0</value>
      </symbol>
      <symbol id="sm-787">
         <name>__mpu_init</name>
         <value>0x0</value>
      </symbol>
      <symbol id="sm-788">
         <name>_system_post_cinit</name>
         <value>0x0</value>
      </symbol>
      <symbol id="sm-789">
         <name>NMI_Handler</name>
         <value>0x49d9</value>
      </symbol>
      <symbol id="sm-78a">
         <name>HardFault_Handler</name>
         <value>0x49d9</value>
      </symbol>
      <symbol id="sm-78b">
         <name>MemManage_Handler</name>
         <value>0x49d9</value>
      </symbol>
      <symbol id="sm-78c">
         <name>BusFault_Handler</name>
         <value>0x49d9</value>
      </symbol>
      <symbol id="sm-78d">
         <name>UsageFault_Handler</name>
         <value>0x49d9</value>
      </symbol>
      <symbol id="sm-78e">
         <name>SVC_Handler</name>
         <value>0x49d9</value>
      </symbol>
      <symbol id="sm-78f">
         <name>DebugMon_Handler</name>
         <value>0x49d9</value>
      </symbol>
      <symbol id="sm-790">
         <name>PendSV_Handler</name>
         <value>0x49d9</value>
      </symbol>
      <symbol id="sm-791">
         <name>SysTick_Handler</name>
         <value>0x49d9</value>
      </symbol>
      <symbol id="sm-792">
         <name>PSS_IRQHandler</name>
         <value>0x49d9</value>
      </symbol>
      <symbol id="sm-793">
         <name>CS_IRQHandler</name>
         <value>0x49d9</value>
      </symbol>
      <symbol id="sm-794">
         <name>PCM_IRQHandler</name>
         <value>0x49d9</value>
      </symbol>
      <symbol id="sm-795">
         <name>WDT_A_IRQHandler</name>
         <value>0x49d9</value>
      </symbol>
      <symbol id="sm-796">
         <name>FPU_IRQHandler</name>
         <value>0x49d9</value>
      </symbol>
      <symbol id="sm-797">
         <name>FLCTL_IRQHandler</name>
         <value>0x49d9</value>
      </symbol>
      <symbol id="sm-798">
         <name>COMP_E0_IRQHandler</name>
         <value>0x49d9</value>
      </symbol>
      <symbol id="sm-799">
         <name>COMP_E1_IRQHandler</name>
         <value>0x49d9</value>
      </symbol>
      <symbol id="sm-79a">
         <name>TA0_0_IRQHandler</name>
         <value>0x49d9</value>
      </symbol>
      <symbol id="sm-79b">
         <name>TA0_N_IRQHandler</name>
         <value>0x49d9</value>
      </symbol>
      <symbol id="sm-79c">
         <name>TA1_0_IRQHandler</name>
         <value>0x2e71</value>
      </symbol>
      <symbol id="sm-79d">
         <name>TA1_N_IRQHandler</name>
         <value>0x49d9</value>
      </symbol>
      <symbol id="sm-79e">
         <name>TA2_0_IRQHandler</name>
         <value>0x49d9</value>
      </symbol>
      <symbol id="sm-79f">
         <name>TA2_N_IRQHandler</name>
         <value>0x49d9</value>
      </symbol>
      <symbol id="sm-7a0">
         <name>TA3_0_IRQHandler</name>
         <value>0x49d9</value>
      </symbol>
      <symbol id="sm-7a1">
         <name>TA3_N_IRQHandler</name>
         <value>0x49d9</value>
      </symbol>
      <symbol id="sm-7a2">
         <name>EUSCIA0_IRQHandler</name>
         <value>0x49d9</value>
      </symbol>
      <symbol id="sm-7a3">
         <name>EUSCIA1_IRQHandler</name>
         <value>0x49d9</value>
      </symbol>
      <symbol id="sm-7a4">
         <name>EUSCIA2_IRQHandler</name>
         <value>0x2de7</value>
      </symbol>
      <symbol id="sm-7a5">
         <name>EUSCIA3_IRQHandler</name>
         <value>0x49d9</value>
      </symbol>
      <symbol id="sm-7a6">
         <name>EUSCIB0_IRQHandler</name>
         <value>0x49d9</value>
      </symbol>
      <symbol id="sm-7a7">
         <name>EUSCIB1_IRQHandler</name>
         <value>0x49d9</value>
      </symbol>
      <symbol id="sm-7a8">
         <name>EUSCIB2_IRQHandler</name>
         <value>0x49d9</value>
      </symbol>
      <symbol id="sm-7a9">
         <name>EUSCIB3_IRQHandler</name>
         <value>0x49d9</value>
      </symbol>
      <symbol id="sm-7aa">
         <name>ADC14_IRQHandler</name>
         <value>0x49d9</value>
      </symbol>
      <symbol id="sm-7ab">
         <name>T32_INT1_IRQHandler</name>
         <value>0x49d9</value>
      </symbol>
      <symbol id="sm-7ac">
         <name>T32_INT2_IRQHandler</name>
         <value>0x49d9</value>
      </symbol>
      <symbol id="sm-7ad">
         <name>T32_INTC_IRQHandler</name>
         <value>0x49d9</value>
      </symbol>
      <symbol id="sm-7ae">
         <name>AES256_IRQHandler</name>
         <value>0x49d9</value>
      </symbol>
      <symbol id="sm-7af">
         <name>RTC_C_IRQHandler</name>
         <value>0x49d9</value>
      </symbol>
      <symbol id="sm-7b0">
         <name>DMA_ERR_IRQHandler</name>
         <value>0x49d9</value>
      </symbol>
      <symbol id="sm-7b1">
         <name>DMA_INT3_IRQHandler</name>
         <value>0x49d9</value>
      </symbol>
      <symbol id="sm-7b2">
         <name>DMA_INT2_IRQHandler</name>
         <value>0x49d9</value>
      </symbol>
      <symbol id="sm-7b3">
         <name>DMA_INT1_IRQHandler</name>
         <value>0x49d9</value>
      </symbol>
      <symbol id="sm-7b4">
         <name>DMA_INT0_IRQHandler</name>
         <value>0x49d9</value>
      </symbol>
      <symbol id="sm-7b5">
         <name>PORT1_IRQHandler</name>
         <value>0x49d9</value>
      </symbol>
      <symbol id="sm-7b6">
         <name>PORT2_IRQHandler</name>
         <value>0x49d9</value>
      </symbol>
      <symbol id="sm-7b7">
         <name>PORT3_IRQHandler</name>
         <value>0x29b9</value>
      </symbol>
      <symbol id="sm-7b8">
         <name>PORT4_IRQHandler</name>
         <value>0x2a09</value>
      </symbol>
      <symbol id="sm-7b9">
         <name>PORT5_IRQHandler</name>
         <value>0x2a95</value>
      </symbol>
      <symbol id="sm-7ba">
         <name>PORT6_IRQHandler</name>
         <value>0x49d9</value>
      </symbol>
   </symbol_table>
   <title>Link successful</title>
</link_info>
